<html>
<body>
<pre>
<h1>µVision Build Log</h1>
<h2>Tool Versions:</h2>
IDE-Version: ¦ÌVision V5.38.0.0
Copyright (C) 2022 ARM Ltd and ARM Germany GmbH. All rights reserved.
License Information: x x, x, LIC=76F5U-S0BBC-KPQZY-IDU0V-T65JV-XSQ1N
 
Tool Versions:
Toolchain:       MDK-ARM Plus  Version: 5.38.0.0
Toolchain Path:  C:\Keil_v5\ARM\ARMCC\Bin
C Compiler:      Armcc.exe V5.06 update 7 (build 960)
Assembler:       Armasm.exe V5.06 update 7 (build 960)
Linker/Locator:  ArmLink.exe V5.06 update 7 (build 960)
Library Manager: ArmAr.exe V5.06 update 7 (build 960)
Hex Converter:   FromElf.exe V5.06 update 7 (build 960)
CPU DLL:         SARMCM3.DLL V5.38.0.0
Dialog DLL:      DCM.DLL V1.17.5.0
Target DLL:      STLink\ST-LINKIII-KEIL_SWO.dll V3.1.0.0
Dialog DLL:      TCM.DLL V1.56.4.0
 
<h2>Project:</h2>
d:\atguigu\P02_location_gw_hal\MDK-ARM\P02_location_gw_hal.uvprojx
Project File Date:  01/21/2025

<h2>Output:</h2>
*** Using Compiler 'V5.06 update 7 (build 960)', folder: 'C:\Keil_v5\ARM\ARMCC\Bin'
Rebuild target 'P02_location_gw_hal'
assembling startup_stm32f103xe.s...
compiling stm32f1xx_hal_msp.c...
compiling stm32f1xx_hal_gpio.c...
compiling stm32f1xx_hal_rcc_ex.c...
compiling usart.c...
compiling stm32f1xx_it.c...
compiling stm32f1xx_hal_gpio_ex.c...
compiling stm32f1xx_hal.c...
compiling spi.c...
compiling main.c...
compiling gpio.c...
compiling stm32f1xx_hal_dma.c...
compiling stm32f1xx_hal_spi.c...
compiling stm32f1xx_hal_rcc.c...
compiling driver_llcc68.c...
compiling stm32f1xx_hal_cortex.c...
compiling stm32f1xx_hal_exti.c...
compiling stm32f1xx_hal_flash_ex.c...
compiling system_stm32f1xx.c...
compiling stm32f1xx_hal_flash.c...
compiling Int_LoRa.c...
compiling Int_w5500.c...
compiling Com_Debug.c...
compiling stm32f1xx_hal_pwr.c...
compiling Com_Tool.c...
compiling stm32f1xx_hal_uart.c...
compiling driver_llcc68_interface.c...
compiling socket.c...
compiling httpUtil.c...
..\interface\eth\w5500\httpUtil.c(70): warning:  #940-D: missing return statement at end of non-void function "predefined_get_cgi_processor" 
  }
..\interface\eth\w5500\httpUtil.c(75): warning:  #940-D: missing return statement at end of non-void function "predefined_set_cgi_processor" 
  }
..\interface\eth\w5500\httpUtil.c: 2 warnings, 0 errors
compiling wizchip_conf.c...
compiling w5500.c...
compiling dhcp.c...
compiling App_GW.c...
compiling httpServer.c...
compiling dns.c...
compiling httpParser.c...
..\interface\eth\w5500\httpParser.c(223): warning:  #1293-D: assignment in condition
  	if((name = (uint8_t *)strstr(uri, param_name)))
..\interface\eth\w5500\httpParser.c: 1 warning, 0 errors
linking...
Program Size: Code=26168 RO-data=700 RW-data=808 ZI-data=1800  
FromELF: creating hex file...
"P02_location_gw_hal\P02_location_gw_hal.axf" - 0 Error(s), 3 Warning(s).

<h2>Software Packages used:</h2>

Package Vendor: ARM
                http://www.keil.com/pack/ARM.CMSIS.5.9.0.pack
                ARM.CMSIS.5.9.0
                CMSIS (Common Microcontroller Software Interface Standard)
   * Component: CORE Version: 5.6.0

Package Vendor: Keil
                https://www.keil.com/pack/Keil.STM32F1xx_DFP.2.4.1.pack
                Keil.STM32F1xx_DFP.2.4.1
                STMicroelectronics STM32F1 Series Device Support, Drivers and Examples

<h2>Collection of Component include folders:</h2>
  ./RTE/_P02_location_gw_hal
  C:/Users/merge/AppData/Local/Arm/Packs/ARM/CMSIS/5.9.0/CMSIS/Core/Include
  C:/Users/merge/AppData/Local/Arm/Packs/Keil/STM32F1xx_DFP/2.4.1/Device/Include

<h2>Collection of Component Files used:</h2>

   * Component: ARM::CMSIS:CORE:5.6.0
      Include file:  CMSIS/Core/Include/tz_context.h
Build Time Elapsed:  00:00:06
</pre>
</body>
</html>
