Component: ARM Compiler 5.06 update 7 (build 960) Tool: armlink [4d3601]

==============================================================================

Section Cross References

    startup_stm32f103xe.o(RESET) refers to startup_stm32f103xe.o(STACK) for __initial_sp
    startup_stm32f103xe.o(RESET) refers to startup_stm32f103xe.o(.text) for Reset_Handler
    startup_stm32f103xe.o(RESET) refers to stm32f1xx_it.o(i.NMI_Handler) for NMI_Handler
    startup_stm32f103xe.o(RESET) refers to stm32f1xx_it.o(i.HardFault_Handler) for HardFault_Handler
    startup_stm32f103xe.o(RESET) refers to stm32f1xx_it.o(i.MemManage_Handler) for MemManage_Handler
    startup_stm32f103xe.o(RESET) refers to stm32f1xx_it.o(i.BusFault_Handler) for BusFault_Handler
    startup_stm32f103xe.o(RESET) refers to stm32f1xx_it.o(i.UsageFault_Handler) for UsageFault_Handler
    startup_stm32f103xe.o(RESET) refers to stm32f1xx_it.o(i.SVC_Handler) for SVC_Handler
    startup_stm32f103xe.o(RESET) refers to stm32f1xx_it.o(i.DebugMon_Handler) for DebugMon_Handler
    startup_stm32f103xe.o(RESET) refers to stm32f1xx_it.o(i.PendSV_Handler) for PendSV_Handler
    startup_stm32f103xe.o(RESET) refers to stm32f1xx_it.o(i.SysTick_Handler) for SysTick_Handler
    startup_stm32f103xe.o(.text) refers to system_stm32f1xx.o(i.SystemInit) for SystemInit
    startup_stm32f103xe.o(.text) refers to entry.o(.ARM.Collect$$$$00000000) for __main
    main.o(i.SystemClock_Config) refers to memseta.o(.text) for __aeabi_memclr4
    main.o(i.SystemClock_Config) refers to stm32f1xx_hal_rcc.o(i.HAL_RCC_OscConfig) for HAL_RCC_OscConfig
    main.o(i.SystemClock_Config) refers to main.o(i.Error_Handler) for Error_Handler
    main.o(i.SystemClock_Config) refers to stm32f1xx_hal_rcc.o(i.HAL_RCC_ClockConfig) for HAL_RCC_ClockConfig
    main.o(i.main) refers to stm32f1xx_hal.o(i.HAL_Init) for HAL_Init
    main.o(i.main) refers to main.o(i.SystemClock_Config) for SystemClock_Config
    main.o(i.main) refers to gpio.o(i.MX_GPIO_Init) for MX_GPIO_Init
    main.o(i.main) refers to spi.o(i.MX_SPI1_Init) for MX_SPI1_Init
    main.o(i.main) refers to usart.o(i.MX_USART1_UART_Init) for MX_USART1_UART_Init
    main.o(i.main) refers to spi.o(i.MX_SPI2_Init) for MX_SPI2_Init
    main.o(i.main) refers to app_gw.o(i.App_GW_Init) for App_GW_Init
    main.o(i.main) refers to app_gw.o(i.App_GW_Receive_LoRa_Data) for App_GW_Receive_LoRa_Data
    main.o(i.main) refers to stm32f1xx_hal.o(i.HAL_Delay) for HAL_Delay
    gpio.o(i.MX_GPIO_Init) refers to stm32f1xx_hal_gpio.o(i.HAL_GPIO_WritePin) for HAL_GPIO_WritePin
    gpio.o(i.MX_GPIO_Init) refers to stm32f1xx_hal_gpio.o(i.HAL_GPIO_Init) for HAL_GPIO_Init
    spi.o(i.HAL_SPI_MspDeInit) refers to stm32f1xx_hal_gpio.o(i.HAL_GPIO_DeInit) for HAL_GPIO_DeInit
    spi.o(i.HAL_SPI_MspInit) refers to stm32f1xx_hal_gpio.o(i.HAL_GPIO_Init) for HAL_GPIO_Init
    spi.o(i.MX_SPI1_Init) refers to stm32f1xx_hal_spi.o(i.HAL_SPI_Init) for HAL_SPI_Init
    spi.o(i.MX_SPI1_Init) refers to main.o(i.Error_Handler) for Error_Handler
    spi.o(i.MX_SPI1_Init) refers to spi.o(.bss) for hspi1
    spi.o(i.MX_SPI2_Init) refers to stm32f1xx_hal_spi.o(i.HAL_SPI_Init) for HAL_SPI_Init
    spi.o(i.MX_SPI2_Init) refers to main.o(i.Error_Handler) for Error_Handler
    spi.o(i.MX_SPI2_Init) refers to spi.o(.bss) for hspi2
    usart.o(i.HAL_UART_MspDeInit) refers to stm32f1xx_hal_gpio.o(i.HAL_GPIO_DeInit) for HAL_GPIO_DeInit
    usart.o(i.HAL_UART_MspInit) refers to stm32f1xx_hal_gpio.o(i.HAL_GPIO_Init) for HAL_GPIO_Init
    usart.o(i.MX_USART1_UART_Init) refers to stm32f1xx_hal_uart.o(i.HAL_UART_Init) for HAL_UART_Init
    usart.o(i.MX_USART1_UART_Init) refers to main.o(i.Error_Handler) for Error_Handler
    usart.o(i.MX_USART1_UART_Init) refers to usart.o(.bss) for huart1
    stm32f1xx_it.o(i.SysTick_Handler) refers to stm32f1xx_hal.o(i.HAL_IncTick) for HAL_IncTick
    stm32f1xx_hal_spi.o(i.HAL_SPI_Abort) refers to stm32f1xx_hal_dma.o(i.HAL_DMA_Abort) for HAL_DMA_Abort
    stm32f1xx_hal_spi.o(i.HAL_SPI_Abort) refers to system_stm32f1xx.o(.data) for SystemCoreClock
    stm32f1xx_hal_spi.o(i.HAL_SPI_Abort) refers to stm32f1xx_hal_spi.o(i.SPI_AbortTx_ISR) for SPI_AbortTx_ISR
    stm32f1xx_hal_spi.o(i.HAL_SPI_Abort) refers to stm32f1xx_hal_spi.o(i.SPI_AbortRx_ISR) for SPI_AbortRx_ISR
    stm32f1xx_hal_spi.o(i.HAL_SPI_Abort_IT) refers to stm32f1xx_hal_dma.o(i.HAL_DMA_Abort_IT) for HAL_DMA_Abort_IT
    stm32f1xx_hal_spi.o(i.HAL_SPI_Abort_IT) refers to stm32f1xx_hal_spi.o(i.HAL_SPI_AbortCpltCallback) for HAL_SPI_AbortCpltCallback
    stm32f1xx_hal_spi.o(i.HAL_SPI_Abort_IT) refers to system_stm32f1xx.o(.data) for SystemCoreClock
    stm32f1xx_hal_spi.o(i.HAL_SPI_Abort_IT) refers to stm32f1xx_hal_spi.o(i.SPI_AbortTx_ISR) for SPI_AbortTx_ISR
    stm32f1xx_hal_spi.o(i.HAL_SPI_Abort_IT) refers to stm32f1xx_hal_spi.o(i.SPI_AbortRx_ISR) for SPI_AbortRx_ISR
    stm32f1xx_hal_spi.o(i.HAL_SPI_Abort_IT) refers to stm32f1xx_hal_spi.o(i.SPI_DMATxAbortCallback) for SPI_DMATxAbortCallback
[...]
    ..\interface\eth\Int_w5500.c             0x00000000   Number         0  int_w5500.o ABSOLUTE
    ..\interface\eth\socket.c                0x00000000   Number         0  socket.o ABSOLUTE
    ..\interface\eth\w5500\dhcp.c            0x00000000   Number         0  dhcp.o ABSOLUTE
    ..\interface\eth\w5500\dns.c             0x00000000   Number         0  dns.o ABSOLUTE
    ..\interface\eth\w5500\httpParser.c      0x00000000   Number         0  httpparser.o ABSOLUTE
    ..\interface\eth\w5500\httpServer.c      0x00000000   Number         0  httpserver.o ABSOLUTE
    ..\interface\eth\w5500\httpUtil.c        0x00000000   Number         0  httputil.o ABSOLUTE
    ..\interface\eth\w5500\w5500.c           0x00000000   Number         0  w5500.o ABSOLUTE
    ..\interface\eth\wizchip_conf.c          0x00000000   Number         0  wizchip_conf.o ABSOLUTE
    ..\interface\lora\Int_LoRa.c             0x00000000   Number         0  int_lora.o ABSOLUTE
    ..\interface\lora\driver_llcc68.c        0x00000000   Number         0  driver_llcc68.o ABSOLUTE
    ..\interface\lora\driver_llcc68_interface.c 0x00000000   Number         0  driver_llcc68_interface.o ABSOLUTE
    cdrcmple.s                               0x00000000   Number         0  cdrcmple.o ABSOLUTE
    dc.s                                     0x00000000   Number         0  dc.o ABSOLUTE
    handlers.s                               0x00000000   Number         0  handlers.o ABSOLUTE
    init.s                                   0x00000000   Number         0  init.o ABSOLUTE
    startup_stm32f103xe.s                    0x00000000   Number         0  startup_stm32f103xe.o ABSOLUTE
    RESET                                    0x08000000   Section      304  startup_stm32f103xe.o(RESET)
    .ARM.Collect$$$$00000000                 0x08000130   Section        0  entry.o(.ARM.Collect$$$$00000000)
    .ARM.Collect$$$$00000001                 0x08000130   Section        4  entry2.o(.ARM.Collect$$$$00000001)
    .ARM.Collect$$$$00000004                 0x08000134   Section        4  entry5.o(.ARM.Collect$$$$00000004)
    .ARM.Collect$$$$00000008                 0x08000138   Section        0  entry7b.o(.ARM.Collect$$$$00000008)
    .ARM.Collect$$$$0000000A                 0x08000138   Section        0  entry8b.o(.ARM.Collect$$$$0000000A)
    .ARM.Collect$$$$0000000B                 0x08000138   Section        8  entry9a.o(.ARM.Collect$$$$0000000B)
    .ARM.Collect$$$$0000000E                 0x08000140   Section        4  entry12b.o(.ARM.Collect$$$$0000000E)
    .ARM.Collect$$$$0000000F                 0x08000144   Section        0  entry10a.o(.ARM.Collect$$$$0000000F)
    .ARM.Collect$$$$00000011                 0x08000144   Section        0  entry11a.o(.ARM.Collect$$$$00000011)
    .ARM.Collect$$$$00002712                 0x08000144   Section        4  entry2.o(.ARM.Collect$$$$00002712)
    __lit__00000000                          0x08000144   Data           4  entry2.o(.ARM.Collect$$$$00002712)
    .text                                    0x08000148   Section       36  startup_stm32f103xe.o(.text)
    .text                                    0x0800016c   Section        0  llushr.o(.text)
    .text                                    0x0800018c   Section        0  memcpya.o(.text)
    .text                                    0x080001b0   Section        0  memseta.o(.text)
    .text                                    0x080001d4   Section        0  strrchr.o(.text)
    .text                                    0x080001ea   Section        0  fmul.o(.text)
    .text                                    0x0800024e   Section        0  fdiv.o(.text)
    .text                                    0x080002ca   Section        0  dmul.o(.text)
    .text                                    0x080003ae   Section        0  ddiv.o(.text)
    .text                                    0x0800048c   Section        0  ffltui.o(.text)
    .text                                    0x08000496   Section        0  ffixui.o(.text)
    .text                                    0x080004be   Section        0  uidiv.o(.text)
    .text                                    0x080004ea   Section        0  uldiv.o(.text)
    .text                                    0x0800054c   Section        0  iusefp.o(.text)
    .text                                    0x0800054c   Section        0  fepilogue.o(.text)
    .text                                    0x080005ba   Section        0  fadd.o(.text)
    .text                                    0x0800066a   Section        0  fscalb.o(.text)
    .text                                    0x08000682   Section        0  depilogue.o(.text)
    .text                                    0x0800073c   Section        0  dadd.o(.text)
    .text                                    0x0800088a   Section        0  fflti.o(.text)
    .text                                    0x0800089c   Section        0  dfixul.o(.text)
    .text                                    0x080008cc   Section        0  ffixir.o(.text)
    .text                                    0x08000918   Section       48  cdrcmple.o(.text)
    .text                                    0x08000948   Section        0  fpstat.o(.text)
    .text                                    0x0800094c   Section       36  init.o(.text)
    .text                                    0x08000970   Section        0  llshl.o(.text)
    .text                                    0x0800098e   Section        0  llsshr.o(.text)
    .text                                    0x080009b2   Section        0  __dczerorl2.o(.text)
    i.App_GW_Init                            0x08000a08   Section        0  app_gw.o(i.App_GW_Init)
    i.App_GW_Receive_LoRa_Data               0x08000a14   Section        0  app_gw.o(i.App_GW_Receive_LoRa_Data)
    i.BusFault_Handler                       0x08000a4c   Section        0  stm32f1xx_it.o(i.BusFault_Handler)
    i.DebugMon_Handler                       0x08000a50   Section        0  stm32f1xx_it.o(i.DebugMon_Handler)
    i.Error_Handler                          0x08000a52   Section        0  main.o(i.Error_Handler)
    i.HAL_Delay                              0x08000a58   Section        0  stm32f1xx_hal.o(i.HAL_Delay)
    i.HAL_GPIO_DeInit                        0x08000a80   Section        0  stm32f1xx_hal_gpio.o(i.HAL_GPIO_DeInit)
    i.HAL_GPIO_Init                          0x08000bd4   Section        0  stm32f1xx_hal_gpio.o(i.HAL_GPIO_Init)
    i.HAL_GPIO_ReadPin                       0x08000f14   Section        0  stm32f1xx_hal_gpio.o(i.HAL_GPIO_ReadPin)
    i.HAL_GPIO_WritePin                      0x08000f24   Section        0  stm32f1xx_hal_gpio.o(i.HAL_GPIO_WritePin)
    i.HAL_GetTick                            0x08000f30   Section        0  stm32f1xx_hal.o(i.HAL_GetTick)
    i.HAL_IncTick                            0x08000f3c   Section        0  stm32f1xx_hal.o(i.HAL_IncTick)
    i.HAL_Init                               0x08000f54   Section        0  stm32f1xx_hal.o(i.HAL_Init)
    i.HAL_InitTick                           0x08000f7c   Section        0  stm32f1xx_hal.o(i.HAL_InitTick)
    i.HAL_MspInit                            0x08000fc8   Section        0  stm32f1xx_hal_msp.o(i.HAL_MspInit)
    i.HAL_NVIC_SetPriority                   0x0800101c   Section        0  stm32f1xx_hal_cortex.o(i.HAL_NVIC_SetPriority)
    i.HAL_NVIC_SetPriorityGrouping           0x08001098   Section        0  stm32f1xx_hal_cortex.o(i.HAL_NVIC_SetPriorityGrouping)
    i.HAL_RCC_ClockConfig                    0x080010c0   Section        0  stm32f1xx_hal_rcc.o(i.HAL_RCC_ClockConfig)
    i.HAL_RCC_GetHCLKFreq                    0x0800124c   Section        0  stm32f1xx_hal_rcc.o(i.HAL_RCC_GetHCLKFreq)
    i.HAL_RCC_GetPCLK1Freq                   0x08001258   Section        0  stm32f1xx_hal_rcc.o(i.HAL_RCC_GetPCLK1Freq)
    i.HAL_RCC_GetPCLK2Freq                   0x08001278   Section        0  stm32f1xx_hal_rcc.o(i.HAL_RCC_GetPCLK2Freq)
    i.HAL_RCC_GetSysClockFreq                0x08001298   Section        0  stm32f1xx_hal_rcc.o(i.HAL_RCC_GetSysClockFreq)
    i.HAL_RCC_OscConfig                      0x08001308   Section        0  stm32f1xx_hal_rcc.o(i.HAL_RCC_OscConfig)
    i.HAL_SPI_DeInit                         0x0800176c   Section        0  stm32f1xx_hal_spi.o(i.HAL_SPI_DeInit)
    i.HAL_SPI_Init                           0x080017a2   Section        0  stm32f1xx_hal_spi.o(i.HAL_SPI_Init)
    i.HAL_SPI_MspDeInit                      0x08001860   Section        0  spi.o(i.HAL_SPI_MspDeInit)
    i.HAL_SPI_MspInit                        0x080018b8   Section        0  spi.o(i.HAL_SPI_MspInit)
    i.HAL_SPI_Receive                        0x080019b0   Section        0  stm32f1xx_hal_spi.o(i.HAL_SPI_Receive)
    i.HAL_SPI_Transmit                       0x08001b32   Section        0  stm32f1xx_hal_spi.o(i.HAL_SPI_Transmit)
    i.HAL_SPI_TransmitReceive                0x08001cf0   Section        0  stm32f1xx_hal_spi.o(i.HAL_SPI_TransmitReceive)
    i.HAL_SYSTICK_Config                     0x08001f38   Section        0  stm32f1xx_hal_cortex.o(i.HAL_SYSTICK_Config)
    i.HAL_UART_Init                          0x08001f6c   Section        0  stm32f1xx_hal_uart.o(i.HAL_UART_Init)
    i.HAL_UART_MspInit                       0x08001fe4   Section        0  usart.o(i.HAL_UART_MspInit)
    i.HAL_UART_Transmit                      0x0800206c   Section        0  stm32f1xx_hal_uart.o(i.HAL_UART_Transmit)
    i.HardFault_Handler                      0x0800212a   Section        0  stm32f1xx_it.o(i.HardFault_Handler)
    i.Inf_W5500_Reset                        0x08002130   Section        0  int_w5500.o(i.Inf_W5500_Reset)
    i.Int_LoRa_Enter_RX_Mode                 0x08002158   Section        0  int_lora.o(i.Int_LoRa_Enter_RX_Mode)
    i.Int_LoRa_Init                          0x080021f0   Section        0  int_lora.o(i.Int_LoRa_Init)
    i.Int_LoRa_Receive_Data                  0x08002758   Section        0  int_lora.o(i.Int_LoRa_Receive_Data)
    i.Int_W5500_Init                         0x080027b0   Section        0  int_w5500.o(i.Int_W5500_Init)
    i.Int_W5500_Send_Data                    0x080028a4   Section        0  int_w5500.o(i.Int_W5500_Send_Data)
    i.Int_W5500_Start_TCP_Client             0x080028dc   Section        0  int_w5500.o(i.Int_W5500_Start_TCP_Client)
    i.MX_GPIO_Init                           0x08002b6c   Section        0  gpio.o(i.MX_GPIO_Init)
    i.MX_SPI1_Init                           0x08002cb4   Section        0  spi.o(i.MX_SPI1_Init)
    i.MX_SPI2_Init                           0x08002cf8   Section        0  spi.o(i.MX_SPI2_Init)
    i.MX_USART1_UART_Init                    0x08002d3c   Section        0  usart.o(i.MX_USART1_UART_Init)
    i.MemManage_Handler                      0x08002d74   Section        0  stm32f1xx_it.o(i.MemManage_Handler)
    i.NMI_Handler                            0x08002d78   Section        0  stm32f1xx_it.o(i.NMI_Handler)
    i.PendSV_Handler                         0x08002d7c   Section        0  stm32f1xx_it.o(i.PendSV_Handler)
    i.RCC_Delay                              0x08002d80   Section        0  stm32f1xx_hal_rcc.o(i.RCC_Delay)
    RCC_Delay                                0x08002d81   Thumb Code    36  stm32f1xx_hal_rcc.o(i.RCC_Delay)
    i.SPI_EndRxTransaction                   0x08002da8   Section        0  stm32f1xx_hal_spi.o(i.SPI_EndRxTransaction)
    SPI_EndRxTransaction                     0x08002da9   Thumb Code   120  stm32f1xx_hal_spi.o(i.SPI_EndRxTransaction)
    i.SPI_EndRxTxTransaction                 0x08002e20   Section        0  stm32f1xx_hal_spi.o(i.SPI_EndRxTxTransaction)
    SPI_EndRxTxTransaction                   0x08002e21   Thumb Code    68  stm32f1xx_hal_spi.o(i.SPI_EndRxTxTransaction)
    i.SPI_WaitFlagStateUntilTimeout          0x08002e64   Section        0  stm32f1xx_hal_spi.o(i.SPI_WaitFlagStateUntilTimeout)
    SPI_WaitFlagStateUntilTimeout            0x08002e65   Thumb Code   210  stm32f1xx_hal_spi.o(i.SPI_WaitFlagStateUntilTimeout)
    i.SVC_Handler                            0x08002f3c   Section        0  stm32f1xx_it.o(i.SVC_Handler)
    i.SysTick_Handler                        0x08002f3e   Section        0  stm32f1xx_it.o(i.SysTick_Handler)
    i.SystemClock_Config                     0x08002f46   Section        0  main.o(i.SystemClock_Config)
    i.SystemInit                             0x08002fac   Section        0  system_stm32f1xx.o(i.SystemInit)
    i.UART_EndRxTransfer                     0x08002fae   Section        0  stm32f1xx_hal_uart.o(i.UART_EndRxTransfer)
    UART_EndRxTransfer                       0x08002faf   Thumb Code   108  stm32f1xx_hal_uart.o(i.UART_EndRxTransfer)
    i.UART_SetConfig                         0x0800301c   Section        0  stm32f1xx_hal_uart.o(i.UART_SetConfig)
    UART_SetConfig                           0x0800301d   Thumb Code   248  stm32f1xx_hal_uart.o(i.UART_SetConfig)
    i.UART_WaitOnFlagUntilTimeout            0x08003118   Section        0  stm32f1xx_hal_uart.o(i.UART_WaitOnFlagUntilTimeout)
    UART_WaitOnFlagUntilTimeout              0x08003119   Thumb Code   140  stm32f1xx_hal_uart.o(i.UART_WaitOnFlagUntilTimeout)
    i.UsageFault_Handler                     0x080031a4   Section        0  stm32f1xx_it.o(i.UsageFault_Handler)
    i.WIZCHIP_READ                           0x080031a8   Section        0  w5500.o(i.WIZCHIP_READ)
    i.WIZCHIP_READ_BUF                       0x0800321c   Section        0  w5500.o(i.WIZCHIP_READ_BUF)
    i.WIZCHIP_WRITE                          0x080032a8   Section        0  w5500.o(i.WIZCHIP_WRITE)
    i.WIZCHIP_WRITE_BUF                      0x0800331c   Section        0  w5500.o(i.WIZCHIP_WRITE_BUF)
    i.__0printf                              0x080033a4   Section        0  printfa.o(i.__0printf)
    i.__0vprintf                             0x080033c4   Section        0  printfa.o(i.__0vprintf)
    i.__ARM_fpclassifyf                      0x080033d4   Section        0  fpclassifyf.o(i.__ARM_fpclassifyf)
    i.__NVIC_GetPriorityGrouping             0x080033fc   Section        0  stm32f1xx_hal_cortex.o(i.__NVIC_GetPriorityGrouping)
    __NVIC_GetPriorityGrouping               0x080033fd   Thumb Code    10  stm32f1xx_hal_cortex.o(i.__NVIC_GetPriorityGrouping)
    i.__NVIC_SetPriority                     0x0800340c   Section        0  stm32f1xx_hal_cortex.o(i.__NVIC_SetPriority)
    __NVIC_SetPriority                       0x0800340d   Thumb Code    32  stm32f1xx_hal_cortex.o(i.__NVIC_SetPriority)
    i.__mathlib_flt_divzero                  0x08003434   Section        0  funder.o(i.__mathlib_flt_divzero)
    i.__mathlib_flt_infnan2                  0x0800343e   Section        0  funder.o(i.__mathlib_flt_infnan2)
    i.__mathlib_flt_invalid                  0x08003442   Section        0  funder.o(i.__mathlib_flt_invalid)
    i.__mathlib_flt_overflow                 0x0800344a   Section        0  funder.o(i.__mathlib_flt_overflow)
    i.__mathlib_flt_underflow                0x08003454   Section        0  funder.o(i.__mathlib_flt_underflow)
    i.__scatterload_copy                     0x0800345e   Section       14  handlers.o(i.__scatterload_copy)
    i.__scatterload_null                     0x0800346c   Section        2  handlers.o(i.__scatterload_null)
    i.__scatterload_zeroinit                 0x0800346e   Section       14  handlers.o(i.__scatterload_zeroinit)
    i.__set_errno                            0x0800347c   Section        0  errno.o(i.__set_errno)
    i._fp_digits                             0x08003488   Section        0  printfa.o(i._fp_digits)
    _fp_digits                               0x08003489   Thumb Code   366  printfa.o(i._fp_digits)
    i._printf_core                           0x0800360c   Section        0  printfa.o(i._printf_core)
    _printf_core                             0x0800360d   Thumb Code  1704  printfa.o(i._printf_core)
    i._printf_post_padding                   0x08003cc0   Section        0  printfa.o(i._printf_post_padding)
    _printf_post_padding                     0x08003cc1   Thumb Code    36  printfa.o(i._printf_post_padding)
    i._printf_pre_padding                    0x08003ce4   Section        0  printfa.o(i._printf_pre_padding)
    _printf_pre_padding                      0x08003ce5   Thumb Code    46  printfa.o(i._printf_pre_padding)
    i.a_llcc68_check_busy                    0x08003d12   Section        0  driver_llcc68.o(i.a_llcc68_check_busy)
    a_llcc68_check_busy                      0x08003d13   Thumb Code    64  driver_llcc68.o(i.a_llcc68_check_busy)
    i.a_llcc68_spi_read                      0x08003d52   Section        0  driver_llcc68.o(i.a_llcc68_spi_read)
    a_llcc68_spi_read                        0x08003d53   Thumb Code    36  driver_llcc68.o(i.a_llcc68_spi_read)
    i.a_llcc68_spi_read_buffer               0x08003d78   Section        0  driver_llcc68.o(i.a_llcc68_spi_read_buffer)
    a_llcc68_spi_read_buffer                 0x08003d79   Thumb Code    86  driver_llcc68.o(i.a_llcc68_spi_read_buffer)
    i.a_llcc68_spi_read_register             0x08003dec   Section        0  driver_llcc68.o(i.a_llcc68_spi_read_register)
    a_llcc68_spi_read_register               0x08003ded   Thumb Code    94  driver_llcc68.o(i.a_llcc68_spi_read_register)
    i.a_llcc68_spi_write                     0x08003e68   Section        0  driver_llcc68.o(i.a_llcc68_spi_write)
    a_llcc68_spi_write                       0x08003e69   Thumb Code    84  driver_llcc68.o(i.a_llcc68_spi_write)
    i.a_llcc68_spi_write_register            0x08003ed8   Section        0  driver_llcc68.o(i.a_llcc68_spi_write_register)
    a_llcc68_spi_write_register              0x08003ed9   Thumb Code    96  driver_llcc68.o(i.a_llcc68_spi_write_register)
    i.close                                  0x08003f54   Section        0  socket.o(i.close)
    i.connect                                0x08003ff4   Section        0  socket.o(i.connect)
    i.fputc                                  0x08004150   Section        0  com_debug.o(i.fputc)
    i.getSn_TX_FSR                           0x0800416c   Section        0  w5500.o(i.getSn_TX_FSR)
    i.llcc68_clear_device_errors             0x080041d8   Section        0  driver_llcc68.o(i.llcc68_clear_device_errors)
    i.llcc68_clear_irq_status                0x0800426c   Section        0  driver_llcc68.o(i.llcc68_clear_irq_status)
    i.llcc68_continuous_receive              0x08004300   Section        0  driver_llcc68.o(i.llcc68_continuous_receive)
    i.llcc68_deinit                          0x080043e8   Section        0  driver_llcc68.o(i.llcc68_deinit)
    i.llcc68_frequency_convert_to_register   0x08004504   Section        0  driver_llcc68.o(i.llcc68_frequency_convert_to_register)
    i.llcc68_get_iq_polarity                 0x08004570   Section        0  driver_llcc68.o(i.llcc68_get_iq_polarity)
    i.llcc68_get_tx_clamp_config             0x080045f4   Section        0  driver_llcc68.o(i.llcc68_get_tx_clamp_config)
    i.llcc68_get_tx_modulation               0x08004678   Section        0  driver_llcc68.o(i.llcc68_get_tx_modulation)
    i.llcc68_init                            0x080046fc   Section        0  driver_llcc68.o(i.llcc68_init)
    i.llcc68_interface_busy_gpio_deinit      0x08004af4   Section        0  driver_llcc68_interface.o(i.llcc68_interface_busy_gpio_deinit)
    i.llcc68_interface_busy_gpio_init        0x08004af8   Section        0  driver_llcc68_interface.o(i.llcc68_interface_busy_gpio_init)
    i.llcc68_interface_busy_gpio_read        0x08004afc   Section        0  driver_llcc68_interface.o(i.llcc68_interface_busy_gpio_read)
    i.llcc68_interface_debug_print           0x08004b14   Section        0  driver_llcc68_interface.o(i.llcc68_interface_debug_print)
    i.llcc68_interface_delay_ms              0x08004b2e   Section        0  driver_llcc68_interface.o(i.llcc68_interface_delay_ms)
    i.llcc68_interface_receive_callback      0x08004b3c   Section        0  driver_llcc68_interface.o(i.llcc68_interface_receive_callback)
    i.llcc68_interface_reset_gpio_deinit     0x08004d04   Section        0  driver_llcc68_interface.o(i.llcc68_interface_reset_gpio_deinit)
    i.llcc68_interface_reset_gpio_init       0x08004d08   Section        0  driver_llcc68_interface.o(i.llcc68_interface_reset_gpio_init)
    i.llcc68_interface_reset_gpio_write      0x08004d0c   Section        0  driver_llcc68_interface.o(i.llcc68_interface_reset_gpio_write)
    i.llcc68_interface_spi_deinit            0x08004d34   Section        0  driver_llcc68_interface.o(i.llcc68_interface_spi_deinit)
    i.llcc68_interface_spi_init              0x08004d4c   Section        0  driver_llcc68_interface.o(i.llcc68_interface_spi_init)
    i.llcc68_interface_spi_write_read        0x08004d50   Section        0  driver_llcc68_interface.o(i.llcc68_interface_spi_write_read)
    i.llcc68_irq_handler                     0x08004dd0   Section        0  driver_llcc68.o(i.llcc68_irq_handler)
    i.llcc68_reset_stats                     0x080050b4   Section        0  driver_llcc68.o(i.llcc68_reset_stats)
    i.llcc68_set_buffer_base_address         0x08005168   Section        0  driver_llcc68.o(i.llcc68_set_buffer_base_address)
    i.llcc68_set_dio_irq_params              0x08005200   Section        0  driver_llcc68.o(i.llcc68_set_dio_irq_params)
    i.llcc68_set_iq_polarity                 0x080052cc   Section        0  driver_llcc68.o(i.llcc68_set_iq_polarity)
    i.llcc68_set_lora_modulation_params      0x08005350   Section        0  driver_llcc68.o(i.llcc68_set_lora_modulation_params)
    i.llcc68_set_lora_packet_params          0x080053fc   Section        0  driver_llcc68.o(i.llcc68_set_lora_packet_params)
    i.llcc68_set_lora_symb_num_timeout       0x080054b4   Section        0  driver_llcc68.o(i.llcc68_set_lora_symb_num_timeout)
    i.llcc68_set_lora_sync_word              0x08005544   Section        0  driver_llcc68.o(i.llcc68_set_lora_sync_word)
    i.llcc68_set_ocp                         0x080055d4   Section        0  driver_llcc68.o(i.llcc68_set_ocp)
    i.llcc68_set_pa_config                   0x08005658   Section        0  driver_llcc68.o(i.llcc68_set_pa_config)
    i.llcc68_set_packet_type                 0x080056f0   Section        0  driver_llcc68.o(i.llcc68_set_packet_type)
    i.llcc68_set_regulator_mode              0x08005778   Section        0  driver_llcc68.o(i.llcc68_set_regulator_mode)
    i.llcc68_set_rf_frequency                0x08005800   Section        0  driver_llcc68.o(i.llcc68_set_rf_frequency)
    i.llcc68_set_rx_gain                     0x080058a0   Section        0  driver_llcc68.o(i.llcc68_set_rx_gain)
    i.llcc68_set_rx_tx_fallback_mode         0x08005924   Section        0  driver_llcc68.o(i.llcc68_set_rx_tx_fallback_mode)
    i.llcc68_set_standby                     0x080059b4   Section        0  driver_llcc68.o(i.llcc68_set_standby)
    i.llcc68_set_stop_timer_on_preamble      0x08005a38   Section        0  driver_llcc68.o(i.llcc68_set_stop_timer_on_preamble)
    i.llcc68_set_tx_clamp_config             0x08005ac8   Section        0  driver_llcc68.o(i.llcc68_set_tx_clamp_config)
    i.llcc68_set_tx_modulation               0x08005b4c   Section        0  driver_llcc68.o(i.llcc68_set_tx_modulation)
    i.llcc68_set_tx_params                   0x08005bd0   Section        0  driver_llcc68.o(i.llcc68_set_tx_params)
    i.main                                   0x08005c60   Section        0  main.o(i.main)
    i.powf                                   0x08005c8c   Section        0  powf.o(i.powf)
    i.reg_wizchip_cris_cbfunc                0x080062ac   Section        0  wizchip_conf.o(i.reg_wizchip_cris_cbfunc)
    i.reg_wizchip_cs_cbfunc                  0x080062d4   Section        0  wizchip_conf.o(i.reg_wizchip_cs_cbfunc)
    i.reg_wizchip_spi_cbfunc                 0x080062fc   Section        0  wizchip_conf.o(i.reg_wizchip_spi_cbfunc)
    i.send                                   0x08006330   Section        0  socket.o(i.send)
    i.socket                                 0x080064b0   Section        0  socket.o(i.socket)
    i.user_wizchip_reg_func                  0x08006644   Section        0  wizchip_conf.o(i.user_wizchip_reg_func)
    i.wiz_send_data                          0x08006678   Section        0  w5500.o(i.wiz_send_data)
    i.wizchip_bus_readdata                   0x080066fc   Section        0  wizchip_conf.o(i.wizchip_bus_readdata)
    i.wizchip_bus_writedata                  0x08006702   Section        0  wizchip_conf.o(i.wizchip_bus_writedata)
    i.wizchip_cris_enter                     0x08006706   Section        0  wizchip_conf.o(i.wizchip_cris_enter)
    i.wizchip_cris_exit                      0x08006708   Section        0  wizchip_conf.o(i.wizchip_cris_exit)
    i.wizchip_cs_deselect                    0x0800670c   Section        0  wizchip_conf.o(i.wizchip_cs_deselect)
    i.wizchip_cs_select                      0x08006720   Section        0  wizchip_conf.o(i.wizchip_cs_select)
    i.wizchip_spi_readbyte                   0x08006734   Section        0  wizchip_conf.o(i.wizchip_spi_readbyte)
    i.wizchip_spi_writebyte                  0x08006750   Section        0  wizchip_conf.o(i.wizchip_spi_writebyte)
    .constdata                               0x08006768   Section       18  stm32f1xx_hal_rcc.o(.constdata)
    aPLLMULFactorTable                       0x08006768   Data          16  stm32f1xx_hal_rcc.o(.constdata)
    aPredivFactorTable                       0x08006778   Data           2  stm32f1xx_hal_rcc.o(.constdata)
    .constdata                               0x0800677a   Section       24  system_stm32f1xx.o(.constdata)
    .constdata                               0x08006794   Section      320  powf.o(.constdata)
    table                                    0x08006794   Data         128  powf.o(.constdata)
    powersof2to1over16top                    0x08006814   Data          64  powf.o(.constdata)
    powersof2to1over16bot                    0x08006854   Data          64  powf.o(.constdata)
    powersof2to1over16all                    0x08006894   Data          64  powf.o(.constdata)
    .data                                    0x20000000   Section        9  stm32f1xx_hal.o(.data)
    .data                                    0x2000000c   Section        4  system_stm32f1xx.o(.data)
    .data                                    0x20000010   Section      696  int_lora.o(.data)
    .data                                    0x200002c8   Section       22  int_w5500.o(.data)
    .data                                    0x200002de   Section       14  socket.o(.data)
    sock_any_port                            0x200002de   Data           2  socket.o(.data)
    sock_io_mode                             0x200002e0   Data           2  socket.o(.data)
    sock_is_sending                          0x200002e2   Data           2  socket.o(.data)
    .data                                    0x200002ec   Section       49  wizchip_conf.o(.data)
    _DNS_                                    0x20000318   Data           4  wizchip_conf.o(.data)
    _DHCP_                                   0x2000031c   Data           1  wizchip_conf.o(.data)
    .data                                    0x2000031e   Section        2  app_gw.o(.data)
    .data                                    0x20000320   Section        4  stdout.o(.data)
    .data                                    0x20000324   Section        4  errno.o(.data)
    _errno                                   0x20000324   Data           4  errno.o(.data)
    .bss                                     0x20000328   Section      176  spi.o(.bss)
    .bss                                     0x200003d8   Section       72  usart.o(.bss)
    .bss                                     0x20000420   Section       16  socket.o(.bss)
    sock_remained_size                       0x20000420   Data          16  socket.o(.bss)
    .bss                                     0x20000430   Section      512  app_gw.o(.bss)
    STACK                                    0x20000630   Section     1024  startup_stm32f103xe.o(STACK)

    Global Symbols

    Symbol Name                              Value     Ov Type        Size  Object(Section)

    BuildAttributes$$THM_ISAv4$P$D$K$B$S$PE$A:L22UL41UL21$X:L11$S22US41US21$IEEE1$IW$USESV6$~STKCKD$USESV7$~SHL$OTIME$ROPI$IEEEX$EBA8$MICROLIB$REQ8$PRES8$EABIv2 0x00000000   Number         0  anon$$obj.o ABSOLUTE
    __ARM_use_no_argv                        0x00000000   Number         0  main.o ABSOLUTE
    _printf_a                                0x00000000   Number         0  stubs.o ABSOLUTE
    _printf_c                                0x00000000   Number         0  stubs.o ABSOLUTE
    _printf_charcount                        0x00000000   Number         0  stubs.o ABSOLUTE
    _printf_d                                0x00000000   Number         0  stubs.o ABSOLUTE
    _printf_e                                0x00000000   Number         0  stubs.o ABSOLUTE
    _printf_f                                0x00000000   Number         0  stubs.o ABSOLUTE
    _printf_flags                            0x00000000   Number         0  stubs.o ABSOLUTE
    _printf_fp_dec                           0x00000000   Number         0  stubs.o ABSOLUTE
    _printf_fp_hex                           0x00000000   Number         0  stubs.o ABSOLUTE
    _printf_g                                0x00000000   Number         0  stubs.o ABSOLUTE
    _printf_i                                0x00000000   Number         0  stubs.o ABSOLUTE
    _printf_int_dec                          0x00000000   Number         0  stubs.o ABSOLUTE
    _printf_l                                0x00000000   Number         0  stubs.o ABSOLUTE
    _printf_lc                               0x00000000   Number         0  stubs.o ABSOLUTE
    _printf_ll                               0x00000000   Number         0  stubs.o ABSOLUTE
    _printf_lld                              0x00000000   Number         0  stubs.o ABSOLUTE
    _printf_lli                              0x00000000   Number         0  stubs.o ABSOLUTE
    _printf_llo                              0x00000000   Number         0  stubs.o ABSOLUTE
    _printf_llu                              0x00000000   Number         0  stubs.o ABSOLUTE
    _printf_llx                              0x00000000   Number         0  stubs.o ABSOLUTE
    _printf_longlong_dec                     0x00000000   Number         0  stubs.o ABSOLUTE
    _printf_longlong_hex                     0x00000000   Number         0  stubs.o ABSOLUTE
    _printf_longlong_oct                     0x00000000   Number         0  stubs.o ABSOLUTE
    _printf_ls                               0x00000000   Number         0  stubs.o ABSOLUTE
    _printf_mbtowc                           0x00000000   Number         0  stubs.o ABSOLUTE
    _printf_n                                0x00000000   Number         0  stubs.o ABSOLUTE
    _printf_o                                0x00000000   Number         0  stubs.o ABSOLUTE
    _printf_p                                0x00000000   Number         0  stubs.o ABSOLUTE
    _printf_percent                          0x00000000   Number         0  stubs.o ABSOLUTE
    _printf_pre_padding                      0x00000000   Number         0  stubs.o ABSOLUTE
    _printf_return_value                     0x00000000   Number         0  stubs.o ABSOLUTE
    _printf_s                                0x00000000   Number         0  stubs.o ABSOLUTE
    _printf_sizespec                         0x00000000   Number         0  stubs.o ABSOLUTE
    _printf_str                              0x00000000   Number         0  stubs.o ABSOLUTE
    _printf_truncate_signed                  0x00000000   Number         0  stubs.o ABSOLUTE
    _printf_truncate_unsigned                0x00000000   Number         0  stubs.o ABSOLUTE
    _printf_u                                0x00000000   Number         0  stubs.o ABSOLUTE
    _printf_wc                               0x00000000   Number         0  stubs.o ABSOLUTE
    _printf_wctomb                           0x00000000   Number         0  stubs.o ABSOLUTE
    _printf_widthprec                        0x00000000   Number         0  stubs.o ABSOLUTE
    _printf_x                                0x00000000   Number         0  stubs.o ABSOLUTE
    __arm_fini_                               - Undefined Weak Reference
    __cpp_initialize__aeabi_                  - Undefined Weak Reference
    __cxa_finalize                            - Undefined Weak Reference
    _clock_init                               - Undefined Weak Reference
    _microlib_exit                            - Undefined Weak Reference
    __Vectors_Size                           0x00000130   Number         0  startup_stm32f103xe.o ABSOLUTE
    __Vectors                                0x08000000   Data           4  startup_stm32f103xe.o(RESET)
    __Vectors_End                            0x08000130   Data           0  startup_stm32f103xe.o(RESET)
    __main                                   0x08000131   Thumb Code     0  entry.o(.ARM.Collect$$$$00000000)
    _main_stk                                0x08000131   Thumb Code     0  entry2.o(.ARM.Collect$$$$00000001)
    _main_scatterload                        0x08000135   Thumb Code     0  entry5.o(.ARM.Collect$$$$00000004)
    __main_after_scatterload                 0x08000139   Thumb Code     0  entry5.o(.ARM.Collect$$$$00000004)
    _main_clock                              0x08000139   Thumb Code     0  entry7b.o(.ARM.Collect$$$$00000008)
    _main_cpp_init                           0x08000139   Thumb Code     0  entry8b.o(.ARM.Collect$$$$0000000A)
    _main_init                               0x08000139   Thumb Code     0  entry9a.o(.ARM.Collect$$$$0000000B)
    __rt_lib_shutdown_fini                   0x08000141   Thumb Code     0  entry12b.o(.ARM.Collect$$$$0000000E)
    __rt_final_cpp                           0x08000145   Thumb Code     0  entry10a.o(.ARM.Collect$$$$0000000F)
    __rt_final_exit                          0x08000145   Thumb Code     0  entry11a.o(.ARM.Collect$$$$00000011)
    Reset_Handler                            0x08000149   Thumb Code     8  startup_stm32f103xe.o(.text)
    ADC1_2_IRQHandler                        0x08000163   Thumb Code     0  startup_stm32f103xe.o(.text)
    ADC3_IRQHandler                          0x08000163   Thumb Code     0  startup_stm32f103xe.o(.text)
    CAN1_RX1_IRQHandler                      0x08000163   Thumb Code     0  startup_stm32f103xe.o(.text)
    CAN1_SCE_IRQHandler                      0x08000163   Thumb Code     0  startup_stm32f103xe.o(.text)
    DMA1_Channel1_IRQHandler                 0x08000163   Thumb Code     0  startup_stm32f103xe.o(.text)
    DMA1_Channel2_IRQHandler                 0x08000163   Thumb Code     0  startup_stm32f103xe.o(.text)
    DMA1_Channel3_IRQHandler                 0x08000163   Thumb Code     0  startup_stm32f103xe.o(.text)
    DMA1_Channel4_IRQHandler                 0x08000163   Thumb Code     0  startup_stm32f103xe.o(.text)
    DMA1_Channel5_IRQHandler                 0x08000163   Thumb Code     0  startup_stm32f103xe.o(.text)
    DMA1_Channel6_IRQHandler                 0x08000163   Thumb Code     0  startup_stm32f103xe.o(.text)
    DMA1_Channel7_IRQHandler                 0x08000163   Thumb Code     0  startup_stm32f103xe.o(.text)
    DMA2_Channel1_IRQHandler                 0x08000163   Thumb Code     0  startup_stm32f103xe.o(.text)
    DMA2_Channel2_IRQHandler                 0x08000163   Thumb Code     0  startup_stm32f103xe.o(.text)
    DMA2_Channel3_IRQHandler                 0x08000163   Thumb Code     0  startup_stm32f103xe.o(.text)
    DMA2_Channel4_5_IRQHandler               0x08000163   Thumb Code     0  startup_stm32f103xe.o(.text)
    EXTI0_IRQHandler                         0x08000163   Thumb Code     0  startup_stm32f103xe.o(.text)
    EXTI15_10_IRQHandler                     0x08000163   Thumb Code     0  startup_stm32f103xe.o(.text)
    EXTI1_IRQHandler                         0x08000163   Thumb Code     0  startup_stm32f103xe.o(.text)
    EXTI2_IRQHandler                         0x08000163   Thumb Code     0  startup_stm32f103xe.o(.text)
    EXTI3_IRQHandler                         0x08000163   Thumb Code     0  startup_stm32f103xe.o(.text)
    EXTI4_IRQHandler                         0x08000163   Thumb Code     0  startup_stm32f103xe.o(.text)
    EXTI9_5_IRQHandler                       0x08000163   Thumb Code     0  startup_stm32f103xe.o(.text)
    FLASH_IRQHandler                         0x08000163   Thumb Code     0  startup_stm32f103xe.o(.text)
    FSMC_IRQHandler                          0x08000163   Thumb Code     0  startup_stm32f103xe.o(.text)
    I2C1_ER_IRQHandler                       0x08000163   Thumb Code     0  startup_stm32f103xe.o(.text)
    I2C1_EV_IRQHandler                       0x08000163   Thumb Code     0  startup_stm32f103xe.o(.text)
    I2C2_ER_IRQHandler                       0x08000163   Thumb Code     0  startup_stm32f103xe.o(.text)
    I2C2_EV_IRQHandler                       0x08000163   Thumb Code     0  startup_stm32f103xe.o(.text)
    PVD_IRQHandler                           0x08000163   Thumb Code     0  startup_stm32f103xe.o(.text)
    RCC_IRQHandler                           0x08000163   Thumb Code     0  startup_stm32f103xe.o(.text)
    RTC_Alarm_IRQHandler                     0x08000163   Thumb Code     0  startup_stm32f103xe.o(.text)
    RTC_IRQHandler                           0x08000163   Thumb Code     0  startup_stm32f103xe.o(.text)
    SDIO_IRQHandler                          0x08000163   Thumb Code     0  startup_stm32f103xe.o(.text)
    SPI1_IRQHandler                          0x08000163   Thumb Code     0  startup_stm32f103xe.o(.text)
    SPI2_IRQHandler                          0x08000163   Thumb Code     0  startup_stm32f103xe.o(.text)
    SPI3_IRQHandler                          0x08000163   Thumb Code     0  startup_stm32f103xe.o(.text)
    TAMPER_IRQHandler                        0x08000163   Thumb Code     0  startup_stm32f103xe.o(.text)
    TIM1_BRK_IRQHandler                      0x08000163   Thumb Code     0  startup_stm32f103xe.o(.text)
    TIM1_CC_IRQHandler                       0x08000163   Thumb Code     0  startup_stm32f103xe.o(.text)
    TIM1_TRG_COM_IRQHandler                  0x08000163   Thumb Code     0  startup_stm32f103xe.o(.text)
    TIM1_UP_IRQHandler                       0x08000163   Thumb Code     0  startup_stm32f103xe.o(.text)
    TIM2_IRQHandler                          0x08000163   Thumb Code     0  startup_stm32f103xe.o(.text)
    TIM3_IRQHandler                          0x08000163   Thumb Code     0  startup_stm32f103xe.o(.text)
    TIM4_IRQHandler                          0x08000163   Thumb Code     0  startup_stm32f103xe.o(.text)
    TIM5_IRQHandler                          0x08000163   Thumb Code     0  startup_stm32f103xe.o(.text)
    TIM6_IRQHandler                          0x08000163   Thumb Code     0  startup_stm32f103xe.o(.text)
    TIM7_IRQHandler                          0x08000163   Thumb Code     0  startup_stm32f103xe.o(.text)
    TIM8_BRK_IRQHandler                      0x08000163   Thumb Code     0  startup_stm32f103xe.o(.text)
    TIM8_CC_IRQHandler                       0x08000163   Thumb Code     0  startup_stm32f103xe.o(.text)
    TIM8_TRG_COM_IRQHandler                  0x08000163   Thumb Code     0  startup_stm32f103xe.o(.text)
    TIM8_UP_IRQHandler                       0x08000163   Thumb Code     0  startup_stm32f103xe.o(.text)
    UART4_IRQHandler                         0x08000163   Thumb Code     0  startup_stm32f103xe.o(.text)
    UART5_IRQHandler                         0x08000163   Thumb Code     0  startup_stm32f103xe.o(.text)
    USART1_IRQHandler                        0x08000163   Thumb Code     0  startup_stm32f103xe.o(.text)
    USART2_IRQHandler                        0x08000163   Thumb Code     0  startup_stm32f103xe.o(.text)
    USART3_IRQHandler                        0x08000163   Thumb Code     0  startup_stm32f103xe.o(.text)
    USBWakeUp_IRQHandler                     0x08000163   Thumb Code     0  startup_stm32f103xe.o(.text)
    USB_HP_CAN1_TX_IRQHandler                0x08000163   Thumb Code     0  startup_stm32f103xe.o(.text)
    USB_LP_CAN1_RX0_IRQHandler               0x08000163   Thumb Code     0  startup_stm32f103xe.o(.text)
    WWDG_IRQHandler                          0x08000163   Thumb Code     0  startup_stm32f103xe.o(.text)
    __aeabi_llsr                             0x0800016d   Thumb Code    32  llushr.o(.text)
    _ll_ushift_r                             0x0800016d   Thumb Code     0  llushr.o(.text)
    __aeabi_memcpy                           0x0800018d   Thumb Code    36  memcpya.o(.text)
    __aeabi_memcpy4                          0x0800018d   Thumb Code     0  memcpya.o(.text)
    __aeabi_memcpy8                          0x0800018d   Thumb Code     0  memcpya.o(.text)
    __aeabi_memset                           0x080001b1   Thumb Code    14  memseta.o(.text)
    __aeabi_memset4                          0x080001b1   Thumb Code     0  memseta.o(.text)
    __aeabi_memset8                          0x080001b1   Thumb Code     0  memseta.o(.text)
    __aeabi_memclr                           0x080001bf   Thumb Code     4  memseta.o(.text)
    __aeabi_memclr4                          0x080001bf   Thumb Code     0  memseta.o(.text)
    __aeabi_memclr8                          0x080001bf   Thumb Code     0  memseta.o(.text)
    _memset$wrapper                          0x080001c3   Thumb Code    18  memseta.o(.text)
    strrchr                                  0x080001d5   Thumb Code    22  strrchr.o(.text)
    __aeabi_fmul                             0x080001eb   Thumb Code   100  fmul.o(.text)
    __aeabi_fdiv                             0x0800024f   Thumb Code   124  fdiv.o(.text)
    __aeabi_dmul                             0x080002cb   Thumb Code   228  dmul.o(.text)
    __aeabi_ddiv                             0x080003af   Thumb Code   222  ddiv.o(.text)
    __aeabi_ui2f                             0x0800048d   Thumb Code    10  ffltui.o(.text)
    __aeabi_f2uiz                            0x08000497   Thumb Code    40  ffixui.o(.text)
    __aeabi_uidiv                            0x080004bf   Thumb Code     0  uidiv.o(.text)
    __aeabi_uidivmod                         0x080004bf   Thumb Code    44  uidiv.o(.text)
    __aeabi_uldivmod                         0x080004eb   Thumb Code    98  uldiv.o(.text)
    __I$use$fp                               0x0800054d   Thumb Code     0  iusefp.o(.text)
    _float_round                             0x0800054d   Thumb Code    18  fepilogue.o(.text)
    _float_epilogue                          0x0800055f   Thumb Code    92  fepilogue.o(.text)
    __aeabi_fadd                             0x080005bb   Thumb Code   164  fadd.o(.text)
    __aeabi_fsub                             0x0800065f   Thumb Code     6  fadd.o(.text)
    __aeabi_frsub                            0x08000665   Thumb Code     6  fadd.o(.text)
    __ARM_scalbnf                            0x0800066b   Thumb Code    24  fscalb.o(.text)
    scalbnf                                  0x0800066b   Thumb Code     0  fscalb.o(.text)
    _double_round                            0x08000683   Thumb Code    30  depilogue.o(.text)
    _double_epilogue                         0x080006a1   Thumb Code   156  depilogue.o(.text)
    __aeabi_dadd                             0x0800073d   Thumb Code   322  dadd.o(.text)
    __aeabi_dsub                             0x0800087f   Thumb Code     6  dadd.o(.text)
    __aeabi_drsub                            0x08000885   Thumb Code     6  dadd.o(.text)
    __aeabi_i2f                              0x0800088b   Thumb Code    18  fflti.o(.text)
    __aeabi_d2ulz                            0x0800089d   Thumb Code    48  dfixul.o(.text)
    _ffix_r                                  0x080008cd   Thumb Code    76  ffixir.o(.text)
    __aeabi_cdrcmple                         0x08000919   Thumb Code    48  cdrcmple.o(.text)
    __fp_status                              0x08000949   Thumb Code     4  fpstat.o(.text)
    __ieee_status                            0x08000949   Thumb Code     0  fpstat.o(.text)
    __scatterload                            0x0800094d   Thumb Code    28  init.o(.text)
    __scatterload_rt2                        0x0800094d   Thumb Code     0  init.o(.text)
    __aeabi_llsl                             0x08000971   Thumb Code    30  llshl.o(.text)
    _ll_shift_l                              0x08000971   Thumb Code     0  llshl.o(.text)
    __aeabi_lasr                             0x0800098f   Thumb Code    36  llsshr.o(.text)
    _ll_sshift_r                             0x0800098f   Thumb Code     0  llsshr.o(.text)
    __decompress                             0x080009b3   Thumb Code     0  __dczerorl2.o(.text)
    __decompress1                            0x080009b3   Thumb Code    86  __dczerorl2.o(.text)
    App_GW_Init                              0x08000a09   Thumb Code    12  app_gw.o(i.App_GW_Init)
    App_GW_Receive_LoRa_Data                 0x08000a15   Thumb Code    46  app_gw.o(i.App_GW_Receive_LoRa_Data)
    BusFault_Handler                         0x08000a4d   Thumb Code     4  stm32f1xx_it.o(i.BusFault_Handler)
    DebugMon_Handler                         0x08000a51   Thumb Code     2  stm32f1xx_it.o(i.DebugMon_Handler)
    Error_Handler                            0x08000a53   Thumb Code     6  main.o(i.Error_Handler)
    HAL_Delay                                0x08000a59   Thumb Code    36  stm32f1xx_hal.o(i.HAL_Delay)
    HAL_GPIO_DeInit                          0x08000a81   Thumb Code   308  stm32f1xx_hal_gpio.o(i.HAL_GPIO_DeInit)
    HAL_GPIO_Init                            0x08000bd5   Thumb Code   792  stm32f1xx_hal_gpio.o(i.HAL_GPIO_Init)
    HAL_GPIO_ReadPin                         0x08000f15   Thumb Code    16  stm32f1xx_hal_gpio.o(i.HAL_GPIO_ReadPin)
    HAL_GPIO_WritePin                        0x08000f25   Thumb Code    12  stm32f1xx_hal_gpio.o(i.HAL_GPIO_WritePin)
    HAL_GetTick                              0x08000f31   Thumb Code     6  stm32f1xx_hal.o(i.HAL_GetTick)
    HAL_IncTick                              0x08000f3d   Thumb Code    16  stm32f1xx_hal.o(i.HAL_IncTick)
    HAL_Init                                 0x08000f55   Thumb Code    34  stm32f1xx_hal.o(i.HAL_Init)
    HAL_InitTick                             0x08000f7d   Thumb Code    64  stm32f1xx_hal.o(i.HAL_InitTick)
    HAL_MspInit                              0x08000fc9   Thumb Code    76  stm32f1xx_hal_msp.o(i.HAL_MspInit)
    HAL_NVIC_SetPriority                     0x0800101d   Thumb Code   124  stm32f1xx_hal_cortex.o(i.HAL_NVIC_SetPriority)
    HAL_NVIC_SetPriorityGrouping             0x08001099   Thumb Code    32  stm32f1xx_hal_cortex.o(i.HAL_NVIC_SetPriorityGrouping)
    HAL_RCC_ClockConfig                      0x080010c1   Thumb Code   376  stm32f1xx_hal_rcc.o(i.HAL_RCC_ClockConfig)
    HAL_RCC_GetHCLKFreq                      0x0800124d   Thumb Code     6  stm32f1xx_hal_rcc.o(i.HAL_RCC_GetHCLKFreq)
    HAL_RCC_GetPCLK1Freq                     0x08001259   Thumb Code    22  stm32f1xx_hal_rcc.o(i.HAL_RCC_GetPCLK1Freq)
    HAL_RCC_GetPCLK2Freq                     0x08001279   Thumb Code    22  stm32f1xx_hal_rcc.o(i.HAL_RCC_GetPCLK2Freq)
    HAL_RCC_GetSysClockFreq                  0x08001299   Thumb Code    92  stm32f1xx_hal_rcc.o(i.HAL_RCC_GetSysClockFreq)
    HAL_RCC_OscConfig                        0x08001309   Thumb Code  1114  stm32f1xx_hal_rcc.o(i.HAL_RCC_OscConfig)
    HAL_SPI_DeInit                           0x0800176d   Thumb Code    54  stm32f1xx_hal_spi.o(i.HAL_SPI_DeInit)
    HAL_SPI_Init                             0x080017a3   Thumb Code   190  stm32f1xx_hal_spi.o(i.HAL_SPI_Init)
    HAL_SPI_MspDeInit                        0x08001861   Thumb Code    66  spi.o(i.HAL_SPI_MspDeInit)
    HAL_SPI_MspInit                          0x080018b9   Thumb Code   226  spi.o(i.HAL_SPI_MspInit)
    HAL_SPI_Receive                          0x080019b1   Thumb Code   386  stm32f1xx_hal_spi.o(i.HAL_SPI_Receive)
    HAL_SPI_Transmit                         0x08001b33   Thumb Code   446  stm32f1xx_hal_spi.o(i.HAL_SPI_Transmit)
    HAL_SPI_TransmitReceive                  0x08001cf1   Thumb Code   584  stm32f1xx_hal_spi.o(i.HAL_SPI_TransmitReceive)
    HAL_SYSTICK_Config                       0x08001f39   Thumb Code    52  stm32f1xx_hal_cortex.o(i.HAL_SYSTICK_Config)
    HAL_UART_Init                            0x08001f6d   Thumb Code   118  stm32f1xx_hal_uart.o(i.HAL_UART_Init)
    HAL_UART_MspInit                         0x08001fe5   Thumb Code   122  usart.o(i.HAL_UART_MspInit)
    HAL_UART_Transmit                        0x0800206d   Thumb Code   190  stm32f1xx_hal_uart.o(i.HAL_UART_Transmit)
    HardFault_Handler                        0x0800212b   Thumb Code     4  stm32f1xx_it.o(i.HardFault_Handler)
    Inf_W5500_Reset                          0x08002131   Thumb Code    36  int_w5500.o(i.Inf_W5500_Reset)
    Int_LoRa_Enter_RX_Mode                   0x08002159   Thumb Code   144  int_lora.o(i.Int_LoRa_Enter_RX_Mode)
    Int_LoRa_Init                            0x080021f1   Thumb Code   572  int_lora.o(i.Int_LoRa_Init)
    Int_LoRa_Receive_Data                    0x08002759   Thumb Code    80  int_lora.o(i.Int_LoRa_Receive_Data)
    Int_W5500_Init                           0x080027b1   Thumb Code   166  int_w5500.o(i.Int_W5500_Init)
    Int_W5500_Send_Data                      0x080028a5   Thumb Code    54  int_w5500.o(i.Int_W5500_Send_Data)
    Int_W5500_Start_TCP_Client               0x080028dd   Thumb Code   522  int_w5500.o(i.Int_W5500_Start_TCP_Client)
    MX_GPIO_Init                             0x08002b6d   Thumb Code   312  gpio.o(i.MX_GPIO_Init)
    MX_SPI1_Init                             0x08002cb5   Thumb Code    60  spi.o(i.MX_SPI1_Init)
    MX_SPI2_Init                             0x08002cf9   Thumb Code    60  spi.o(i.MX_SPI2_Init)
    MX_USART1_UART_Init                      0x08002d3d   Thumb Code    46  usart.o(i.MX_USART1_UART_Init)
    MemManage_Handler                        0x08002d75   Thumb Code     4  stm32f1xx_it.o(i.MemManage_Handler)
    NMI_Handler                              0x08002d79   Thumb Code     4  stm32f1xx_it.o(i.NMI_Handler)
    PendSV_Handler                           0x08002d7d   Thumb Code     2  stm32f1xx_it.o(i.PendSV_Handler)
    SVC_Handler                              0x08002f3d   Thumb Code     2  stm32f1xx_it.o(i.SVC_Handler)
    SysTick_Handler                          0x08002f3f   Thumb Code     8  stm32f1xx_it.o(i.SysTick_Handler)
    SystemClock_Config                       0x08002f47   Thumb Code   102  main.o(i.SystemClock_Config)
    SystemInit                               0x08002fad   Thumb Code     2  system_stm32f1xx.o(i.SystemInit)
    UsageFault_Handler                       0x080031a5   Thumb Code     4  stm32f1xx_it.o(i.UsageFault_Handler)
    WIZCHIP_READ                             0x080031a9   Thumb Code   112  w5500.o(i.WIZCHIP_READ)
    WIZCHIP_READ_BUF                         0x0800321d   Thumb Code   136  w5500.o(i.WIZCHIP_READ_BUF)
    WIZCHIP_WRITE                            0x080032a9   Thumb Code   112  w5500.o(i.WIZCHIP_WRITE)
    WIZCHIP_WRITE_BUF                        0x0800331d   Thumb Code   132  w5500.o(i.WIZCHIP_WRITE_BUF)
    __0printf                                0x080033a5   Thumb Code    22  printfa.o(i.__0printf)
    __1printf                                0x080033a5   Thumb Code     0  printfa.o(i.__0printf)
    __2printf                                0x080033a5   Thumb Code     0  printfa.o(i.__0printf)
    __c89printf                              0x080033a5   Thumb Code     0  printfa.o(i.__0printf)
    printf                                   0x080033a5   Thumb Code     0  printfa.o(i.__0printf)
    __0vprintf                               0x080033c5   Thumb Code     8  printfa.o(i.__0vprintf)
    __1vprintf                               0x080033c5   Thumb Code     0  printfa.o(i.__0vprintf)
    __2vprintf                               0x080033c5   Thumb Code     0  printfa.o(i.__0vprintf)
    __c89vprintf                             0x080033c5   Thumb Code     0  printfa.o(i.__0vprintf)
    vprintf                                  0x080033c5   Thumb Code     0  printfa.o(i.__0vprintf)
    __ARM_fpclassifyf                        0x080033d5   Thumb Code    38  fpclassifyf.o(i.__ARM_fpclassifyf)
    __mathlib_flt_divzero                    0x08003435   Thumb Code    10  funder.o(i.__mathlib_flt_divzero)
    __mathlib_flt_infnan2                    0x0800343f   Thumb Code     4  funder.o(i.__mathlib_flt_infnan2)
    __mathlib_flt_invalid                    0x08003443   Thumb Code     8  funder.o(i.__mathlib_flt_invalid)
    __mathlib_flt_overflow                   0x0800344b   Thumb Code    10  funder.o(i.__mathlib_flt_overflow)
    __mathlib_flt_underflow                  0x08003455   Thumb Code    10  funder.o(i.__mathlib_flt_underflow)
    __scatterload_copy                       0x0800345f   Thumb Code    14  handlers.o(i.__scatterload_copy)
    __scatterload_null                       0x0800346d   Thumb Code     2  handlers.o(i.__scatterload_null)
    __scatterload_zeroinit                   0x0800346f   Thumb Code    14  handlers.o(i.__scatterload_zeroinit)
    __set_errno                              0x0800347d   Thumb Code     6  errno.o(i.__set_errno)
    close                                    0x08003f55   Thumb Code   142  socket.o(i.close)
    connect                                  0x08003ff5   Thumb Code   342  socket.o(i.connect)
    fputc                                    0x08004151   Thumb Code    22  com_debug.o(i.fputc)
    getSn_TX_FSR                             0x0800416d   Thumb Code   108  w5500.o(i.getSn_TX_FSR)
    llcc68_clear_device_errors               0x080041d9   Thumb Code    82  driver_llcc68.o(i.llcc68_clear_device_errors)
    llcc68_clear_irq_status                  0x0800426d   Thumb Code    86  driver_llcc68.o(i.llcc68_clear_irq_status)
    llcc68_continuous_receive                0x08004301   Thumb Code   148  driver_llcc68.o(i.llcc68_continuous_receive)
    llcc68_deinit                            0x080043e9   Thumb Code   130  driver_llcc68.o(i.llcc68_deinit)
    llcc68_frequency_convert_to_register     0x08004505   Thumb Code    94  driver_llcc68.o(i.llcc68_frequency_convert_to_register)
    llcc68_get_iq_polarity                   0x08004571   Thumb Code    76  driver_llcc68.o(i.llcc68_get_iq_polarity)
    llcc68_get_tx_clamp_config               0x080045f5   Thumb Code    76  driver_llcc68.o(i.llcc68_get_tx_clamp_config)
    llcc68_get_tx_modulation                 0x08004679   Thumb Code    76  driver_llcc68.o(i.llcc68_get_tx_modulation)
    llcc68_init                              0x080046fd   Thumb Code   426  driver_llcc68.o(i.llcc68_init)
    llcc68_interface_busy_gpio_deinit        0x08004af5   Thumb Code     4  driver_llcc68_interface.o(i.llcc68_interface_busy_gpio_deinit)
    llcc68_interface_busy_gpio_init          0x08004af9   Thumb Code     4  driver_llcc68_interface.o(i.llcc68_interface_busy_gpio_init)
    llcc68_interface_busy_gpio_read          0x08004afd   Thumb Code    18  driver_llcc68_interface.o(i.llcc68_interface_busy_gpio_read)
    llcc68_interface_debug_print             0x08004b15   Thumb Code    26  driver_llcc68_interface.o(i.llcc68_interface_debug_print)
    llcc68_interface_delay_ms                0x08004b2f   Thumb Code    12  driver_llcc68_interface.o(i.llcc68_interface_delay_ms)
    llcc68_interface_receive_callback        0x08004b3d   Thumb Code   154  driver_llcc68_interface.o(i.llcc68_interface_receive_callback)
    llcc68_interface_reset_gpio_deinit       0x08004d05   Thumb Code     4  driver_llcc68_interface.o(i.llcc68_interface_reset_gpio_deinit)
    llcc68_interface_reset_gpio_init         0x08004d09   Thumb Code     4  driver_llcc68_interface.o(i.llcc68_interface_reset_gpio_init)
    llcc68_interface_reset_gpio_write        0x08004d0d   Thumb Code    34  driver_llcc68_interface.o(i.llcc68_interface_reset_gpio_write)
    llcc68_interface_spi_deinit              0x08004d35   Thumb Code    20  driver_llcc68_interface.o(i.llcc68_interface_spi_deinit)
    llcc68_interface_spi_init                0x08004d4d   Thumb Code     4  driver_llcc68_interface.o(i.llcc68_interface_spi_init)
    llcc68_interface_spi_write_read          0x08004d51   Thumb Code   120  driver_llcc68_interface.o(i.llcc68_interface_spi_write_read)
    llcc68_irq_handler                       0x08004dd1   Thumb Code   536  driver_llcc68.o(i.llcc68_irq_handler)
    llcc68_reset_stats                       0x080050b5   Thumb Code   122  driver_llcc68.o(i.llcc68_reset_stats)
    llcc68_set_buffer_base_address           0x08005169   Thumb Code    84  driver_llcc68.o(i.llcc68_set_buffer_base_address)
    llcc68_set_dio_irq_params                0x08005201   Thumb Code   142  driver_llcc68.o(i.llcc68_set_dio_irq_params)
    llcc68_set_iq_polarity                   0x080052cd   Thumb Code    74  driver_llcc68.o(i.llcc68_set_iq_polarity)
    llcc68_set_lora_modulation_params        0x08005351   Thumb Code   102  driver_llcc68.o(i.llcc68_set_lora_modulation_params)
    llcc68_set_lora_packet_params            0x080053fd   Thumb Code   114  driver_llcc68.o(i.llcc68_set_lora_packet_params)
    llcc68_set_lora_symb_num_timeout         0x080054b5   Thumb Code    76  driver_llcc68.o(i.llcc68_set_lora_symb_num_timeout)
    llcc68_set_lora_sync_word                0x08005545   Thumb Code    88  driver_llcc68.o(i.llcc68_set_lora_sync_word)
    llcc68_set_ocp                           0x080055d5   Thumb Code    74  driver_llcc68.o(i.llcc68_set_ocp)
    llcc68_set_pa_config                     0x08005659   Thumb Code    96  driver_llcc68.o(i.llcc68_set_pa_config)
    llcc68_set_packet_type                   0x080056f1   Thumb Code    76  driver_llcc68.o(i.llcc68_set_packet_type)
    llcc68_set_regulator_mode                0x08005779   Thumb Code    76  driver_llcc68.o(i.llcc68_set_regulator_mode)
    llcc68_set_rf_frequency                  0x08005801   Thumb Code    98  driver_llcc68.o(i.llcc68_set_rf_frequency)
    llcc68_set_rx_gain                       0x080058a1   Thumb Code    74  driver_llcc68.o(i.llcc68_set_rx_gain)
    llcc68_set_rx_tx_fallback_mode           0x08005925   Thumb Code    76  driver_llcc68.o(i.llcc68_set_rx_tx_fallback_mode)
    llcc68_set_standby                       0x080059b5   Thumb Code    76  driver_llcc68.o(i.llcc68_set_standby)
    llcc68_set_stop_timer_on_preamble        0x08005a39   Thumb Code    76  driver_llcc68.o(i.llcc68_set_stop_timer_on_preamble)
    llcc68_set_tx_clamp_config               0x08005ac9   Thumb Code    74  driver_llcc68.o(i.llcc68_set_tx_clamp_config)
    llcc68_set_tx_modulation                 0x08005b4d   Thumb Code    74  driver_llcc68.o(i.llcc68_set_tx_modulation)
    llcc68_set_tx_params                     0x08005bd1   Thumb Code    86  driver_llcc68.o(i.llcc68_set_tx_params)
    main                                     0x08005c61   Thumb Code    42  main.o(i.main)
    __mathlib_powf                           0x08005c8d   Thumb Code     0  powf.o(i.powf)
    powf                                     0x08005c8d   Thumb Code  1548  powf.o(i.powf)
    reg_wizchip_cris_cbfunc                  0x080062ad   Thumb Code    26  wizchip_conf.o(i.reg_wizchip_cris_cbfunc)
    reg_wizchip_cs_cbfunc                    0x080062d5   Thumb Code    26  wizchip_conf.o(i.reg_wizchip_cs_cbfunc)
    reg_wizchip_spi_cbfunc                   0x080062fd   Thumb Code    40  wizchip_conf.o(i.reg_wizchip_spi_cbfunc)
    send                                     0x08006331   Thumb Code   374  socket.o(i.send)
    socket                                   0x080064b1   Thumb Code   384  socket.o(i.socket)
    user_wizchip_reg_func                    0x08006645   Thumb Code    28  wizchip_conf.o(i.user_wizchip_reg_func)
    wiz_send_data                            0x08006679   Thumb Code   132  w5500.o(i.wiz_send_data)
    wizchip_bus_readdata                     0x080066fd   Thumb Code     6  wizchip_conf.o(i.wizchip_bus_readdata)
    wizchip_bus_writedata                    0x08006703   Thumb Code     4  wizchip_conf.o(i.wizchip_bus_writedata)
    wizchip_cris_enter                       0x08006707   Thumb Code     2  wizchip_conf.o(i.wizchip_cris_enter)
    wizchip_cris_exit                        0x08006709   Thumb Code     2  wizchip_conf.o(i.wizchip_cris_exit)
    wizchip_cs_deselect                      0x0800670d   Thumb Code    14  wizchip_conf.o(i.wizchip_cs_deselect)
    wizchip_cs_select                        0x08006721   Thumb Code    14  wizchip_conf.o(i.wizchip_cs_select)
    wizchip_spi_readbyte                     0x08006735   Thumb Code    22  wizchip_conf.o(i.wizchip_spi_readbyte)
    wizchip_spi_writebyte                    0x08006751   Thumb Code    18  wizchip_conf.o(i.wizchip_spi_writebyte)
    AHBPrescTable                            0x0800677a   Data          16  system_stm32f1xx.o(.constdata)
    APBPrescTable                            0x0800678a   Data           8  system_stm32f1xx.o(.constdata)
    Region$$Table$$Base                      0x080068d4   Number         0  anon$$obj.o(Region$$Table)
    Region$$Table$$Limit                     0x080068f4   Number         0  anon$$obj.o(Region$$Table)
    uwTick                                   0x20000000   Data           4  stm32f1xx_hal.o(.data)
    uwTickPrio                               0x20000004   Data           4  stm32f1xx_hal.o(.data)
    uwTickFreq                               0x20000008   Data           1  stm32f1xx_hal.o(.data)
    SystemCoreClock                          0x2000000c   Data           4  system_stm32f1xx.o(.data)
    gs_handle                                0x20000010   Data         696  int_lora.o(.data)
    ip                                       0x200002c8   Data           4  int_w5500.o(.data)
    ga                                       0x200002cc   Data           4  int_w5500.o(.data)
    sub                                      0x200002d0   Data           4  int_w5500.o(.data)
    mac                                      0x200002d4   Data           6  int_w5500.o(.data)
    SERVER_IP                                0x200002da   Data           4  int_w5500.o(.data)
    sock_pack_info                           0x200002e4   Data           8  socket.o(.data)
    WIZCHIP                                  0x200002ec   Data          44  wizchip_conf.o(.data)
    lora_data_len                            0x2000031e   Data           2  app_gw.o(.data)
    __stdout                                 0x20000320   Data           4  stdout.o(.data)
    hspi1                                    0x20000328   Data          88  spi.o(.bss)
    hspi2                                    0x20000380   Data          88  spi.o(.bss)
    huart1                                   0x200003d8   Data          72  usart.o(.bss)
    lora_data_full_buff                      0x20000430   Data         512  app_gw.o(.bss)
    __initial_sp                             0x20000a30   Data           0  startup_stm32f103xe.o(STACK)



==============================================================================

Memory Map of the image

  Image Entry point : 0x08000131

  Load Region LR_IROM1 (Base: 0x08000000, Size: 0x00006c1c, Max: 0x00080000, ABSOLUTE, COMPRESSED[0x00006960])

    Execution Region ER_IROM1 (Exec base: 0x08000000, Load base: 0x08000000, Size: 0x000068f4, Max: 0x00080000, ABSOLUTE)

    Exec Addr    Load Addr    Size         Type   Attr      Idx    E Section Name        Object

    0x08000000   0x08000000   0x00000130   Data   RO            3    RESET               startup_stm32f103xe.o
    0x08000130   0x08000130   0x00000000   Code   RO         4120  * .ARM.Collect$$$$00000000  mc_w.l(entry.o)
    0x08000130   0x08000130   0x00000004   Code   RO         4474    .ARM.Collect$$$$00000001  mc_w.l(entry2.o)
    0x08000134   0x08000134   0x00000004   Code   RO         4477    .ARM.Collect$$$$00000004  mc_w.l(entry5.o)
    0x08000138   0x08000138   0x00000000   Code   RO         4479    .ARM.Collect$$$$00000008  mc_w.l(entry7b.o)
    0x08000138   0x08000138   0x00000000   Code   RO         4481    .ARM.Collect$$$$0000000A  mc_w.l(entry8b.o)
    0x08000138   0x08000138   0x00000008   Code   RO         4482    .ARM.Collect$$$$0000000B  mc_w.l(entry9a.o)
    0x08000140   0x08000140   0x00000004   Code   RO         4489    .ARM.Collect$$$$0000000E  mc_w.l(entry12b.o)
    0x08000144   0x08000144   0x00000000   Code   RO         4484    .ARM.Collect$$$$0000000F  mc_w.l(entry10a.o)
    0x08000144   0x08000144   0x00000000   Code   RO         4486    .ARM.Collect$$$$00000011  mc_w.l(entry11a.o)
    0x08000144   0x08000144   0x00000004   Code   RO         4475    .ARM.Collect$$$$00002712  mc_w.l(entry2.o)
    0x08000148   0x08000148   0x00000024   Code   RO            4    .text               startup_stm32f103xe.o
    0x0800016c   0x0800016c   0x00000020   Code   RO         4123    .text               mc_w.l(llushr.o)
    0x0800018c   0x0800018c   0x00000024   Code   RO         4125    .text               mc_w.l(memcpya.o)
    0x080001b0   0x080001b0   0x00000024   Code   RO         4127    .text               mc_w.l(memseta.o)
    0x080001d4   0x080001d4   0x00000016   Code   RO         4149    .text               mc_w.l(strrchr.o)
    0x080001ea   0x080001ea   0x00000064   Code   RO         4442    .text               mf_w.l(fmul.o)
    0x0800024e   0x0800024e   0x0000007c   Code   RO         4444    .text               mf_w.l(fdiv.o)
    0x080002ca   0x080002ca   0x000000e4   Code   RO         4446    .text               mf_w.l(dmul.o)
    0x080003ae   0x080003ae   0x000000de   Code   RO         4448    .text               mf_w.l(ddiv.o)
    0x0800048c   0x0800048c   0x0000000a   Code   RO         4450    .text               mf_w.l(ffltui.o)
    0x08000496   0x08000496   0x00000028   Code   RO         4454    .text               mf_w.l(ffixui.o)
    0x080004be   0x080004be   0x0000002c   Code   RO         4491    .text               mc_w.l(uidiv.o)
    0x080004ea   0x080004ea   0x00000062   Code   RO         4493    .text               mc_w.l(uldiv.o)
    0x0800054c   0x0800054c   0x00000000   Code   RO         4504    .text               mc_w.l(iusefp.o)
    0x0800054c   0x0800054c   0x0000006e   Code   RO         4505    .text               mf_w.l(fepilogue.o)
    0x080005ba   0x080005ba   0x000000b0   Code   RO         4507    .text               mf_w.l(fadd.o)
    0x0800066a   0x0800066a   0x00000018   Code   RO         4509    .text               mf_w.l(fscalb.o)
    0x08000682   0x08000682   0x000000ba   Code   RO         4511    .text               mf_w.l(depilogue.o)
    0x0800073c   0x0800073c   0x0000014e   Code   RO         4513    .text               mf_w.l(dadd.o)
    0x0800088a   0x0800088a   0x00000012   Code   RO         4515    .text               mf_w.l(fflti.o)
    0x0800089c   0x0800089c   0x00000030   Code   RO         4517    .text               mf_w.l(dfixul.o)
    0x080008cc   0x080008cc   0x0000004c   Code   RO         4519    .text               mf_w.l(ffixir.o)
    0x08000918   0x08000918   0x00000030   Code   RO         4521    .text               mf_w.l(cdrcmple.o)
    0x08000948   0x08000948   0x00000004   Code   RO         4523    .text               mf_w.l(fpstat.o)
    0x0800094c   0x0800094c   0x00000024   Code   RO         4525    .text               mc_w.l(init.o)
    0x08000970   0x08000970   0x0000001e   Code   RO         4527    .text               mc_w.l(llshl.o)
    0x0800098e   0x0800098e   0x00000024   Code   RO         4529    .text               mc_w.l(llsshr.o)
    0x080009b2   0x080009b2   0x00000056   Code   RO         4539    .text               mc_w.l(__dczerorl2.o)
    0x08000a08   0x08000a08   0x0000000c   Code   RO         4079    i.App_GW_Init       app_gw.o
    0x08000a14   0x08000a14   0x00000038   Code   RO         4080    i.App_GW_Receive_LoRa_Data  app_gw.o
    0x08000a4c   0x08000a4c   0x00000004   Code   RO          300    i.BusFault_Handler  stm32f1xx_it.o
    0x08000a50   0x08000a50   0x00000002   Code   RO          301    i.DebugMon_Handler  stm32f1xx_it.o
    0x08000a52   0x08000a52   0x00000006   Code   RO           13    i.Error_Handler     main.o
    0x08000a58   0x08000a58   0x00000028   Code   RO          764    i.HAL_Delay         stm32f1xx_hal.o
    0x08000a80   0x08000a80   0x00000154   Code   RO         1076    i.HAL_GPIO_DeInit   stm32f1xx_hal_gpio.o
    0x08000bd4   0x08000bd4   0x00000340   Code   RO         1079    i.HAL_GPIO_Init     stm32f1xx_hal_gpio.o
    0x08000f14   0x08000f14   0x00000010   Code   RO         1081    i.HAL_GPIO_ReadPin  stm32f1xx_hal_gpio.o
    0x08000f24   0x08000f24   0x0000000c   Code   RO         1083    i.HAL_GPIO_WritePin  stm32f1xx_hal_gpio.o
    0x08000f30   0x08000f30   0x0000000c   Code   RO          768    i.HAL_GetTick       stm32f1xx_hal.o
    0x08000f3c   0x08000f3c   0x00000018   Code   RO          774    i.HAL_IncTick       stm32f1xx_hal.o
    0x08000f54   0x08000f54   0x00000028   Code   RO          775    i.HAL_Init          stm32f1xx_hal.o
    0x08000f7c   0x08000f7c   0x0000004c   Code   RO          776    i.HAL_InitTick      stm32f1xx_hal.o
    0x08000fc8   0x08000fc8   0x00000054   Code   RO          375    i.HAL_MspInit       stm32f1xx_hal_msp.o
    0x0800101c   0x0800101c   0x0000007c   Code   RO         1245    i.HAL_NVIC_SetPriority  stm32f1xx_hal_cortex.o
    0x08001098   0x08001098   0x00000028   Code   RO         1246    i.HAL_NVIC_SetPriorityGrouping  stm32f1xx_hal_cortex.o
    0x080010c0   0x080010c0   0x0000018c   Code   RO          932    i.HAL_RCC_ClockConfig  stm32f1xx_hal_rcc.o
    0x0800124c   0x0800124c   0x0000000c   Code   RO          937    i.HAL_RCC_GetHCLKFreq  stm32f1xx_hal_rcc.o
    0x08001258   0x08001258   0x00000020   Code   RO          939    i.HAL_RCC_GetPCLK1Freq  stm32f1xx_hal_rcc.o
    0x08001278   0x08001278   0x00000020   Code   RO          940    i.HAL_RCC_GetPCLK2Freq  stm32f1xx_hal_rcc.o
    0x08001298   0x08001298   0x00000070   Code   RO          941    i.HAL_RCC_GetSysClockFreq  stm32f1xx_hal_rcc.o
    0x08001308   0x08001308   0x00000464   Code   RO          944    i.HAL_RCC_OscConfig  stm32f1xx_hal_rcc.o
    0x0800176c   0x0800176c   0x00000036   Code   RO          441    i.HAL_SPI_DeInit    stm32f1xx_hal_spi.o
    0x080017a2   0x080017a2   0x000000be   Code   RO          446    i.HAL_SPI_Init      stm32f1xx_hal_spi.o
    0x08001860   0x08001860   0x00000058   Code   RO          210    i.HAL_SPI_MspDeInit  spi.o
    0x080018b8   0x080018b8   0x000000f8   Code   RO          211    i.HAL_SPI_MspInit   spi.o
    0x080019b0   0x080019b0   0x00000182   Code   RO          449    i.HAL_SPI_Receive   stm32f1xx_hal_spi.o
    0x08001b32   0x08001b32   0x000001be   Code   RO          454    i.HAL_SPI_Transmit  stm32f1xx_hal_spi.o
    0x08001cf0   0x08001cf0   0x00000248   Code   RO          455    i.HAL_SPI_TransmitReceive  stm32f1xx_hal_spi.o
    0x08001f38   0x08001f38   0x00000034   Code   RO         1250    i.HAL_SYSTICK_Config  stm32f1xx_hal_cortex.o
    0x08001f6c   0x08001f6c   0x00000076   Code   RO         1795    i.HAL_UART_Init     stm32f1xx_hal_uart.o
    0x08001fe2   0x08001fe2   0x00000002   PAD
    0x08001fe4   0x08001fe4   0x00000088   Code   RO          259    i.HAL_UART_MspInit  usart.o
    0x0800206c   0x0800206c   0x000000be   Code   RO         1803    i.HAL_UART_Transmit  stm32f1xx_hal_uart.o
    0x0800212a   0x0800212a   0x00000004   Code   RO          302    i.HardFault_Handler  stm32f1xx_it.o
    0x0800212e   0x0800212e   0x00000002   PAD
    0x08002130   0x08002130   0x00000028   Code   RO         3093    i.Inf_W5500_Reset   int_w5500.o
    0x08002158   0x08002158   0x00000098   Code   RO         3035    i.Int_LoRa_Enter_RX_Mode  int_lora.o
    0x080021f0   0x080021f0   0x00000568   Code   RO         3037    i.Int_LoRa_Init     int_lora.o
    0x08002758   0x08002758   0x00000058   Code   RO         3038    i.Int_LoRa_Receive_Data  int_lora.o
    0x080027b0   0x080027b0   0x000000f4   Code   RO         3094    i.Int_W5500_Init    int_w5500.o
    0x080028a4   0x080028a4   0x00000036   Code   RO         3095    i.Int_W5500_Send_Data  int_w5500.o
    0x080028da   0x080028da   0x00000002   PAD
    0x080028dc   0x080028dc   0x00000290   Code   RO         3096    i.Int_W5500_Start_TCP_Client  int_w5500.o
    0x08002b6c   0x08002b6c   0x00000148   Code   RO          186    i.MX_GPIO_Init      gpio.o
    0x08002cb4   0x08002cb4   0x00000044   Code   RO          212    i.MX_SPI1_Init      spi.o
    0x08002cf8   0x08002cf8   0x00000044   Code   RO          213    i.MX_SPI2_Init      spi.o
    0x08002d3c   0x08002d3c   0x00000038   Code   RO          260    i.MX_USART1_UART_Init  usart.o
    0x08002d74   0x08002d74   0x00000004   Code   RO          303    i.MemManage_Handler  stm32f1xx_it.o
    0x08002d78   0x08002d78   0x00000004   Code   RO          304    i.NMI_Handler       stm32f1xx_it.o
    0x08002d7c   0x08002d7c   0x00000002   Code   RO          305    i.PendSV_Handler    stm32f1xx_it.o
    0x08002d7e   0x08002d7e   0x00000002   PAD
    0x08002d80   0x08002d80   0x00000028   Code   RO          945    i.RCC_Delay         stm32f1xx_hal_rcc.o
    0x08002da8   0x08002da8   0x00000078   Code   RO          483    i.SPI_EndRxTransaction  stm32f1xx_hal_spi.o
    0x08002e20   0x08002e20   0x00000044   Code   RO          484    i.SPI_EndRxTxTransaction  stm32f1xx_hal_spi.o
    0x08002e64   0x08002e64   0x000000d8   Code   RO          489    i.SPI_WaitFlagStateUntilTimeout  stm32f1xx_hal_spi.o
    0x08002f3c   0x08002f3c   0x00000002   Code   RO          306    i.SVC_Handler       stm32f1xx_it.o
    0x08002f3e   0x08002f3e   0x00000008   Code   RO          307    i.SysTick_Handler   stm32f1xx_it.o
    0x08002f46   0x08002f46   0x00000066   Code   RO           14    i.SystemClock_Config  main.o
    0x08002fac   0x08002fac   0x00000002   Code   RO         2139    i.SystemInit        system_stm32f1xx.o
    0x08002fae   0x08002fae   0x0000006c   Code   RO         1818    i.UART_EndRxTransfer  stm32f1xx_hal_uart.o
    0x0800301a   0x0800301a   0x00000002   PAD
    0x0800301c   0x0800301c   0x000000fc   Code   RO         1822    i.UART_SetConfig    stm32f1xx_hal_uart.o
    0x08003118   0x08003118   0x0000008c   Code   RO         1826    i.UART_WaitOnFlagUntilTimeout  stm32f1xx_hal_uart.o
    0x080031a4   0x080031a4   0x00000004   Code   RO          308    i.UsageFault_Handler  stm32f1xx_it.o
    0x080031a8   0x080031a8   0x00000074   Code   RO         4007    i.WIZCHIP_READ      w5500.o
    0x0800321c   0x0800321c   0x0000008c   Code   RO         4008    i.WIZCHIP_READ_BUF  w5500.o
    0x080032a8   0x080032a8   0x00000074   Code   RO         4009    i.WIZCHIP_WRITE     w5500.o
    0x0800331c   0x0800331c   0x00000088   Code   RO         4010    i.WIZCHIP_WRITE_BUF  w5500.o
    0x080033a4   0x080033a4   0x00000020   Code   RO         4386    i.__0printf         mc_w.l(printfa.o)
    0x080033c4   0x080033c4   0x00000010   Code   RO         4390    i.__0vprintf        mc_w.l(printfa.o)
    0x080033d4   0x080033d4   0x00000026   Code   RO         4458    i.__ARM_fpclassifyf  m_ws.l(fpclassifyf.o)
    0x080033fa   0x080033fa   0x00000002   PAD
    0x080033fc   0x080033fc   0x00000010   Code   RO         1252    i.__NVIC_GetPriorityGrouping  stm32f1xx_hal_cortex.o
    0x0800340c   0x0800340c   0x00000028   Code   RO         1253    i.__NVIC_SetPriority  stm32f1xx_hal_cortex.o
    0x08003434   0x08003434   0x0000000a   Code   RO         4460    i.__mathlib_flt_divzero  m_ws.l(funder.o)
    0x0800343e   0x0800343e   0x00000004   Code   RO         4462    i.__mathlib_flt_infnan2  m_ws.l(funder.o)
    0x08003442   0x08003442   0x00000008   Code   RO         4463    i.__mathlib_flt_invalid  m_ws.l(funder.o)
    0x0800344a   0x0800344a   0x0000000a   Code   RO         4464    i.__mathlib_flt_overflow  m_ws.l(funder.o)
    0x08003454   0x08003454   0x0000000a   Code   RO         4466    i.__mathlib_flt_underflow  m_ws.l(funder.o)
    0x0800345e   0x0800345e   0x0000000e   Code   RO         4533    i.__scatterload_copy  mc_w.l(handlers.o)
    0x0800346c   0x0800346c   0x00000002   Code   RO         4534    i.__scatterload_null  mc_w.l(handlers.o)
    0x0800346e   0x0800346e   0x0000000e   Code   RO         4535    i.__scatterload_zeroinit  mc_w.l(handlers.o)
    0x0800347c   0x0800347c   0x0000000c   Code   RO         4499    i.__set_errno       mc_w.l(errno.o)
    0x08003488   0x08003488   0x00000184   Code   RO         4393    i._fp_digits        mc_w.l(printfa.o)
    0x0800360c   0x0800360c   0x000006b4   Code   RO         4394    i._printf_core      mc_w.l(printfa.o)
    0x08003cc0   0x08003cc0   0x00000024   Code   RO         4395    i._printf_post_padding  mc_w.l(printfa.o)
    0x08003ce4   0x08003ce4   0x0000002e   Code   RO         4396    i._printf_pre_padding  mc_w.l(printfa.o)
    0x08003d12   0x08003d12   0x00000040   Code   RO         2244    i.a_llcc68_check_busy  driver_llcc68.o
    0x08003d52   0x08003d52   0x00000024   Code   RO         2245    i.a_llcc68_spi_read  driver_llcc68.o
    0x08003d76   0x08003d76   0x00000002   PAD
    0x08003d78   0x08003d78   0x00000074   Code   RO         2246    i.a_llcc68_spi_read_buffer  driver_llcc68.o
    0x08003dec   0x08003dec   0x0000007c   Code   RO         2247    i.a_llcc68_spi_read_register  driver_llcc68.o
    0x08003e68   0x08003e68   0x00000070   Code   RO         2248    i.a_llcc68_spi_write  driver_llcc68.o
    0x08003ed8   0x08003ed8   0x0000007c   Code   RO         2250    i.a_llcc68_spi_write_register  driver_llcc68.o
    0x08003f54   0x08003f54   0x000000a0   Code   RO         3138    i.close             socket.o
    0x08003ff4   0x08003ff4   0x0000015c   Code   RO         3139    i.connect           socket.o
    0x08004150   0x08004150   0x0000001c   Code   RO         2176    i.fputc             com_debug.o
    0x0800416c   0x0800416c   0x0000006c   Code   RO         4012    i.getSn_TX_FSR      w5500.o
    0x080041d8   0x080041d8   0x00000094   Code   RO         2252    i.llcc68_clear_device_errors  driver_llcc68.o
    0x0800426c   0x0800426c   0x00000094   Code   RO         2253    i.llcc68_clear_irq_status  driver_llcc68.o
    0x08004300   0x08004300   0x000000e8   Code   RO         2254    i.llcc68_continuous_receive  driver_llcc68.o
    0x080043e8   0x080043e8   0x0000011c   Code   RO         2255    i.llcc68_deinit     driver_llcc68.o
    0x08004504   0x08004504   0x0000006c   Code   RO         2257    i.llcc68_frequency_convert_to_register  driver_llcc68.o
    0x08004570   0x08004570   0x00000084   Code   RO         2271    i.llcc68_get_iq_polarity  driver_llcc68.o
    0x080045f4   0x080045f4   0x00000084   Code   RO         2285    i.llcc68_get_tx_clamp_config  driver_llcc68.o
    0x08004678   0x08004678   0x00000084   Code   RO         2286    i.llcc68_get_tx_modulation  driver_llcc68.o
    0x080046fc   0x080046fc   0x000003f8   Code   RO         2294    i.llcc68_init       driver_llcc68.o
    0x08004af4   0x08004af4   0x00000004   Code   RO         2932    i.llcc68_interface_busy_gpio_deinit  driver_llcc68_interface.o
    0x08004af8   0x08004af8   0x00000004   Code   RO         2933    i.llcc68_interface_busy_gpio_init  driver_llcc68_interface.o
    0x08004afc   0x08004afc   0x00000018   Code   RO         2934    i.llcc68_interface_busy_gpio_read  driver_llcc68_interface.o
    0x08004b14   0x08004b14   0x0000001a   Code   RO         2935    i.llcc68_interface_debug_print  driver_llcc68_interface.o
    0x08004b2e   0x08004b2e   0x0000000c   Code   RO         2936    i.llcc68_interface_delay_ms  driver_llcc68_interface.o
    0x08004b3a   0x08004b3a   0x00000002   PAD
    0x08004b3c   0x08004b3c   0x000001c8   Code   RO         2937    i.llcc68_interface_receive_callback  driver_llcc68_interface.o
    0x08004d04   0x08004d04   0x00000004   Code   RO         2938    i.llcc68_interface_reset_gpio_deinit  driver_llcc68_interface.o
    0x08004d08   0x08004d08   0x00000004   Code   RO         2939    i.llcc68_interface_reset_gpio_init  driver_llcc68_interface.o
    0x08004d0c   0x08004d0c   0x00000028   Code   RO         2940    i.llcc68_interface_reset_gpio_write  driver_llcc68_interface.o
    0x08004d34   0x08004d34   0x00000018   Code   RO         2941    i.llcc68_interface_spi_deinit  driver_llcc68_interface.o
    0x08004d4c   0x08004d4c   0x00000004   Code   RO         2942    i.llcc68_interface_spi_init  driver_llcc68_interface.o
    0x08004d50   0x08004d50   0x00000080   Code   RO         2943    i.llcc68_interface_spi_write_read  driver_llcc68_interface.o
    0x08004dd0   0x08004dd0   0x000002e4   Code   RO         2295    i.llcc68_irq_handler  driver_llcc68.o
    0x080050b4   0x080050b4   0x000000b4   Code   RO         2300    i.llcc68_reset_stats  driver_llcc68.o
    0x08005168   0x08005168   0x00000098   Code   RO         2301    i.llcc68_set_buffer_base_address  driver_llcc68.o
    0x08005200   0x08005200   0x000000cc   Code   RO         2310    i.llcc68_set_dio_irq_params  driver_llcc68.o
    0x080052cc   0x080052cc   0x00000084   Code   RO         2322    i.llcc68_set_iq_polarity  driver_llcc68.o
    0x08005350   0x08005350   0x000000ac   Code   RO         2323    i.llcc68_set_lora_modulation_params  driver_llcc68.o
    0x080053fc   0x080053fc   0x000000b8   Code   RO         2324    i.llcc68_set_lora_packet_params  driver_llcc68.o
    0x080054b4   0x080054b4   0x00000090   Code   RO         2325    i.llcc68_set_lora_symb_num_timeout  driver_llcc68.o
    0x08005544   0x08005544   0x00000090   Code   RO         2326    i.llcc68_set_lora_sync_word  driver_llcc68.o
    0x080055d4   0x080055d4   0x00000084   Code   RO         2327    i.llcc68_set_ocp    driver_llcc68.o
    0x08005658   0x08005658   0x00000098   Code   RO         2328    i.llcc68_set_pa_config  driver_llcc68.o
    0x080056f0   0x080056f0   0x00000088   Code   RO         2329    i.llcc68_set_packet_type  driver_llcc68.o
    0x08005778   0x08005778   0x00000088   Code   RO         2332    i.llcc68_set_regulator_mode  driver_llcc68.o
    0x08005800   0x08005800   0x000000a0   Code   RO         2333    i.llcc68_set_rf_frequency  driver_llcc68.o
    0x080058a0   0x080058a0   0x00000084   Code   RO         2337    i.llcc68_set_rx_gain  driver_llcc68.o
    0x08005924   0x08005924   0x00000090   Code   RO         2338    i.llcc68_set_rx_tx_fallback_mode  driver_llcc68.o
    0x080059b4   0x080059b4   0x00000084   Code   RO         2340    i.llcc68_set_standby  driver_llcc68.o
    0x08005a38   0x08005a38   0x00000090   Code   RO         2341    i.llcc68_set_stop_timer_on_preamble  driver_llcc68.o
    0x08005ac8   0x08005ac8   0x00000084   Code   RO         2343    i.llcc68_set_tx_clamp_config  driver_llcc68.o
    0x08005b4c   0x08005b4c   0x00000084   Code   RO         2346    i.llcc68_set_tx_modulation  driver_llcc68.o
    0x08005bd0   0x08005bd0   0x00000090   Code   RO         2347    i.llcc68_set_tx_params  driver_llcc68.o
    0x08005c60   0x08005c60   0x0000002a   Code   RO           15    i.main              main.o
    0x08005c8a   0x08005c8a   0x00000002   PAD
    0x08005c8c   0x08005c8c   0x00000620   Code   RO         4111    i.powf              m_ws.l(powf.o)
    0x080062ac   0x080062ac   0x00000028   Code   RO         3238    i.reg_wizchip_cris_cbfunc  wizchip_conf.o
    0x080062d4   0x080062d4   0x00000028   Code   RO         3239    i.reg_wizchip_cs_cbfunc  wizchip_conf.o
    0x080062fc   0x080062fc   0x00000034   Code   RO         3240    i.reg_wizchip_spi_cbfunc  wizchip_conf.o
    0x08006330   0x08006330   0x00000180   Code   RO         3146    i.send              socket.o
    0x080064b0   0x080064b0   0x00000194   Code   RO         3149    i.socket            socket.o
    0x08006644   0x08006644   0x00000034   Code   RO         3242    i.user_wizchip_reg_func  wizchip_conf.o
    0x08006678   0x08006678   0x00000084   Code   RO         4015    i.wiz_send_data     w5500.o
    0x080066fc   0x080066fc   0x00000006   Code   RO         3243    i.wizchip_bus_readdata  wizchip_conf.o
    0x08006702   0x08006702   0x00000004   Code   RO         3244    i.wizchip_bus_writedata  wizchip_conf.o
    0x08006706   0x08006706   0x00000002   Code   RO         3246    i.wizchip_cris_enter  wizchip_conf.o
    0x08006708   0x08006708   0x00000002   Code   RO         3247    i.wizchip_cris_exit  wizchip_conf.o
    0x0800670a   0x0800670a   0x00000002   PAD
    0x0800670c   0x0800670c   0x00000014   Code   RO         3248    i.wizchip_cs_deselect  wizchip_conf.o
    0x08006720   0x08006720   0x00000014   Code   RO         3249    i.wizchip_cs_select  wizchip_conf.o
    0x08006734   0x08006734   0x0000001c   Code   RO         3261    i.wizchip_spi_readbyte  wizchip_conf.o
    0x08006750   0x08006750   0x00000018   Code   RO         3263    i.wizchip_spi_writebyte  wizchip_conf.o
    0x08006768   0x08006768   0x00000012   Data   RO          946    .constdata          stm32f1xx_hal_rcc.o
    0x0800677a   0x0800677a   0x00000018   Data   RO         2140    .constdata          system_stm32f1xx.o
    0x08006792   0x08006792   0x00000002   PAD
    0x08006794   0x08006794   0x00000140   Data   RO         4112    .constdata          m_ws.l(powf.o)
    0x080068d4   0x080068d4   0x00000020   Data   RO         4531    Region$$Table       anon$$obj.o


    Execution Region RW_IRAM1 (Exec base: 0x20000000, Load base: 0x080068f4, Size: 0x00000a30, Max: 0x00010000, ABSOLUTE, COMPRESSED[0x0000006c])

    Exec Addr    Load Addr    Size         Type   Attr      Idx    E Section Name        Object

    0x20000000   COMPRESSED   0x00000009   Data   RW          782    .data               stm32f1xx_hal.o
    0x20000009   COMPRESSED   0x00000003   PAD
    0x2000000c   COMPRESSED   0x00000004   Data   RW         2141    .data               system_stm32f1xx.o
    0x20000010   COMPRESSED   0x000002b8   Data   RW         3040    .data               int_lora.o
    0x200002c8   COMPRESSED   0x00000016   Data   RW         3097    .data               int_w5500.o
    0x200002de   COMPRESSED   0x0000000e   Data   RW         3151    .data               socket.o
    0x200002ec   COMPRESSED   0x00000031   Data   RW         3272    .data               wizchip_conf.o
    0x2000031d   COMPRESSED   0x00000001   PAD
    0x2000031e   COMPRESSED   0x00000002   Data   RW         4082    .data               app_gw.o
    0x20000320   COMPRESSED   0x00000004   Data   RW         4490    .data               mc_w.l(stdout.o)
    0x20000324   COMPRESSED   0x00000004   Data   RW         4500    .data               mc_w.l(errno.o)
    0x20000328        -       0x000000b0   Zero   RW          214    .bss                spi.o
    0x200003d8        -       0x00000048   Zero   RW          261    .bss                usart.o
    0x20000420        -       0x00000010   Zero   RW         3150    .bss                socket.o
    0x20000430        -       0x00000200   Zero   RW         4081    .bss                app_gw.o
    0x20000630        -       0x00000400   Zero   RW            1    STACK               startup_stm32f103xe.o


==============================================================================

Image component sizes


      Code (inc. data)   RO Data    RW Data    ZI Data      Debug   Object Name

        68         10          0          2        512       1437   app_gw.o
        28          6          0          0          0        496   com_debug.o
      6636       2688          0          0          0      38185   driver_llcc68.o
       730        326          0          0          0       7923   driver_llcc68_interface.o
       328         16          0          0          0       1035   gpio.o
      1624        828          0        696          0       2621   int_lora.o
       994        216          0         22          0       3104   int_w5500.o
       150          0          0          0          0     463460   main.o
      1296         54          0         14         16       4171   socket.o
       472         60          0          0        176       2666   spi.o
        36          8        304          0       1024        780   startup_stm32f103xe.o
       192         36          0          9          0       6321   stm32f1xx_hal.o
       272         22          0          0          0      28618   stm32f1xx_hal_cortex.o
      1200         72          0          0          0       4169   stm32f1xx_hal_gpio.o
        84          8          0          0          0        850   stm32f1xx_hal_msp.o
      1748         98         18          0          0       5792   stm32f1xx_hal_rcc.o
      2064          6          0          0          0       7931   stm32f1xx_hal_spi.o
       808          4          0          0          0       4248   stm32f1xx_hal_uart.o
        34          0          0          0          0       3734   stm32f1xx_it.o
         2          0         24          4          0       1055   system_stm32f1xx.o
       192         24          0          0         72       1574   usart.o
       748         16          0          0          0       4377   w5500.o
       290         88          0         49          0       9338   wizchip_conf.o

    ----------------------------------------------------------------------
     20014       4586        380        800       1800     603885   Object Totals
         0          0         32          0          0          0   (incl. Generated)
        18          0          2          4          0          0   (incl. Padding)

    ----------------------------------------------------------------------

      Code (inc. data)   RO Data    RW Data    ZI Data      Debug   Library Member Name

        38          0          0          0          0         68   fpclassifyf.o
        42          0          0          0          0        340   funder.o
      1568         80        320          0          0        224   powf.o
        86          0          0          0          0          0   __dczerorl2.o
         0          0          0          0          0          0   entry.o
         0          0          0          0          0          0   entry10a.o
         0          0          0          0          0          0   entry11a.o
         4          0          0          0          0          0   entry12b.o
         8          4          0          0          0          0   entry2.o
         4          0          0          0          0          0   entry5.o
         0          0          0          0          0          0   entry7b.o
         0          0          0          0          0          0   entry8b.o
         8          4          0          0          0          0   entry9a.o
        12          6          0          4          0         68   errno.o
        30          0          0          0          0          0   handlers.o
        36          8          0          0          0         68   init.o
         0          0          0          0          0          0   iusefp.o
        30          0          0          0          0         68   llshl.o
        36          0          0          0          0         68   llsshr.o
        32          0          0          0          0         68   llushr.o
        36          0          0          0          0         68   memcpya.o
        36          0          0          0          0        108   memseta.o
      2234         98          0          0          0        532   printfa.o
         0          0          0          4          0          0   stdout.o
        22          0          0          0          0         68   strrchr.o
        44          0          0          0          0         80   uidiv.o
        98          0          0          0          0         92   uldiv.o
        48          0          0          0          0         68   cdrcmple.o
       334          0          0          0          0        148   dadd.o
       222          0          0          0          0        100   ddiv.o
       186          0          0          0          0        176   depilogue.o
        48          0          0          0          0         68   dfixul.o
       228          0          0          0          0         96   dmul.o
       176          0          0          0          0        140   fadd.o
       124          0          0          0          0         88   fdiv.o
       110          0          0          0          0        168   fepilogue.o
        76          0          0          0          0         76   ffixir.o
        40          0          0          0          0         68   ffixui.o
        18          0          0          0          0         68   fflti.o
        10          0          0          0          0         68   ffltui.o
       100          0          0          0          0         76   fmul.o
         4          0          0          0          0         68   fpstat.o
        24          0          0          0          0         68   fscalb.o

    ----------------------------------------------------------------------
      6154        200        320          8          0       3464   Library Totals
         2          0          0          0          0          0   (incl. Padding)

    ----------------------------------------------------------------------

      Code (inc. data)   RO Data    RW Data    ZI Data      Debug   Library Name

      1648         80        320          0          0        632   m_ws.l
      2756        120          0          8          0       1288   mc_w.l
      1748          0          0          0          0       1544   mf_w.l

    ----------------------------------------------------------------------
      6154        200        320          8          0       3464   Library Totals

    ----------------------------------------------------------------------

==============================================================================


      Code (inc. data)   RO Data    RW Data    ZI Data      Debug   

     26168       4786        700        808       1800     598949   Grand Totals
     26168       4786        700        108       1800     598949   ELF Image Totals (compressed)
     26168       4786        700        108          0          0   ROM Totals

==============================================================================

    Total RO  Size (Code + RO Data)                26868 (  26.24kB)
    Total RW  Size (RW Data + ZI Data)              2608 (   2.55kB)
    Total ROM Size (Code + RO Data + RW Data)      26976 (  26.34kB)

==============================================================================

