Component: ARM Compiler 5.06 update 7 (build 960) Tool: armlink [4d3601]

==============================================================================

Section Cross References

    startup_stm32f103xb.o(RESET) refers to startup_stm32f103xb.o(STACK) for __initial_sp
    startup_stm32f103xb.o(RESET) refers to startup_stm32f103xb.o(.text) for Reset_Handler
    startup_stm32f103xb.o(RESET) refers to stm32f1xx_it.o(i.NMI_Handler) for NMI_Handler
    startup_stm32f103xb.o(RESET) refers to stm32f1xx_it.o(i.HardFault_Handler) for HardFault_Handler
    startup_stm32f103xb.o(RESET) refers to stm32f1xx_it.o(i.MemManage_Handler) for MemManage_Handler
    startup_stm32f103xb.o(RESET) refers to stm32f1xx_it.o(i.BusFault_Handler) for BusFault_Handler
    startup_stm32f103xb.o(RESET) refers to stm32f1xx_it.o(i.UsageFault_Handler) for UsageFault_Handler
    startup_stm32f103xb.o(RESET) refers to stm32f1xx_it.o(i.SVC_Handler) for SVC_Handler
    startup_stm32f103xb.o(RESET) refers to stm32f1xx_it.o(i.DebugMon_Handler) for DebugMon_Handler
    startup_stm32f103xb.o(RESET) refers to stm32f1xx_it.o(i.PendSV_Handler) for PendSV_Handler
    startup_stm32f103xb.o(RESET) refers to stm32f1xx_it.o(i.SysTick_Handler) for SysTick_Handler
    startup_stm32f103xb.o(.text) refers to system_stm32f1xx.o(i.SystemInit) for SystemInit
    startup_stm32f103xb.o(.text) refers to entry.o(.ARM.Collect$$$$00000000) for __main
    main.o(i.SystemClock_Config) refers to memseta.o(.text) for __aeabi_memclr4
    main.o(i.SystemClock_Config) refers to stm32f1xx_hal_rcc.o(i.HAL_RCC_OscConfig) for HAL_RCC_OscConfig
    main.o(i.SystemClock_Config) refers to main.o(i.Error_Handler) for Error_Handler
    main.o(i.SystemClock_Config) refers to stm32f1xx_hal_rcc.o(i.HAL_RCC_ClockConfig) for HAL_RCC_ClockConfig
    main.o(i.SystemClock_Config) refers to stm32f1xx_hal_rcc_ex.o(i.HAL_RCCEx_PeriphCLKConfig) for HAL_RCCEx_PeriphCLKConfig
    main.o(i.main) refers to stm32f1xx_hal.o(i.HAL_Init) for HAL_Init
    main.o(i.main) refers to main.o(i.SystemClock_Config) for SystemClock_Config
    main.o(i.main) refers to gpio.o(i.MX_GPIO_Init) for MX_GPIO_Init
    main.o(i.main) refers to usart.o(i.MX_USART1_UART_Init) for MX_USART1_UART_Init
    main.o(i.main) refers to usart.o(i.MX_USART2_UART_Init) for MX_USART2_UART_Init
    main.o(i.main) refers to i2c.o(i.MX_I2C1_Init) for MX_I2C1_Init
    main.o(i.main) refers to spi.o(i.MX_SPI1_Init) for MX_SPI1_Init
    main.o(i.main) refers to usart.o(i.MX_USART3_UART_Init) for MX_USART3_UART_Init
    main.o(i.main) refers to rtc.o(i.MX_RTC_Init) for MX_RTC_Init
    main.o(i.main) refers to app_low_power.o(i.App_Exit_Low_Power) for App_Exit_Low_Power
    main.o(i.main) refers to app_location.o(i.App_Location_Get_GPS_Data) for App_Location_Get_GPS_Data
    main.o(i.main) refers to app_location.o(i.App_Location_Get_Step_Count) for App_Location_Get_Step_Count
    main.o(i.main) refers to app_location.o(i.App_Location_Data_to_JSON) for App_Location_Data_to_JSON
    main.o(i.main) refers to app_location.o(i.App_Location_Send_Data) for App_Location_Send_Data
    main.o(i.main) refers to com_tool.o(i.Com_Delay_s) for Com_Delay_s
    main.o(i.main) refers to app_low_power.o(i.App_Enter_Low_Power) for App_Enter_Low_Power
    gpio.o(i.MX_GPIO_Init) refers to stm32f1xx_hal_gpio.o(i.HAL_GPIO_WritePin) for HAL_GPIO_WritePin
    gpio.o(i.MX_GPIO_Init) refers to stm32f1xx_hal_gpio.o(i.HAL_GPIO_Init) for HAL_GPIO_Init
    i2c.o(i.HAL_I2C_MspDeInit) refers to stm32f1xx_hal_gpio.o(i.HAL_GPIO_DeInit) for HAL_GPIO_DeInit
    i2c.o(i.HAL_I2C_MspInit) refers to stm32f1xx_hal_gpio.o(i.HAL_GPIO_Init) for HAL_GPIO_Init
    i2c.o(i.MX_I2C1_Init) refers to stm32f1xx_hal_i2c.o(i.HAL_I2C_Init) for HAL_I2C_Init
    i2c.o(i.MX_I2C1_Init) refers to main.o(i.Error_Handler) for Error_Handler
    i2c.o(i.MX_I2C1_Init) refers to i2c.o(.bss) for hi2c1
    rtc.o(i.HAL_RTC_MspInit) refers to stm32f1xx_hal_pwr.o(i.HAL_PWR_EnableBkUpAccess) for HAL_PWR_EnableBkUpAccess
    rtc.o(i.MX_RTC_Init) refers to stm32f1xx_hal_rtc.o(i.HAL_RTC_Init) for HAL_RTC_Init
    rtc.o(i.MX_RTC_Init) refers to main.o(i.Error_Handler) for Error_Handler
    rtc.o(i.MX_RTC_Init) refers to rtc.o(.bss) for hrtc
    spi.o(i.HAL_SPI_MspDeInit) refers to stm32f1xx_hal_gpio.o(i.HAL_GPIO_DeInit) for HAL_GPIO_DeInit
    spi.o(i.HAL_SPI_MspInit) refers to stm32f1xx_hal_gpio.o(i.HAL_GPIO_Init) for HAL_GPIO_Init
    spi.o(i.MX_SPI1_Init) refers to stm32f1xx_hal_spi.o(i.HAL_SPI_Init) for HAL_SPI_Init
    spi.o(i.MX_SPI1_Init) refers to main.o(i.Error_Handler) for Error_Handler
    spi.o(i.MX_SPI1_Init) refers to spi.o(.bss) for hspi1
    usart.o(i.HAL_UART_MspDeInit) refers to stm32f1xx_hal_gpio.o(i.HAL_GPIO_DeInit) for HAL_GPIO_DeInit
    usart.o(i.HAL_UART_MspInit) refers to stm32f1xx_hal_gpio.o(i.HAL_GPIO_Init) for HAL_GPIO_Init
    usart.o(i.MX_USART1_UART_Init) refers to stm32f1xx_hal_uart.o(i.HAL_UART_Init) for HAL_UART_Init
[...]
    i.llcc68_set_lora_symb_num_timeout       0x08008498   Section        0  driver_llcc68.o(i.llcc68_set_lora_symb_num_timeout)
    i.llcc68_set_lora_sync_word              0x08008528   Section        0  driver_llcc68.o(i.llcc68_set_lora_sync_word)
    i.llcc68_set_ocp                         0x080085b8   Section        0  driver_llcc68.o(i.llcc68_set_ocp)
    i.llcc68_set_pa_config                   0x0800863c   Section        0  driver_llcc68.o(i.llcc68_set_pa_config)
    i.llcc68_set_packet_type                 0x080086d4   Section        0  driver_llcc68.o(i.llcc68_set_packet_type)
    i.llcc68_set_regulator_mode              0x0800875c   Section        0  driver_llcc68.o(i.llcc68_set_regulator_mode)
    i.llcc68_set_rf_frequency                0x080087e4   Section        0  driver_llcc68.o(i.llcc68_set_rf_frequency)
    i.llcc68_set_rx_gain                     0x08008884   Section        0  driver_llcc68.o(i.llcc68_set_rx_gain)
    i.llcc68_set_rx_tx_fallback_mode         0x08008908   Section        0  driver_llcc68.o(i.llcc68_set_rx_tx_fallback_mode)
    i.llcc68_set_standby                     0x08008998   Section        0  driver_llcc68.o(i.llcc68_set_standby)
    i.llcc68_set_stop_timer_on_preamble      0x08008a1c   Section        0  driver_llcc68.o(i.llcc68_set_stop_timer_on_preamble)
    i.llcc68_set_tx_clamp_config             0x08008aac   Section        0  driver_llcc68.o(i.llcc68_set_tx_clamp_config)
    i.llcc68_set_tx_modulation               0x08008b30   Section        0  driver_llcc68.o(i.llcc68_set_tx_modulation)
    i.llcc68_set_tx_params                   0x08008bb4   Section        0  driver_llcc68.o(i.llcc68_set_tx_params)
    i.main                                   0x08008c44   Section        0  main.o(i.main)
    i.powf                                   0x08008c8c   Section        0  powf.o(i.powf)
    i.print                                  0x080092ac   Section        0  cjson.o(i.print)
    print                                    0x080092ad   Thumb Code   188  cjson.o(i.print)
    i.print_array                            0x08009368   Section        0  cjson.o(i.print_array)
    print_array                              0x08009369   Thumb Code   178  cjson.o(i.print_array)
    i.print_number                           0x0800941c   Section        0  cjson.o(i.print_number)
    print_number                             0x0800941d   Thumb Code   304  cjson.o(i.print_number)
    i.print_object                           0x08009570   Section        0  cjson.o(i.print_object)
    print_object                             0x08009571   Thumb Code   372  cjson.o(i.print_object)
    i.print_string                           0x080096e4   Section        0  cjson.o(i.print_string)
    print_string                             0x080096e5   Thumb Code    16  cjson.o(i.print_string)
    i.print_string_ptr                       0x080096f4   Section        0  cjson.o(i.print_string_ptr)
    print_string_ptr                         0x080096f5   Thumb Code   360  cjson.o(i.print_string_ptr)
    i.print_value                            0x08009868   Section        0  cjson.o(i.print_value)
    print_value                              0x08009869   Thumb Code   236  cjson.o(i.print_value)
    i.realloc                                0x0800996c   Section        0  mallocr.o(i.realloc)
    i.suffix_object                          0x080099d8   Section        0  cjson.o(i.suffix_object)
    suffix_object                            0x080099d9   Thumb Code     6  cjson.o(i.suffix_object)
    i.update_offset                          0x080099de   Section        0  cjson.o(i.update_offset)
    update_offset                            0x080099df   Thumb Code    36  cjson.o(i.update_offset)
    .constdata                               0x08009a02   Section       18  stm32f1xx_hal_rcc.o(.constdata)
    aPLLMULFactorTable                       0x08009a02   Data          16  stm32f1xx_hal_rcc.o(.constdata)
    aPredivFactorTable                       0x08009a12   Data           2  stm32f1xx_hal_rcc.o(.constdata)
    .constdata                               0x08009a14   Section       18  stm32f1xx_hal_rcc_ex.o(.constdata)
    aPLLMULFactorTable                       0x08009a14   Data          16  stm32f1xx_hal_rcc_ex.o(.constdata)
    aPredivFactorTable                       0x08009a24   Data           2  stm32f1xx_hal_rcc_ex.o(.constdata)
    .constdata                               0x08009a26   Section       24  system_stm32f1xx.o(.constdata)
    .constdata                               0x08009a40   Section      320  powf.o(.constdata)
    table                                    0x08009a40   Data         128  powf.o(.constdata)
    powersof2to1over16top                    0x08009ac0   Data          64  powf.o(.constdata)
    powersof2to1over16bot                    0x08009b00   Data          64  powf.o(.constdata)
    powersof2to1over16all                    0x08009b40   Data          64  powf.o(.constdata)
    .constdata                               0x08009b80   Section       12  mktime.o(.constdata)
    monlen                                   0x08009b80   Data          12  mktime.o(.constdata)
    .constdata                               0x08009b8c   Section       12  localtime_i.o(.constdata)
    monlen                                   0x08009b8c   Data          12  localtime_i.o(.constdata)
    .constdata                               0x08009b98   Section       64  ctype_c.o(.constdata)
    .data                                    0x20000000   Section        9  stm32f1xx_hal.o(.data)
    .data                                    0x2000000c   Section        4  system_stm32f1xx.o(.data)
    .data                                    0x20000010   Section       20  cjson.o(.data)
    global_error                             0x20000010   Data           8  cjson.o(.data)
    global_hooks                             0x20000018   Data          12  cjson.o(.data)
    .data                                    0x20000024   Section        4  int_at6558r.o(.data)
    .data                                    0x20000028   Section        4  int_qs100.o(.data)
    .data                                    0x2000002c   Section      696  int_lora.o(.data)
    .data                                    0x200002e4   Section        4  stdout.o(.data)
    .data                                    0x200002e8   Section        4  mvars.o(.data)
    .data                                    0x200002ec   Section        4  mvars.o(.data)
    .data                                    0x200002f0   Section        4  errno.o(.data)
    _errno                                   0x200002f0   Data           4  errno.o(.data)
    .bss                                     0x200002f4   Section       84  i2c.o(.bss)
    .bss                                     0x20000348   Section       20  rtc.o(.bss)
    .bss                                     0x2000035c   Section       88  spi.o(.bss)
    .bss                                     0x200003b4   Section      216  usart.o(.bss)
    .bss                                     0x2000048c   Section     1088  int_at6558r.o(.bss)
    .bss                                     0x200008cc   Section      896  int_qs100.o(.bss)
    .bss                                     0x20000c50   Section      608  app_location.o(.bss)
    .bss                                     0x20000eb0   Section       44  localtime_w.o(.bss)
    _tms                                     0x20000eb0   Data          44  localtime_w.o(.bss)
    HEAP                                     0x20000ee0   Section     2048  startup_stm32f103xb.o(HEAP)
    STACK                                    0x200016e0   Section     2048  startup_stm32f103xb.o(STACK)

    Global Symbols

    Symbol Name                              Value     Ov Type        Size  Object(Section)

    BuildAttributes$$THM_ISAv4$P$D$K$B$S$PE$A:L22UL41UL21$X:L11$S22US41US21$IEEE1$IW$USESV6$~STKCKD$USESV7$~SHL$OTIME$ROPI$IEEEX$EBA8$MICROLIB$REQ8$PRES8$EABIv2 0x00000000   Number         0  anon$$obj.o ABSOLUTE
    __ARM_use_no_argv                        0x00000000   Number         0  main.o ABSOLUTE
    _printf_a                                0x00000000   Number         0  stubs.o ABSOLUTE
    _printf_c                                0x00000000   Number         0  stubs.o ABSOLUTE
    _printf_charcount                        0x00000000   Number         0  stubs.o ABSOLUTE
    _printf_d                                0x00000000   Number         0  stubs.o ABSOLUTE
    _printf_e                                0x00000000   Number         0  stubs.o ABSOLUTE
    _printf_f                                0x00000000   Number         0  stubs.o ABSOLUTE
    _printf_flags                            0x00000000   Number         0  stubs.o ABSOLUTE
    _printf_fp_dec                           0x00000000   Number         0  stubs.o ABSOLUTE
    _printf_fp_hex                           0x00000000   Number         0  stubs.o ABSOLUTE
    _printf_g                                0x00000000   Number         0  stubs.o ABSOLUTE
    _printf_i                                0x00000000   Number         0  stubs.o ABSOLUTE
    _printf_int_dec                          0x00000000   Number         0  stubs.o ABSOLUTE
    _printf_l                                0x00000000   Number         0  stubs.o ABSOLUTE
    _printf_lc                               0x00000000   Number         0  stubs.o ABSOLUTE
    _printf_ll                               0x00000000   Number         0  stubs.o ABSOLUTE
    _printf_lld                              0x00000000   Number         0  stubs.o ABSOLUTE
    _printf_lli                              0x00000000   Number         0  stubs.o ABSOLUTE
    _printf_llo                              0x00000000   Number         0  stubs.o ABSOLUTE
    _printf_llu                              0x00000000   Number         0  stubs.o ABSOLUTE
    _printf_llx                              0x00000000   Number         0  stubs.o ABSOLUTE
    _printf_longlong_dec                     0x00000000   Number         0  stubs.o ABSOLUTE
    _printf_longlong_hex                     0x00000000   Number         0  stubs.o ABSOLUTE
    _printf_longlong_oct                     0x00000000   Number         0  stubs.o ABSOLUTE
    _printf_ls                               0x00000000   Number         0  stubs.o ABSOLUTE
    _printf_mbtowc                           0x00000000   Number         0  stubs.o ABSOLUTE
    _printf_n                                0x00000000   Number         0  stubs.o ABSOLUTE
    _printf_o                                0x00000000   Number         0  stubs.o ABSOLUTE
    _printf_p                                0x00000000   Number         0  stubs.o ABSOLUTE
    _printf_percent                          0x00000000   Number         0  stubs.o ABSOLUTE
    _printf_pre_padding                      0x00000000   Number         0  stubs.o ABSOLUTE
    _printf_return_value                     0x00000000   Number         0  stubs.o ABSOLUTE
    _printf_s                                0x00000000   Number         0  stubs.o ABSOLUTE
    _printf_sizespec                         0x00000000   Number         0  stubs.o ABSOLUTE
    _printf_str                              0x00000000   Number         0  stubs.o ABSOLUTE
    _printf_truncate_signed                  0x00000000   Number         0  stubs.o ABSOLUTE
    _printf_truncate_unsigned                0x00000000   Number         0  stubs.o ABSOLUTE
    _printf_u                                0x00000000   Number         0  stubs.o ABSOLUTE
    _printf_wc                               0x00000000   Number         0  stubs.o ABSOLUTE
    _printf_wctomb                           0x00000000   Number         0  stubs.o ABSOLUTE
    _printf_widthprec                        0x00000000   Number         0  stubs.o ABSOLUTE
    _printf_x                                0x00000000   Number         0  stubs.o ABSOLUTE
    __arm_fini_                               - Undefined Weak Reference
    __cpp_initialize__aeabi_                  - Undefined Weak Reference
    __cxa_finalize                            - Undefined Weak Reference
    _clock_init                               - Undefined Weak Reference
    _microlib_exit                            - Undefined Weak Reference
    _scanf_longlong                           - Undefined Weak Reference
    __Vectors_Size                           0x000000ec   Number         0  startup_stm32f103xb.o ABSOLUTE
    __Vectors                                0x08000000   Data           4  startup_stm32f103xb.o(RESET)
    __Vectors_End                            0x080000ec   Data           0  startup_stm32f103xb.o(RESET)
    __main                                   0x080000ed   Thumb Code     0  entry.o(.ARM.Collect$$$$00000000)
    _main_stk                                0x080000ed   Thumb Code     0  entry2.o(.ARM.Collect$$$$00000001)
    _main_scatterload                        0x080000f1   Thumb Code     0  entry5.o(.ARM.Collect$$$$00000004)
    __main_after_scatterload                 0x080000f5   Thumb Code     0  entry5.o(.ARM.Collect$$$$00000004)
    _main_clock                              0x080000f5   Thumb Code     0  entry7b.o(.ARM.Collect$$$$00000008)
    _main_cpp_init                           0x080000f5   Thumb Code     0  entry8b.o(.ARM.Collect$$$$0000000A)
    _main_init                               0x080000f5   Thumb Code     0  entry9a.o(.ARM.Collect$$$$0000000B)
    __rt_lib_shutdown_fini                   0x080000fd   Thumb Code     0  entry12b.o(.ARM.Collect$$$$0000000E)
    __rt_final_cpp                           0x08000101   Thumb Code     0  entry10a.o(.ARM.Collect$$$$0000000F)
    __rt_final_exit                          0x08000101   Thumb Code     0  entry11a.o(.ARM.Collect$$$$00000011)
    Reset_Handler                            0x08000105   Thumb Code     8  startup_stm32f103xb.o(.text)
    ADC1_2_IRQHandler                        0x0800011f   Thumb Code     0  startup_stm32f103xb.o(.text)
    CAN1_RX1_IRQHandler                      0x0800011f   Thumb Code     0  startup_stm32f103xb.o(.text)
    CAN1_SCE_IRQHandler                      0x0800011f   Thumb Code     0  startup_stm32f103xb.o(.text)
    DMA1_Channel1_IRQHandler                 0x0800011f   Thumb Code     0  startup_stm32f103xb.o(.text)
    DMA1_Channel2_IRQHandler                 0x0800011f   Thumb Code     0  startup_stm32f103xb.o(.text)
    DMA1_Channel3_IRQHandler                 0x0800011f   Thumb Code     0  startup_stm32f103xb.o(.text)
    DMA1_Channel4_IRQHandler                 0x0800011f   Thumb Code     0  startup_stm32f103xb.o(.text)
    DMA1_Channel5_IRQHandler                 0x0800011f   Thumb Code     0  startup_stm32f103xb.o(.text)
    DMA1_Channel6_IRQHandler                 0x0800011f   Thumb Code     0  startup_stm32f103xb.o(.text)
    DMA1_Channel7_IRQHandler                 0x0800011f   Thumb Code     0  startup_stm32f103xb.o(.text)
    EXTI0_IRQHandler                         0x0800011f   Thumb Code     0  startup_stm32f103xb.o(.text)
    EXTI15_10_IRQHandler                     0x0800011f   Thumb Code     0  startup_stm32f103xb.o(.text)
    EXTI1_IRQHandler                         0x0800011f   Thumb Code     0  startup_stm32f103xb.o(.text)
    EXTI2_IRQHandler                         0x0800011f   Thumb Code     0  startup_stm32f103xb.o(.text)
    EXTI3_IRQHandler                         0x0800011f   Thumb Code     0  startup_stm32f103xb.o(.text)
    EXTI4_IRQHandler                         0x0800011f   Thumb Code     0  startup_stm32f103xb.o(.text)
    EXTI9_5_IRQHandler                       0x0800011f   Thumb Code     0  startup_stm32f103xb.o(.text)
    FLASH_IRQHandler                         0x0800011f   Thumb Code     0  startup_stm32f103xb.o(.text)
    I2C1_ER_IRQHandler                       0x0800011f   Thumb Code     0  startup_stm32f103xb.o(.text)
    I2C1_EV_IRQHandler                       0x0800011f   Thumb Code     0  startup_stm32f103xb.o(.text)
    I2C2_ER_IRQHandler                       0x0800011f   Thumb Code     0  startup_stm32f103xb.o(.text)
    I2C2_EV_IRQHandler                       0x0800011f   Thumb Code     0  startup_stm32f103xb.o(.text)
    PVD_IRQHandler                           0x0800011f   Thumb Code     0  startup_stm32f103xb.o(.text)
    RCC_IRQHandler                           0x0800011f   Thumb Code     0  startup_stm32f103xb.o(.text)
    RTC_Alarm_IRQHandler                     0x0800011f   Thumb Code     0  startup_stm32f103xb.o(.text)
    RTC_IRQHandler                           0x0800011f   Thumb Code     0  startup_stm32f103xb.o(.text)
    SPI1_IRQHandler                          0x0800011f   Thumb Code     0  startup_stm32f103xb.o(.text)
    SPI2_IRQHandler                          0x0800011f   Thumb Code     0  startup_stm32f103xb.o(.text)
    TAMPER_IRQHandler                        0x0800011f   Thumb Code     0  startup_stm32f103xb.o(.text)
    TIM1_BRK_IRQHandler                      0x0800011f   Thumb Code     0  startup_stm32f103xb.o(.text)
    TIM1_CC_IRQHandler                       0x0800011f   Thumb Code     0  startup_stm32f103xb.o(.text)
    TIM1_TRG_COM_IRQHandler                  0x0800011f   Thumb Code     0  startup_stm32f103xb.o(.text)
    TIM1_UP_IRQHandler                       0x0800011f   Thumb Code     0  startup_stm32f103xb.o(.text)
    TIM2_IRQHandler                          0x0800011f   Thumb Code     0  startup_stm32f103xb.o(.text)
    TIM3_IRQHandler                          0x0800011f   Thumb Code     0  startup_stm32f103xb.o(.text)
    TIM4_IRQHandler                          0x0800011f   Thumb Code     0  startup_stm32f103xb.o(.text)
    USART1_IRQHandler                        0x0800011f   Thumb Code     0  startup_stm32f103xb.o(.text)
    USART2_IRQHandler                        0x0800011f   Thumb Code     0  startup_stm32f103xb.o(.text)
    USART3_IRQHandler                        0x0800011f   Thumb Code     0  startup_stm32f103xb.o(.text)
    USBWakeUp_IRQHandler                     0x0800011f   Thumb Code     0  startup_stm32f103xb.o(.text)
    USB_HP_CAN1_TX_IRQHandler                0x0800011f   Thumb Code     0  startup_stm32f103xb.o(.text)
    USB_LP_CAN1_RX0_IRQHandler               0x0800011f   Thumb Code     0  startup_stm32f103xb.o(.text)
    WWDG_IRQHandler                          0x0800011f   Thumb Code     0  startup_stm32f103xb.o(.text)
    __aeabi_llsr                             0x08000129   Thumb Code    32  llushr.o(.text)
    _ll_ushift_r                             0x08000129   Thumb Code     0  llushr.o(.text)
    mktime                                   0x08000149   Thumb Code   150  mktime.o(.text)
    __aeabi_memcpy                           0x080001f1   Thumb Code    36  memcpya.o(.text)
    __aeabi_memcpy4                          0x080001f1   Thumb Code     0  memcpya.o(.text)
    __aeabi_memcpy8                          0x080001f1   Thumb Code     0  memcpya.o(.text)
    __aeabi_memset                           0x08000215   Thumb Code    14  memseta.o(.text)
    __aeabi_memset4                          0x08000215   Thumb Code     0  memseta.o(.text)
    __aeabi_memset8                          0x08000215   Thumb Code     0  memseta.o(.text)
    __aeabi_memclr                           0x08000223   Thumb Code     4  memseta.o(.text)
    __aeabi_memclr4                          0x08000223   Thumb Code     0  memseta.o(.text)
    __aeabi_memclr8                          0x08000223   Thumb Code     0  memseta.o(.text)
    _memset$wrapper                          0x08000227   Thumb Code    18  memseta.o(.text)
    strstr                                   0x08000239   Thumb Code    36  strstr.o(.text)
    strlen                                   0x0800025d   Thumb Code    14  strlen.o(.text)
    strcpy                                   0x0800026b   Thumb Code    18  strcpy.o(.text)
    __0sscanf                                0x0800027d   Thumb Code    48  __0sscanf.o(.text)
    _scanf_int                               0x080002b5   Thumb Code   332  _scanf_int.o(.text)
    _scanf_string                            0x08000401   Thumb Code   224  _scanf_str.o(.text)
    _scanf_real                              0x08000609   Thumb Code     0  scanf_fp.o(.text)
    _scanf_really_real                       0x08000609   Thumb Code   556  scanf_fp.o(.text)
    __aeabi_fmul                             0x08000841   Thumb Code   100  fmul.o(.text)
    __aeabi_fdiv                             0x080008a5   Thumb Code   124  fdiv.o(.text)
    __aeabi_dadd                             0x08000921   Thumb Code   322  dadd.o(.text)
    __aeabi_dsub                             0x08000a63   Thumb Code     6  dadd.o(.text)
    __aeabi_drsub                            0x08000a69   Thumb Code     6  dadd.o(.text)
    __aeabi_dmul                             0x08000a6f   Thumb Code   228  dmul.o(.text)
    __aeabi_ddiv                             0x08000b53   Thumb Code   222  ddiv.o(.text)
    __aeabi_ui2f                             0x08000c31   Thumb Code    10  ffltui.o(.text)
    __aeabi_i2d                              0x08000c3b   Thumb Code    34  dflti.o(.text)
    __aeabi_ui2d                             0x08000c5d   Thumb Code    26  dfltui.o(.text)
    __aeabi_f2uiz                            0x08000c77   Thumb Code    40  ffixui.o(.text)
    __aeabi_d2iz                             0x08000c9f   Thumb Code    62  dfixi.o(.text)
    __aeabi_d2uiz                            0x08000cdd   Thumb Code    50  dfixui.o(.text)
    __aeabi_cdcmpeq                          0x08000d11   Thumb Code     0  cdcmple.o(.text)
    __aeabi_cdcmple                          0x08000d11   Thumb Code    48  cdcmple.o(.text)
    __aeabi_cdrcmple                         0x08000d41   Thumb Code    48  cdrcmple.o(.text)
    __aeabi_uidiv                            0x08000d71   Thumb Code     0  uidiv.o(.text)
    __aeabi_uidivmod                         0x08000d71   Thumb Code    44  uidiv.o(.text)
    __aeabi_uldivmod                         0x08000d9d   Thumb Code    98  uldiv.o(.text)
    __aeabi_llsl                             0x08000dff   Thumb Code    30  llshl.o(.text)
    _ll_shift_l                              0x08000dff   Thumb Code     0  llshl.o(.text)
    __aeabi_lasr                             0x08000e1d   Thumb Code    36  llsshr.o(.text)
    _ll_sshift_r                             0x08000e1d   Thumb Code     0  llsshr.o(.text)
    localtime                                0x08000e41   Thumb Code     6  localtime_w.o(.text)
    _localtime                               0x08000e4d   Thumb Code   134  localtime_i.o(.text)
    _chval                                   0x08000ed9   Thumb Code    28  _chval.o(.text)
    __vfscanf_char                           0x08000f01   Thumb Code    20  scanf_char.o(.text)
    _sgetc                                   0x08000f1d   Thumb Code    30  _sgetc.o(.text)
    _sbackspace                              0x08000f3b   Thumb Code    34  _sgetc.o(.text)
    __I$use$fp                               0x08000f5d   Thumb Code     0  iusefp.o(.text)
    _float_round                             0x08000f5d   Thumb Code    18  fepilogue.o(.text)
    _float_epilogue                          0x08000f6f   Thumb Code    92  fepilogue.o(.text)
    __aeabi_fadd                             0x08000fcb   Thumb Code   164  fadd.o(.text)
    __aeabi_fsub                             0x0800106f   Thumb Code     6  fadd.o(.text)
    __aeabi_frsub                            0x08001075   Thumb Code     6  fadd.o(.text)
    __ARM_scalbnf                            0x0800107b   Thumb Code    24  fscalb.o(.text)
    scalbnf                                  0x0800107b   Thumb Code     0  fscalb.o(.text)
    _double_round                            0x08001093   Thumb Code    30  depilogue.o(.text)
    _double_epilogue                         0x080010b1   Thumb Code   156  depilogue.o(.text)
    __aeabi_i2f                              0x0800114d   Thumb Code    18  fflti.o(.text)
    __aeabi_ul2d                             0x0800115f   Thumb Code    24  dfltul.o(.text)
    __aeabi_d2ulz                            0x08001177   Thumb Code    48  dfixul.o(.text)
    _ffix_r                                  0x080011a7   Thumb Code    76  ffixir.o(.text)
    __aeabi_d2f                              0x080011f3   Thumb Code    56  d2f.o(.text)
    __fp_status                              0x0800122b   Thumb Code     4  fpstat.o(.text)
    __ieee_status                            0x0800122b   Thumb Code     0  fpstat.o(.text)
    __scatterload                            0x08001231   Thumb Code    28  init.o(.text)
    __scatterload_rt2                        0x08001231   Thumb Code     0  init.o(.text)
    isspace                                  0x08001255   Thumb Code    10  isspace_c.o(.text)
    __vfscanf                                0x08001261   Thumb Code   810  _scanf.o(.text)
    __ctype_lookup                           0x08001591   Thumb Code    34  ctype_c.o(.text)
    __decompress                             0x080015b9   Thumb Code     0  __dczerorl2.o(.text)
    __decompress1                            0x080015b9   Thumb Code    86  __dczerorl2.o(.text)
    App_Enter_Low_Power                      0x08001611   Thumb Code    92  app_low_power.o(i.App_Enter_Low_Power)
    App_Exit_Low_Power                       0x08001675   Thumb Code    12  app_low_power.o(i.App_Exit_Low_Power)
    App_Location_Data_to_JSON                0x08001681   Thumb Code   194  app_location.o(i.App_Location_Data_to_JSON)
    App_Location_Get_GPS_Data                0x08001791   Thumb Code   406  app_location.o(i.App_Location_Get_GPS_Data)
    App_Location_Get_Step_Count              0x0800199d   Thumb Code    24  app_location.o(i.App_Location_Get_Step_Count)
    App_Location_Send_Data                   0x080019b9   Thumb Code   108  app_location.o(i.App_Location_Send_Data)
    BusFault_Handler                         0x08001a29   Thumb Code     4  stm32f1xx_it.o(i.BusFault_Handler)
    Com_Delay_ms                             0x08001a2d   Thumb Code    12  com_tool.o(i.Com_Delay_ms)
    Com_Delay_s                              0x08001a39   Thumb Code    26  com_tool.o(i.Com_Delay_s)
    Com_UTC_to_Bj_Time                       0x08001a55   Thumb Code   126  com_tool.o(i.Com_UTC_to_Bj_Time)
    DebugMon_Handler                         0x08001b09   Thumb Code     2  stm32f1xx_it.o(i.DebugMon_Handler)
    Error_Handler                            0x08001b0b   Thumb Code     6  main.o(i.Error_Handler)
    HAL_Delay                                0x08001b11   Thumb Code    36  stm32f1xx_hal.o(i.HAL_Delay)
    HAL_GPIO_DeInit                          0x08001b39   Thumb Code   284  stm32f1xx_hal_gpio.o(i.HAL_GPIO_DeInit)
    HAL_GPIO_Init                            0x08001c6d   Thumb Code   766  stm32f1xx_hal_gpio.o(i.HAL_GPIO_Init)
    HAL_GPIO_ReadPin                         0x08001f8d   Thumb Code    16  stm32f1xx_hal_gpio.o(i.HAL_GPIO_ReadPin)
    HAL_GPIO_WritePin                        0x08001f9d   Thumb Code    12  stm32f1xx_hal_gpio.o(i.HAL_GPIO_WritePin)
    HAL_GetTick                              0x08001fa9   Thumb Code     6  stm32f1xx_hal.o(i.HAL_GetTick)
    HAL_GetUIDw0                             0x08001fb5   Thumb Code     6  stm32f1xx_hal.o(i.HAL_GetUIDw0)
    HAL_GetUIDw1                             0x08001fc1   Thumb Code     6  stm32f1xx_hal.o(i.HAL_GetUIDw1)
    HAL_GetUIDw2                             0x08001fcd   Thumb Code     6  stm32f1xx_hal.o(i.HAL_GetUIDw2)
    HAL_I2C_Init                             0x08001fd9   Thumb Code   446  stm32f1xx_hal_i2c.o(i.HAL_I2C_Init)
    HAL_I2C_Mem_Read                         0x080021a9   Thumb Code   868  stm32f1xx_hal_i2c.o(i.HAL_I2C_Mem_Read)
    HAL_I2C_Mem_Write                        0x0800251d   Thumb Code   348  stm32f1xx_hal_i2c.o(i.HAL_I2C_Mem_Write)
    HAL_I2C_MspInit                          0x08002681   Thumb Code   104  i2c.o(i.HAL_I2C_MspInit)
    HAL_IncTick                              0x080026f5   Thumb Code    16  stm32f1xx_hal.o(i.HAL_IncTick)
    HAL_Init                                 0x0800270d   Thumb Code    34  stm32f1xx_hal.o(i.HAL_Init)
    HAL_InitTick                             0x08002735   Thumb Code    64  stm32f1xx_hal.o(i.HAL_InitTick)
    HAL_MspInit                              0x08002781   Thumb Code    76  stm32f1xx_hal_msp.o(i.HAL_MspInit)
    HAL_NVIC_SetPriority                     0x080027d5   Thumb Code   124  stm32f1xx_hal_cortex.o(i.HAL_NVIC_SetPriority)
    HAL_NVIC_SetPriorityGrouping             0x08002851   Thumb Code    32  stm32f1xx_hal_cortex.o(i.HAL_NVIC_SetPriorityGrouping)
    HAL_PWR_EnableBkUpAccess                 0x08002879   Thumb Code     8  stm32f1xx_hal_pwr.o(i.HAL_PWR_EnableBkUpAccess)
    HAL_PWR_EnterSTANDBYMode                 0x08002885   Thumb Code    32  stm32f1xx_hal_pwr.o(i.HAL_PWR_EnterSTANDBYMode)
    HAL_RCCEx_GetPeriphCLKFreq               0x080028ad   Thumb Code   232  stm32f1xx_hal_rcc_ex.o(i.HAL_RCCEx_GetPeriphCLKFreq)
    HAL_RCCEx_PeriphCLKConfig                0x080029a9   Thumb Code   290  stm32f1xx_hal_rcc_ex.o(i.HAL_RCCEx_PeriphCLKConfig)
    HAL_RCC_ClockConfig                      0x08002ad9   Thumb Code   376  stm32f1xx_hal_rcc.o(i.HAL_RCC_ClockConfig)
    HAL_RCC_GetHCLKFreq                      0x08002c65   Thumb Code     6  stm32f1xx_hal_rcc.o(i.HAL_RCC_GetHCLKFreq)
    HAL_RCC_GetPCLK1Freq                     0x08002c71   Thumb Code    22  stm32f1xx_hal_rcc.o(i.HAL_RCC_GetPCLK1Freq)
    HAL_RCC_GetPCLK2Freq                     0x08002c91   Thumb Code    22  stm32f1xx_hal_rcc.o(i.HAL_RCC_GetPCLK2Freq)
    HAL_RCC_GetSysClockFreq                  0x08002cb1   Thumb Code    92  stm32f1xx_hal_rcc.o(i.HAL_RCC_GetSysClockFreq)
    HAL_RCC_OscConfig                        0x08002d21   Thumb Code  1114  stm32f1xx_hal_rcc.o(i.HAL_RCC_OscConfig)
    HAL_RTC_GetTime                          0x08003185   Thumb Code   260  stm32f1xx_hal_rtc.o(i.HAL_RTC_GetTime)
    HAL_RTC_Init                             0x08003289   Thumb Code   188  stm32f1xx_hal_rtc.o(i.HAL_RTC_Init)
    HAL_RTC_MspInit                          0x08003349   Thumb Code    52  rtc.o(i.HAL_RTC_MspInit)
    HAL_RTC_SetAlarm                         0x08003389   Thumb Code   208  stm32f1xx_hal_rtc.o(i.HAL_RTC_SetAlarm)
    HAL_RTC_WaitForSynchro                   0x0800345d   Thumb Code    64  stm32f1xx_hal_rtc.o(i.HAL_RTC_WaitForSynchro)
    HAL_SPI_DeInit                           0x0800349d   Thumb Code    54  stm32f1xx_hal_spi.o(i.HAL_SPI_DeInit)
    HAL_SPI_Init                             0x080034d3   Thumb Code   190  stm32f1xx_hal_spi.o(i.HAL_SPI_Init)
    HAL_SPI_MspDeInit                        0x08003591   Thumb Code    34  spi.o(i.HAL_SPI_MspDeInit)
    HAL_SPI_MspInit                          0x080035c1   Thumb Code   120  spi.o(i.HAL_SPI_MspInit)
    HAL_SPI_Receive                          0x08003645   Thumb Code   386  stm32f1xx_hal_spi.o(i.HAL_SPI_Receive)
    HAL_SPI_Transmit                         0x080037c7   Thumb Code   446  stm32f1xx_hal_spi.o(i.HAL_SPI_Transmit)
    HAL_SPI_TransmitReceive                  0x08003985   Thumb Code   584  stm32f1xx_hal_spi.o(i.HAL_SPI_TransmitReceive)
    HAL_SYSTICK_Config                       0x08003bcd   Thumb Code    52  stm32f1xx_hal_cortex.o(i.HAL_SYSTICK_Config)
    HAL_UARTEx_ReceiveToIdle                 0x08003c01   Thumb Code   296  stm32f1xx_hal_uart.o(i.HAL_UARTEx_ReceiveToIdle)
    HAL_UART_Init                            0x08003d29   Thumb Code   118  stm32f1xx_hal_uart.o(i.HAL_UART_Init)
    HAL_UART_MspInit                         0x08003da1   Thumb Code   328  usart.o(i.HAL_UART_MspInit)
    HAL_UART_Receive                         0x08003f01   Thumb Code   194  stm32f1xx_hal_uart.o(i.HAL_UART_Receive)
    HAL_UART_Transmit                        0x08003fc3   Thumb Code   190  stm32f1xx_hal_uart.o(i.HAL_UART_Transmit)
    HardFault_Handler                        0x08004081   Thumb Code     4  stm32f1xx_it.o(i.HardFault_Handler)
    Int_AT6558R_Enter_Low_Power              0x08004615   Thumb Code    14  int_at6558r.o(i.Int_AT6558R_Enter_Low_Power)
    Int_AT6558R_Exit_Low_Power               0x08004629   Thumb Code    20  int_at6558r.o(i.Int_AT6558R_Exit_Low_Power)
    Int_AT6558R_Init                         0x08004641   Thumb Code    16  int_at6558r.o(i.Int_AT6558R_Init)
    Int_AT6558R_Read_GPS                     0x08004669   Thumb Code   124  int_at6558r.o(i.Int_AT6558R_Read_GPS)
    Int_AT6558R_Send_CMD                     0x08004701   Thumb Code    60  int_at6558r.o(i.Int_AT6558R_Send_CMD)
    Int_DS3553_Get_Step                      0x08004751   Thumb Code    60  int_ds3553.o(i.Int_DS3553_Get_Step)
    Int_DS3553_Init                          0x0800478d   Thumb Code    34  int_ds3553.o(i.Int_DS3553_Init)
    Int_DS3553_ReadReg                       0x080047b1   Thumb Code    64  int_ds3553.o(i.Int_DS3553_ReadReg)
    Int_DS3553_WriteReg                      0x080047f9   Thumb Code    68  int_ds3553.o(i.Int_DS3553_WriteReg)
    Int_LoRa_Enter_RX_Mode                   0x08004845   Thumb Code   144  int_lora.o(i.Int_LoRa_Enter_RX_Mode)
    Int_LoRa_Enter_TX_Mode                   0x080048dd   Thumb Code    68  int_lora.o(i.Int_LoRa_Enter_TX_Mode)
    Int_LoRa_Init                            0x08004929   Thumb Code   572  int_lora.o(i.Int_LoRa_Init)
    Int_LoRa_Send_Data                       0x08004e91   Thumb Code    56  int_lora.o(i.Int_LoRa_Send_Data)
    Int_QS100_Close_Client                   0x08004ecd   Thumb Code    50  int_qs100.o(i.Int_QS100_Close_Client)
    Int_QS100_Connect_Server                 0x08004f19   Thumb Code    58  int_qs100.o(i.Int_QS100_Connect_Server)
    Int_QS100_Create_Client                  0x08004f71   Thumb Code    44  int_qs100.o(i.Int_QS100_Create_Client)
    Int_QS100_Enter_Low_Power                0x08004fc5   Thumb Code    12  int_qs100.o(i.Int_QS100_Enter_Low_Power)
    Int_QS100_Exit_Low_Power                 0x08004fe1   Thumb Code     8  int_qs100.o(i.Int_QS100_Exit_Low_Power)
    Int_QS100_GetIP                          0x08004fe9   Thumb Code    26  int_qs100.o(i.Int_QS100_GetIP)
    Int_QS100_Init                           0x08005021   Thumb Code    20  int_qs100.o(i.Int_QS100_Init)
    Int_QS100_Reset                          0x08005049   Thumb Code    72  int_qs100.o(i.Int_QS100_Reset)
    Int_QS100_SendData                       0x080050a5   Thumb Code   222  int_qs100.o(i.Int_QS100_SendData)
    Int_QS100_Send_Cmd                       0x08005195   Thumb Code   140  int_qs100.o(i.Int_QS100_Send_Cmd)
    Int_QS100_Send_Data_to_Server            0x08005241   Thumb Code   170  int_qs100.o(i.Int_QS100_Send_Data_to_Server)
    Int_QS100_Wkup                           0x08005335   Thumb Code    38  int_qs100.o(i.Int_QS100_Wkup)
    MX_GPIO_Init                             0x08005361   Thumb Code   224  gpio.o(i.MX_GPIO_Init)
    MX_I2C1_Init                             0x0800544d   Thumb Code    48  i2c.o(i.MX_I2C1_Init)
    MX_RTC_Init                              0x08005489   Thumb Code    34  rtc.o(i.MX_RTC_Init)
    MX_SPI1_Init                             0x080054b5   Thumb Code    60  spi.o(i.MX_SPI1_Init)
    MX_USART1_UART_Init                      0x080054f9   Thumb Code    46  usart.o(i.MX_USART1_UART_Init)
    MX_USART2_UART_Init                      0x08005531   Thumb Code    46  usart.o(i.MX_USART2_UART_Init)
    MX_USART3_UART_Init                      0x08005569   Thumb Code    46  usart.o(i.MX_USART3_UART_Init)
    MemManage_Handler                        0x080055a1   Thumb Code     4  stm32f1xx_it.o(i.MemManage_Handler)
    NMI_Handler                              0x080055a5   Thumb Code     4  stm32f1xx_it.o(i.NMI_Handler)
    PendSV_Handler                           0x080055a9   Thumb Code     2  stm32f1xx_it.o(i.PendSV_Handler)
    SVC_Handler                              0x08005a21   Thumb Code     2  stm32f1xx_it.o(i.SVC_Handler)
    SysTick_Handler                          0x08005a23   Thumb Code     8  stm32f1xx_it.o(i.SysTick_Handler)
    SystemClock_Config                       0x08005a2b   Thumb Code   136  main.o(i.SystemClock_Config)
    SystemInit                               0x08005ab3   Thumb Code     2  system_stm32f1xx.o(i.SystemInit)
    UsageFault_Handler                       0x08005ca9   Thumb Code     4  stm32f1xx_it.o(i.UsageFault_Handler)
    __0sprintf                               0x08005cad   Thumb Code    34  printfa.o(i.__0sprintf)
    __1sprintf                               0x08005cad   Thumb Code     0  printfa.o(i.__0sprintf)
    __2sprintf                               0x08005cad   Thumb Code     0  printfa.o(i.__0sprintf)
    __c89sprintf                             0x08005cad   Thumb Code     0  printfa.o(i.__0sprintf)
    sprintf                                  0x08005cad   Thumb Code     0  printfa.o(i.__0sprintf)
    __0vprintf                               0x08005cd5   Thumb Code     8  printfa.o(i.__0vprintf)
    __1vprintf                               0x08005cd5   Thumb Code     0  printfa.o(i.__0vprintf)
    __2vprintf                               0x08005cd5   Thumb Code     0  printfa.o(i.__0vprintf)
    __c89vprintf                             0x08005cd5   Thumb Code     0  printfa.o(i.__0vprintf)
    vprintf                                  0x08005cd5   Thumb Code     0  printfa.o(i.__0vprintf)
    __ARM_fpclassifyf                        0x08005ce5   Thumb Code    38  fpclassifyf.o(i.__ARM_fpclassifyf)
    free                                     0x08005d45   Thumb Code    88  mallocr.o(i.__free$realloc)
    malloc                                   0x08005da1   Thumb Code    64  mallocr.o(i.__malloc$realloc)
    __mathlib_flt_divzero                    0x08005df1   Thumb Code    10  funder.o(i.__mathlib_flt_divzero)
    __mathlib_flt_infnan2                    0x08005dfb   Thumb Code     4  funder.o(i.__mathlib_flt_infnan2)
    __mathlib_flt_invalid                    0x08005dff   Thumb Code     8  funder.o(i.__mathlib_flt_invalid)
    __mathlib_flt_overflow                   0x08005e07   Thumb Code    10  funder.o(i.__mathlib_flt_overflow)
    __mathlib_flt_underflow                  0x08005e11   Thumb Code    10  funder.o(i.__mathlib_flt_underflow)
    __scatterload_copy                       0x08005e1b   Thumb Code    14  handlers.o(i.__scatterload_copy)
    __scatterload_null                       0x08005e29   Thumb Code     2  handlers.o(i.__scatterload_null)
    __scatterload_zeroinit                   0x08005e2b   Thumb Code    14  handlers.o(i.__scatterload_zeroinit)
    __set_errno                              0x08005e39   Thumb Code     6  errno.o(i.__set_errno)
    _is_digit                                0x08005fc9   Thumb Code    14  scanf_fp.o(i._is_digit)
    cJSON_AddNumberToObject                  0x08006a51   Thumb Code    56  cjson.o(i.cJSON_AddNumberToObject)
    cJSON_AddStringToObject                  0x08006a8d   Thumb Code    48  cjson.o(i.cJSON_AddStringToObject)
    cJSON_CreateNumber                       0x08006ac1   Thumb Code    82  cjson.o(i.cJSON_CreateNumber)
    cJSON_CreateObject                       0x08006b25   Thumb Code    20  cjson.o(i.cJSON_CreateObject)
    cJSON_CreateString                       0x08006b3d   Thumb Code    46  cjson.o(i.cJSON_CreateString)
    cJSON_Delete                             0x08006b71   Thumb Code    92  cjson.o(i.cJSON_Delete)
    cJSON_PrintUnformatted                   0x08006bed   Thumb Code    16  cjson.o(i.cJSON_PrintUnformatted)
    cJSON_free                               0x08006c01   Thumb Code    16  cjson.o(i.cJSON_free)
    fputc                                    0x08006d7d   Thumb Code    22  com_debug.o(i.fputc)
    llcc68_clear_device_errors               0x08006ded   Thumb Code    82  driver_llcc68.o(i.llcc68_clear_device_errors)
    llcc68_clear_irq_status                  0x08006e81   Thumb Code    86  driver_llcc68.o(i.llcc68_clear_irq_status)
    llcc68_continuous_receive                0x08006f15   Thumb Code   148  driver_llcc68.o(i.llcc68_continuous_receive)
    llcc68_deinit                            0x08006ffd   Thumb Code   130  driver_llcc68.o(i.llcc68_deinit)
    llcc68_frequency_convert_to_register     0x08007119   Thumb Code    94  driver_llcc68.o(i.llcc68_frequency_convert_to_register)
    llcc68_get_iq_polarity                   0x08007185   Thumb Code    76  driver_llcc68.o(i.llcc68_get_iq_polarity)
    llcc68_get_tx_clamp_config               0x08007209   Thumb Code    76  driver_llcc68.o(i.llcc68_get_tx_clamp_config)
    llcc68_get_tx_modulation                 0x0800728d   Thumb Code    76  driver_llcc68.o(i.llcc68_get_tx_modulation)
    llcc68_init                              0x08007311   Thumb Code   426  driver_llcc68.o(i.llcc68_init)
    llcc68_interface_busy_gpio_deinit        0x08007709   Thumb Code     4  driver_llcc68_interface.o(i.llcc68_interface_busy_gpio_deinit)
    llcc68_interface_busy_gpio_init          0x0800770d   Thumb Code     4  driver_llcc68_interface.o(i.llcc68_interface_busy_gpio_init)
    llcc68_interface_busy_gpio_read          0x08007711   Thumb Code    18  driver_llcc68_interface.o(i.llcc68_interface_busy_gpio_read)
    llcc68_interface_debug_print             0x08007729   Thumb Code    26  driver_llcc68_interface.o(i.llcc68_interface_debug_print)
    llcc68_interface_delay_ms                0x08007743   Thumb Code    12  driver_llcc68_interface.o(i.llcc68_interface_delay_ms)
    llcc68_interface_receive_callback        0x08007751   Thumb Code   154  driver_llcc68_interface.o(i.llcc68_interface_receive_callback)
    llcc68_interface_reset_gpio_deinit       0x08007919   Thumb Code     4  driver_llcc68_interface.o(i.llcc68_interface_reset_gpio_deinit)
    llcc68_interface_reset_gpio_init         0x0800791d   Thumb Code     4  driver_llcc68_interface.o(i.llcc68_interface_reset_gpio_init)
    llcc68_interface_reset_gpio_write        0x08007921   Thumb Code    32  driver_llcc68_interface.o(i.llcc68_interface_reset_gpio_write)
    llcc68_interface_spi_deinit              0x08007945   Thumb Code    20  driver_llcc68_interface.o(i.llcc68_interface_spi_deinit)
    llcc68_interface_spi_init                0x0800795d   Thumb Code     4  driver_llcc68_interface.o(i.llcc68_interface_spi_init)
    llcc68_interface_spi_write_read          0x08007961   Thumb Code   118  driver_llcc68_interface.o(i.llcc68_interface_spi_write_read)
    llcc68_irq_handler                       0x080079e1   Thumb Code   536  driver_llcc68.o(i.llcc68_irq_handler)
    llcc68_lora_transmit                     0x08007cc5   Thumb Code   674  driver_llcc68.o(i.llcc68_lora_transmit)
    llcc68_reset_stats                       0x08008099   Thumb Code   122  driver_llcc68.o(i.llcc68_reset_stats)
    llcc68_set_buffer_base_address           0x0800814d   Thumb Code    84  driver_llcc68.o(i.llcc68_set_buffer_base_address)
    llcc68_set_dio_irq_params                0x080081e5   Thumb Code   142  driver_llcc68.o(i.llcc68_set_dio_irq_params)
    llcc68_set_iq_polarity                   0x080082b1   Thumb Code    74  driver_llcc68.o(i.llcc68_set_iq_polarity)
    llcc68_set_lora_modulation_params        0x08008335   Thumb Code   102  driver_llcc68.o(i.llcc68_set_lora_modulation_params)
    llcc68_set_lora_packet_params            0x080083e1   Thumb Code   114  driver_llcc68.o(i.llcc68_set_lora_packet_params)
    llcc68_set_lora_symb_num_timeout         0x08008499   Thumb Code    76  driver_llcc68.o(i.llcc68_set_lora_symb_num_timeout)
    llcc68_set_lora_sync_word                0x08008529   Thumb Code    88  driver_llcc68.o(i.llcc68_set_lora_sync_word)
    llcc68_set_ocp                           0x080085b9   Thumb Code    74  driver_llcc68.o(i.llcc68_set_ocp)
    llcc68_set_pa_config                     0x0800863d   Thumb Code    96  driver_llcc68.o(i.llcc68_set_pa_config)
    llcc68_set_packet_type                   0x080086d5   Thumb Code    76  driver_llcc68.o(i.llcc68_set_packet_type)
    llcc68_set_regulator_mode                0x0800875d   Thumb Code    76  driver_llcc68.o(i.llcc68_set_regulator_mode)
    llcc68_set_rf_frequency                  0x080087e5   Thumb Code    98  driver_llcc68.o(i.llcc68_set_rf_frequency)
    llcc68_set_rx_gain                       0x08008885   Thumb Code    74  driver_llcc68.o(i.llcc68_set_rx_gain)
    llcc68_set_rx_tx_fallback_mode           0x08008909   Thumb Code    76  driver_llcc68.o(i.llcc68_set_rx_tx_fallback_mode)
    llcc68_set_standby                       0x08008999   Thumb Code    76  driver_llcc68.o(i.llcc68_set_standby)
    llcc68_set_stop_timer_on_preamble        0x08008a1d   Thumb Code    76  driver_llcc68.o(i.llcc68_set_stop_timer_on_preamble)
    llcc68_set_tx_clamp_config               0x08008aad   Thumb Code    74  driver_llcc68.o(i.llcc68_set_tx_clamp_config)
    llcc68_set_tx_modulation                 0x08008b31   Thumb Code    74  driver_llcc68.o(i.llcc68_set_tx_modulation)
    llcc68_set_tx_params                     0x08008bb5   Thumb Code    86  driver_llcc68.o(i.llcc68_set_tx_params)
    main                                     0x08008c45   Thumb Code    70  main.o(i.main)
    __mathlib_powf                           0x08008c8d   Thumb Code     0  powf.o(i.powf)
    powf                                     0x08008c8d   Thumb Code  1548  powf.o(i.powf)
    realloc                                  0x0800996d   Thumb Code   102  mallocr.o(i.realloc)
    AHBPrescTable                            0x08009a26   Data          16  system_stm32f1xx.o(.constdata)
    APBPrescTable                            0x08009a36   Data           8  system_stm32f1xx.o(.constdata)
    __ctype_categories                       0x08009b98   Data          64  ctype_c.o(.constdata)
    Region$$Table$$Base                      0x08009bd8   Number         0  anon$$obj.o(Region$$Table)
    Region$$Table$$Limit                     0x08009bf8   Number         0  anon$$obj.o(Region$$Table)
    uwTick                                   0x20000000   Data           4  stm32f1xx_hal.o(.data)
    uwTickPrio                               0x20000004   Data           4  stm32f1xx_hal.o(.data)
    uwTickFreq                               0x20000008   Data           1  stm32f1xx_hal.o(.data)
    SystemCoreClock                          0x2000000c   Data           4  system_stm32f1xx.o(.data)
    gps_buff_len                             0x20000024   Data           2  int_at6558r.o(.data)
    gps_full_buff_len                        0x20000026   Data           2  int_at6558r.o(.data)
    iot_buff_len                             0x20000028   Data           2  int_qs100.o(.data)
    iot_full_buff_len                        0x2000002a   Data           2  int_qs100.o(.data)
    gs_handle                                0x2000002c   Data         696  int_lora.o(.data)
    __stdout                                 0x200002e4   Data           4  stdout.o(.data)
    __microlib_freelist                      0x200002e8   Data           4  mvars.o(.data)
    __microlib_freelist_initialised          0x200002ec   Data           4  mvars.o(.data)
    hi2c1                                    0x200002f4   Data          84  i2c.o(.bss)
    hrtc                                     0x20000348   Data          20  rtc.o(.bss)
    hspi1                                    0x2000035c   Data          88  spi.o(.bss)
    huart1                                   0x200003b4   Data          72  usart.o(.bss)
    huart2                                   0x200003fc   Data          72  usart.o(.bss)
    huart3                                   0x20000444   Data          72  usart.o(.bss)
    gps_buff                                 0x2000048c   Data         512  int_at6558r.o(.bss)
    gps_full_buff                            0x2000068c   Data         512  int_at6558r.o(.bss)
    send_cmd                                 0x2000088c   Data          64  int_at6558r.o(.bss)
    iot_buff                                 0x200008cc   Data         128  int_qs100.o(.bss)
    iot_full_buff                            0x2000094c   Data         256  int_qs100.o(.bss)
    cmd                                      0x20000a4c   Data         512  int_qs100.o(.bss)
    upload_data                              0x20000c50   Data         608  app_location.o(.bss)
    __heap_base                              0x20000ee0   Data           0  startup_stm32f103xb.o(HEAP)
    __heap_limit                             0x200016e0   Data           0  startup_stm32f103xb.o(HEAP)
    __initial_sp                             0x20001ee0   Data           0  startup_stm32f103xb.o(STACK)



==============================================================================

Memory Map of the image

  Image Entry point : 0x080000ed

  Load Region LR_IROM1 (Base: 0x08000000, Size: 0x00009eec, Max: 0x00010000, ABSOLUTE, COMPRESSED[0x00009c38])

    Execution Region ER_IROM1 (Exec base: 0x08000000, Load base: 0x08000000, Size: 0x00009bf8, Max: 0x00010000, ABSOLUTE)

    Exec Addr    Load Addr    Size         Type   Attr      Idx    E Section Name        Object

    0x08000000   0x08000000   0x000000ec   Data   RO            3    RESET               startup_stm32f103xb.o
    0x080000ec   0x080000ec   0x00000000   Code   RO         4934  * .ARM.Collect$$$$00000000  mc_w.l(entry.o)
    0x080000ec   0x080000ec   0x00000004   Code   RO         5309    .ARM.Collect$$$$00000001  mc_w.l(entry2.o)
    0x080000f0   0x080000f0   0x00000004   Code   RO         5312    .ARM.Collect$$$$00000004  mc_w.l(entry5.o)
    0x080000f4   0x080000f4   0x00000000   Code   RO         5314    .ARM.Collect$$$$00000008  mc_w.l(entry7b.o)
    0x080000f4   0x080000f4   0x00000000   Code   RO         5316    .ARM.Collect$$$$0000000A  mc_w.l(entry8b.o)
    0x080000f4   0x080000f4   0x00000008   Code   RO         5317    .ARM.Collect$$$$0000000B  mc_w.l(entry9a.o)
    0x080000fc   0x080000fc   0x00000004   Code   RO         5324    .ARM.Collect$$$$0000000E  mc_w.l(entry12b.o)
    0x08000100   0x08000100   0x00000000   Code   RO         5319    .ARM.Collect$$$$0000000F  mc_w.l(entry10a.o)
    0x08000100   0x08000100   0x00000000   Code   RO         5321    .ARM.Collect$$$$00000011  mc_w.l(entry11a.o)
    0x08000100   0x08000100   0x00000004   Code   RO         5310    .ARM.Collect$$$$00002712  mc_w.l(entry2.o)
    0x08000104   0x08000104   0x00000024   Code   RO            4    .text               startup_stm32f103xb.o
    0x08000128   0x08000128   0x00000020   Code   RO         4937    .text               mc_w.l(llushr.o)
    0x08000148   0x08000148   0x000000a8   Code   RO         4945    .text               mc_w.l(mktime.o)
    0x080001f0   0x080001f0   0x00000024   Code   RO         4948    .text               mc_w.l(memcpya.o)
    0x08000214   0x08000214   0x00000024   Code   RO         4950    .text               mc_w.l(memseta.o)
    0x08000238   0x08000238   0x00000024   Code   RO         4952    .text               mc_w.l(strstr.o)
    0x0800025c   0x0800025c   0x0000000e   Code   RO         4956    .text               mc_w.l(strlen.o)
    0x0800026a   0x0800026a   0x00000012   Code   RO         4960    .text               mc_w.l(strcpy.o)
    0x0800027c   0x0800027c   0x00000038   Code   RO         5255    .text               mc_w.l(__0sscanf.o)
    0x080002b4   0x080002b4   0x0000014c   Code   RO         5257    .text               mc_w.l(_scanf_int.o)
    0x08000400   0x08000400   0x000000e0   Code   RO         5259    .text               mc_w.l(_scanf_str.o)
    0x080004e0   0x080004e0   0x00000360   Code   RO         5261    .text               mc_w.l(scanf_fp.o)
    0x08000840   0x08000840   0x00000064   Code   RO         5265    .text               mf_w.l(fmul.o)
    0x080008a4   0x080008a4   0x0000007c   Code   RO         5267    .text               mf_w.l(fdiv.o)
    0x08000920   0x08000920   0x0000014e   Code   RO         5269    .text               mf_w.l(dadd.o)
    0x08000a6e   0x08000a6e   0x000000e4   Code   RO         5271    .text               mf_w.l(dmul.o)
    0x08000b52   0x08000b52   0x000000de   Code   RO         5273    .text               mf_w.l(ddiv.o)
    0x08000c30   0x08000c30   0x0000000a   Code   RO         5275    .text               mf_w.l(ffltui.o)
    0x08000c3a   0x08000c3a   0x00000022   Code   RO         5277    .text               mf_w.l(dflti.o)
    0x08000c5c   0x08000c5c   0x0000001a   Code   RO         5279    .text               mf_w.l(dfltui.o)
    0x08000c76   0x08000c76   0x00000028   Code   RO         5281    .text               mf_w.l(ffixui.o)
    0x08000c9e   0x08000c9e   0x0000003e   Code   RO         5283    .text               mf_w.l(dfixi.o)
    0x08000cdc   0x08000cdc   0x00000032   Code   RO         5285    .text               mf_w.l(dfixui.o)
    0x08000d0e   0x08000d0e   0x00000002   PAD
    0x08000d10   0x08000d10   0x00000030   Code   RO         5289    .text               mf_w.l(cdcmple.o)
    0x08000d40   0x08000d40   0x00000030   Code   RO         5291    .text               mf_w.l(cdrcmple.o)
    0x08000d70   0x08000d70   0x0000002c   Code   RO         5326    .text               mc_w.l(uidiv.o)
    0x08000d9c   0x08000d9c   0x00000062   Code   RO         5328    .text               mc_w.l(uldiv.o)
    0x08000dfe   0x08000dfe   0x0000001e   Code   RO         5330    .text               mc_w.l(llshl.o)
    0x08000e1c   0x08000e1c   0x00000024   Code   RO         5332    .text               mc_w.l(llsshr.o)
    0x08000e40   0x08000e40   0x0000000c   Code   RO         5334    .text               mc_w.l(localtime_w.o)
    0x08000e4c   0x08000e4c   0x0000008c   Code   RO         5337    .text               mc_w.l(localtime_i.o)
    0x08000ed8   0x08000ed8   0x0000001c   Code   RO         5349    .text               mc_w.l(_chval.o)
    0x08000ef4   0x08000ef4   0x00000028   Code   RO         5351    .text               mc_w.l(scanf_char.o)
    0x08000f1c   0x08000f1c   0x00000040   Code   RO         5353    .text               mc_w.l(_sgetc.o)
    0x08000f5c   0x08000f5c   0x00000000   Code   RO         5357    .text               mc_w.l(iusefp.o)
    0x08000f5c   0x08000f5c   0x0000006e   Code   RO         5358    .text               mf_w.l(fepilogue.o)
    0x08000fca   0x08000fca   0x000000b0   Code   RO         5360    .text               mf_w.l(fadd.o)
    0x0800107a   0x0800107a   0x00000018   Code   RO         5362    .text               mf_w.l(fscalb.o)
    0x08001092   0x08001092   0x000000ba   Code   RO         5364    .text               mf_w.l(depilogue.o)
    0x0800114c   0x0800114c   0x00000012   Code   RO         5366    .text               mf_w.l(fflti.o)
    0x0800115e   0x0800115e   0x00000018   Code   RO         5368    .text               mf_w.l(dfltul.o)
    0x08001176   0x08001176   0x00000030   Code   RO         5370    .text               mf_w.l(dfixul.o)
    0x080011a6   0x080011a6   0x0000004c   Code   RO         5372    .text               mf_w.l(ffixir.o)
    0x080011f2   0x080011f2   0x00000038   Code   RO         5374    .text               mf_w.l(d2f.o)
    0x0800122a   0x0800122a   0x00000004   Code   RO         5376    .text               mf_w.l(fpstat.o)
    0x0800122e   0x0800122e   0x00000002   PAD
    0x08001230   0x08001230   0x00000024   Code   RO         5378    .text               mc_w.l(init.o)
    0x08001254   0x08001254   0x0000000a   Code   RO         5380    .text               mc_w.l(isspace_c.o)
    0x0800125e   0x0800125e   0x00000002   PAD
    0x08001260   0x08001260   0x00000330   Code   RO         5382    .text               mc_w.l(_scanf.o)
    0x08001590   0x08001590   0x00000028   Code   RO         5384    .text               mc_w.l(ctype_c.o)
    0x080015b8   0x080015b8   0x00000056   Code   RO         5395    .text               mc_w.l(__dczerorl2.o)
    0x0800160e   0x0800160e   0x00000002   PAD
    0x08001610   0x08001610   0x00000064   Code   RO         4842    i.App_Enter_Low_Power  app_low_power.o
    0x08001674   0x08001674   0x0000000c   Code   RO         4843    i.App_Exit_Low_Power  app_low_power.o
    0x08001680   0x08001680   0x00000110   Code   RO         4875    i.App_Location_Data_to_JSON  app_location.o
    0x08001790   0x08001790   0x0000020c   Code   RO         4876    i.App_Location_Get_GPS_Data  app_location.o
    0x0800199c   0x0800199c   0x0000001c   Code   RO         4877    i.App_Location_Get_Step_Count  app_location.o
    0x080019b8   0x080019b8   0x00000070   Code   RO         4878    i.App_Location_Send_Data  app_location.o
    0x08001a28   0x08001a28   0x00000004   Code   RO          416    i.BusFault_Handler  stm32f1xx_it.o
    0x08001a2c   0x08001a2c   0x0000000c   Code   RO         3078    i.Com_Delay_ms      com_tool.o
    0x08001a38   0x08001a38   0x0000001a   Code   RO         3079    i.Com_Delay_s       com_tool.o
    0x08001a52   0x08001a52   0x00000002   PAD
    0x08001a54   0x08001a54   0x000000b4   Code   RO         3081    i.Com_UTC_to_Bj_Time  com_tool.o
    0x08001b08   0x08001b08   0x00000002   Code   RO          417    i.DebugMon_Handler  stm32f1xx_it.o
    0x08001b0a   0x08001b0a   0x00000006   Code   RO           13    i.Error_Handler     main.o
    0x08001b10   0x08001b10   0x00000028   Code   RO         1035    i.HAL_Delay         stm32f1xx_hal.o
    0x08001b38   0x08001b38   0x00000134   Code   RO         1347    i.HAL_GPIO_DeInit   stm32f1xx_hal_gpio.o
    0x08001c6c   0x08001c6c   0x00000320   Code   RO         1350    i.HAL_GPIO_Init     stm32f1xx_hal_gpio.o
    0x08001f8c   0x08001f8c   0x00000010   Code   RO         1352    i.HAL_GPIO_ReadPin  stm32f1xx_hal_gpio.o
    0x08001f9c   0x08001f9c   0x0000000c   Code   RO         1354    i.HAL_GPIO_WritePin  stm32f1xx_hal_gpio.o
    0x08001fa8   0x08001fa8   0x0000000c   Code   RO         1039    i.HAL_GetTick       stm32f1xx_hal.o
    0x08001fb4   0x08001fb4   0x0000000c   Code   RO         1042    i.HAL_GetUIDw0      stm32f1xx_hal.o
    0x08001fc0   0x08001fc0   0x0000000c   Code   RO         1043    i.HAL_GetUIDw1      stm32f1xx_hal.o
    0x08001fcc   0x08001fcc   0x0000000c   Code   RO         1044    i.HAL_GetUIDw2      stm32f1xx_hal.o
    0x08001fd8   0x08001fd8   0x000001d0   Code   RO          562    i.HAL_I2C_Init      stm32f1xx_hal_i2c.o
    0x080021a8   0x080021a8   0x00000374   Code   RO          580    i.HAL_I2C_Mem_Read  stm32f1xx_hal_i2c.o
    0x0800251c   0x0800251c   0x00000164   Code   RO          583    i.HAL_I2C_Mem_Write  stm32f1xx_hal_i2c.o
    0x08002680   0x08002680   0x00000074   Code   RO          237    i.HAL_I2C_MspInit   i2c.o
    0x080026f4   0x080026f4   0x00000018   Code   RO         1045    i.HAL_IncTick       stm32f1xx_hal.o
    0x0800270c   0x0800270c   0x00000028   Code   RO         1046    i.HAL_Init          stm32f1xx_hal.o
    0x08002734   0x08002734   0x0000004c   Code   RO         1047    i.HAL_InitTick      stm32f1xx_hal.o
    0x08002780   0x08002780   0x00000054   Code   RO          491    i.HAL_MspInit       stm32f1xx_hal_msp.o
    0x080027d4   0x080027d4   0x0000007c   Code   RO         1516    i.HAL_NVIC_SetPriority  stm32f1xx_hal_cortex.o
    0x08002850   0x08002850   0x00000028   Code   RO         1517    i.HAL_NVIC_SetPriorityGrouping  stm32f1xx_hal_cortex.o
    0x08002878   0x08002878   0x0000000c   Code   RO         1637    i.HAL_PWR_EnableBkUpAccess  stm32f1xx_hal_pwr.o
    0x08002884   0x08002884   0x00000028   Code   RO         1643    i.HAL_PWR_EnterSTANDBYMode  stm32f1xx_hal_pwr.o
    0x080028ac   0x080028ac   0x000000fc   Code   RO         1311    i.HAL_RCCEx_GetPeriphCLKFreq  stm32f1xx_hal_rcc_ex.o
    0x080029a8   0x080029a8   0x00000130   Code   RO         1312    i.HAL_RCCEx_PeriphCLKConfig  stm32f1xx_hal_rcc_ex.o
    0x08002ad8   0x08002ad8   0x0000018c   Code   RO         1203    i.HAL_RCC_ClockConfig  stm32f1xx_hal_rcc.o
    0x08002c64   0x08002c64   0x0000000c   Code   RO         1208    i.HAL_RCC_GetHCLKFreq  stm32f1xx_hal_rcc.o
    0x08002c70   0x08002c70   0x00000020   Code   RO         1210    i.HAL_RCC_GetPCLK1Freq  stm32f1xx_hal_rcc.o
    0x08002c90   0x08002c90   0x00000020   Code   RO         1211    i.HAL_RCC_GetPCLK2Freq  stm32f1xx_hal_rcc.o
    0x08002cb0   0x08002cb0   0x00000070   Code   RO         1212    i.HAL_RCC_GetSysClockFreq  stm32f1xx_hal_rcc.o
    0x08002d20   0x08002d20   0x00000464   Code   RO         1215    i.HAL_RCC_OscConfig  stm32f1xx_hal_rcc.o
    0x08003184   0x08003184   0x00000104   Code   RO         2043    i.HAL_RTC_GetTime   stm32f1xx_hal_rtc.o
    0x08003288   0x08003288   0x000000c0   Code   RO         2044    i.HAL_RTC_Init      stm32f1xx_hal_rtc.o
    0x08003348   0x08003348   0x00000040   Code   RO          279    i.HAL_RTC_MspInit   rtc.o
    0x08003388   0x08003388   0x000000d4   Code   RO         2048    i.HAL_RTC_SetAlarm  stm32f1xx_hal_rtc.o
    0x0800345c   0x0800345c   0x00000040   Code   RO         2052    i.HAL_RTC_WaitForSynchro  stm32f1xx_hal_rtc.o
    0x0800349c   0x0800349c   0x00000036   Code   RO         2319    i.HAL_SPI_DeInit    stm32f1xx_hal_spi.o
    0x080034d2   0x080034d2   0x000000be   Code   RO         2324    i.HAL_SPI_Init      stm32f1xx_hal_spi.o
    0x08003590   0x08003590   0x00000030   Code   RO          320    i.HAL_SPI_MspDeInit  spi.o
    0x080035c0   0x080035c0   0x00000084   Code   RO          321    i.HAL_SPI_MspInit   spi.o
    0x08003644   0x08003644   0x00000182   Code   RO         2327    i.HAL_SPI_Receive   stm32f1xx_hal_spi.o
    0x080037c6   0x080037c6   0x000001be   Code   RO         2332    i.HAL_SPI_Transmit  stm32f1xx_hal_spi.o
    0x08003984   0x08003984   0x00000248   Code   RO         2333    i.HAL_SPI_TransmitReceive  stm32f1xx_hal_spi.o
    0x08003bcc   0x08003bcc   0x00000034   Code   RO         1521    i.HAL_SYSTICK_Config  stm32f1xx_hal_cortex.o
    0x08003c00   0x08003c00   0x00000128   Code   RO         2644    i.HAL_UARTEx_ReceiveToIdle  stm32f1xx_hal_uart.o
    0x08003d28   0x08003d28   0x00000076   Code   RO         2665    i.HAL_UART_Init     stm32f1xx_hal_uart.o
    0x08003d9e   0x08003d9e   0x00000002   PAD
    0x08003da0   0x08003da0   0x00000160   Code   RO          363    i.HAL_UART_MspInit  usart.o
    0x08003f00   0x08003f00   0x000000c2   Code   RO         2668    i.HAL_UART_Receive  stm32f1xx_hal_uart.o
    0x08003fc2   0x08003fc2   0x000000be   Code   RO         2673    i.HAL_UART_Transmit  stm32f1xx_hal_uart.o
    0x08004080   0x08004080   0x00000004   Code   RO          418    i.HardFault_Handler  stm32f1xx_it.o
    0x08004084   0x08004084   0x0000003e   Code   RO          606    i.I2C_IsAcknowledgeFailed  stm32f1xx_hal_i2c.o
    0x080040c2   0x080040c2   0x00000002   PAD
    0x080040c4   0x080040c4   0x00000160   Code   RO          617    i.I2C_RequestMemoryRead  stm32f1xx_hal_i2c.o
    0x08004224   0x08004224   0x000000e0   Code   RO          618    i.I2C_RequestMemoryWrite  stm32f1xx_hal_i2c.o
    0x08004304   0x08004304   0x00000066   Code   RO          626    i.I2C_WaitOnBTFFlagUntilTimeout  stm32f1xx_hal_i2c.o
    0x0800436a   0x0800436a   0x000000be   Code   RO          627    i.I2C_WaitOnFlagUntilTimeout  stm32f1xx_hal_i2c.o
    0x08004428   0x08004428   0x000000fa   Code   RO          628    i.I2C_WaitOnMasterAddressFlagUntilTimeout  stm32f1xx_hal_i2c.o
    0x08004522   0x08004522   0x0000008a   Code   RO          629    i.I2C_WaitOnRXNEFlagUntilTimeout  stm32f1xx_hal_i2c.o
    0x080045ac   0x080045ac   0x00000066   Code   RO          632    i.I2C_WaitOnTXEFlagUntilTimeout  stm32f1xx_hal_i2c.o
    0x08004612   0x08004612   0x00000002   PAD
    0x08004614   0x08004614   0x00000014   Code   RO         3799    i.Int_AT6558R_Enter_Low_Power  int_at6558r.o
    0x08004628   0x08004628   0x00000018   Code   RO         3800    i.Int_AT6558R_Exit_Low_Power  int_at6558r.o
    0x08004640   0x08004640   0x00000028   Code   RO         3801    i.Int_AT6558R_Init  int_at6558r.o
    0x08004668   0x08004668   0x00000098   Code   RO         3802    i.Int_AT6558R_Read_GPS  int_at6558r.o
    0x08004700   0x08004700   0x00000050   Code   RO         3803    i.Int_AT6558R_Send_CMD  int_at6558r.o
    0x08004750   0x08004750   0x0000003c   Code   RO         3854    i.Int_DS3553_Get_Step  int_ds3553.o
    0x0800478c   0x0800478c   0x00000022   Code   RO         3855    i.Int_DS3553_Init   int_ds3553.o
    0x080047ae   0x080047ae   0x00000002   PAD
    0x080047b0   0x080047b0   0x00000048   Code   RO         3856    i.Int_DS3553_ReadReg  int_ds3553.o
    0x080047f8   0x080047f8   0x0000004c   Code   RO         3857    i.Int_DS3553_WriteReg  int_ds3553.o
    0x08004844   0x08004844   0x00000098   Code   RO         4784    i.Int_LoRa_Enter_RX_Mode  int_lora.o
    0x080048dc   0x080048dc   0x0000004c   Code   RO         4785    i.Int_LoRa_Enter_TX_Mode  int_lora.o
    0x08004928   0x08004928   0x00000568   Code   RO         4786    i.Int_LoRa_Init     int_lora.o
    0x08004e90   0x08004e90   0x0000003c   Code   RO         4788    i.Int_LoRa_Send_Data  int_lora.o
    0x08004ecc   0x08004ecc   0x0000004c   Code   RO         3899    i.Int_QS100_Close_Client  int_qs100.o
    0x08004f18   0x08004f18   0x00000058   Code   RO         3900    i.Int_QS100_Connect_Server  int_qs100.o
    0x08004f70   0x08004f70   0x00000054   Code   RO         3901    i.Int_QS100_Create_Client  int_qs100.o
    0x08004fc4   0x08004fc4   0x0000001c   Code   RO         3902    i.Int_QS100_Enter_Low_Power  int_qs100.o
    0x08004fe0   0x08004fe0   0x00000008   Code   RO         3903    i.Int_QS100_Exit_Low_Power  int_qs100.o
    0x08004fe8   0x08004fe8   0x00000038   Code   RO         3904    i.Int_QS100_GetIP   int_qs100.o
    0x08005020   0x08005020   0x00000028   Code   RO         3905    i.Int_QS100_Init    int_qs100.o
    0x08005048   0x08005048   0x0000005c   Code   RO         3906    i.Int_QS100_Reset   int_qs100.o
    0x080050a4   0x080050a4   0x000000f0   Code   RO         3907    i.Int_QS100_SendData  int_qs100.o
    0x08005194   0x08005194   0x000000ac   Code   RO         3908    i.Int_QS100_Send_Cmd  int_qs100.o
    0x08005240   0x08005240   0x000000f4   Code   RO         3909    i.Int_QS100_Send_Data_to_Server  int_qs100.o
    0x08005334   0x08005334   0x0000002c   Code   RO         3910    i.Int_QS100_Wkup    int_qs100.o
    0x08005360   0x08005360   0x000000ec   Code   RO          212    i.MX_GPIO_Init      gpio.o
    0x0800544c   0x0800544c   0x0000003c   Code   RO          238    i.MX_I2C1_Init      i2c.o
    0x08005488   0x08005488   0x0000002c   Code   RO          280    i.MX_RTC_Init       rtc.o
    0x080054b4   0x080054b4   0x00000044   Code   RO          322    i.MX_SPI1_Init      spi.o
    0x080054f8   0x080054f8   0x00000038   Code   RO          364    i.MX_USART1_UART_Init  usart.o
    0x08005530   0x08005530   0x00000038   Code   RO          365    i.MX_USART2_UART_Init  usart.o
    0x08005568   0x08005568   0x00000038   Code   RO          366    i.MX_USART3_UART_Init  usart.o
    0x080055a0   0x080055a0   0x00000004   Code   RO          419    i.MemManage_Handler  stm32f1xx_it.o
    0x080055a4   0x080055a4   0x00000004   Code   RO          420    i.NMI_Handler       stm32f1xx_it.o
    0x080055a8   0x080055a8   0x00000002   Code   RO          421    i.PendSV_Handler    stm32f1xx_it.o
    0x080055aa   0x080055aa   0x00000002   PAD
    0x080055ac   0x080055ac   0x00000028   Code   RO         1216    i.RCC_Delay         stm32f1xx_hal_rcc.o
    0x080055d4   0x080055d4   0x00000016   Code   RO         2053    i.RTC_Bcd2ToByte    stm32f1xx_hal_rtc.o
    0x080055ea   0x080055ea   0x0000001a   Code   RO         2054    i.RTC_ByteToBcd2    stm32f1xx_hal_rtc.o
    0x08005604   0x08005604   0x000000b6   Code   RO         2055    i.RTC_DateUpdate    stm32f1xx_hal_rtc.o
    0x080056ba   0x080056ba   0x0000003a   Code   RO         2056    i.RTC_EnterInitMode  stm32f1xx_hal_rtc.o
    0x080056f4   0x080056f4   0x0000003a   Code   RO         2057    i.RTC_ExitInitMode  stm32f1xx_hal_rtc.o
    0x0800572e   0x0800572e   0x00000032   Code   RO         2058    i.RTC_IsLeapYear    stm32f1xx_hal_rtc.o
    0x08005760   0x08005760   0x00000018   Code   RO         2059    i.RTC_ReadAlarmCounter  stm32f1xx_hal_rtc.o
    0x08005778   0x08005778   0x00000034   Code   RO         2060    i.RTC_ReadTimeCounter  stm32f1xx_hal_rtc.o
    0x080057ac   0x080057ac   0x00000084   Code   RO         2061    i.RTC_WeekDayNum    stm32f1xx_hal_rtc.o
    0x08005830   0x08005830   0x0000002e   Code   RO         2062    i.RTC_WriteAlarmCounter  stm32f1xx_hal_rtc.o
    0x0800585e   0x0800585e   0x0000002e   Code   RO         2063    i.RTC_WriteTimeCounter  stm32f1xx_hal_rtc.o
    0x0800588c   0x0800588c   0x00000078   Code   RO         2361    i.SPI_EndRxTransaction  stm32f1xx_hal_spi.o
    0x08005904   0x08005904   0x00000044   Code   RO         2362    i.SPI_EndRxTxTransaction  stm32f1xx_hal_spi.o
    0x08005948   0x08005948   0x000000d8   Code   RO         2367    i.SPI_WaitFlagStateUntilTimeout  stm32f1xx_hal_spi.o
    0x08005a20   0x08005a20   0x00000002   Code   RO          422    i.SVC_Handler       stm32f1xx_it.o
    0x08005a22   0x08005a22   0x00000008   Code   RO          423    i.SysTick_Handler   stm32f1xx_it.o
    0x08005a2a   0x08005a2a   0x00000088   Code   RO           14    i.SystemClock_Config  main.o
    0x08005ab2   0x08005ab2   0x00000002   Code   RO         3009    i.SystemInit        system_stm32f1xx.o
    0x08005ab4   0x08005ab4   0x0000006c   Code   RO         2688    i.UART_EndRxTransfer  stm32f1xx_hal_uart.o
    0x08005b20   0x08005b20   0x000000fc   Code   RO         2692    i.UART_SetConfig    stm32f1xx_hal_uart.o
    0x08005c1c   0x08005c1c   0x0000008c   Code   RO         2696    i.UART_WaitOnFlagUntilTimeout  stm32f1xx_hal_uart.o
    0x08005ca8   0x08005ca8   0x00000004   Code   RO          424    i.UsageFault_Handler  stm32f1xx_it.o
    0x08005cac   0x08005cac   0x00000028   Code   RO         5201    i.__0sprintf        mc_w.l(printfa.o)
    0x08005cd4   0x08005cd4   0x00000010   Code   RO         5203    i.__0vprintf        mc_w.l(printfa.o)
    0x08005ce4   0x08005ce4   0x00000026   Code   RO         5293    i.__ARM_fpclassifyf  m_ws.l(fpclassifyf.o)
    0x08005d0a   0x08005d0a   0x00000002   PAD
    0x08005d0c   0x08005d0c   0x00000010   Code   RO         1523    i.__NVIC_GetPriorityGrouping  stm32f1xx_hal_cortex.o
    0x08005d1c   0x08005d1c   0x00000028   Code   RO         1524    i.__NVIC_SetPriority  stm32f1xx_hal_cortex.o
    0x08005d44   0x08005d44   0x0000005c   Code   RO         5231    i.__free$realloc    mc_w.l(mallocr.o)
    0x08005da0   0x08005da0   0x00000050   Code   RO         5232    i.__malloc$realloc  mc_w.l(mallocr.o)
    0x08005df0   0x08005df0   0x0000000a   Code   RO         5295    i.__mathlib_flt_divzero  m_ws.l(funder.o)
    0x08005dfa   0x08005dfa   0x00000004   Code   RO         5297    i.__mathlib_flt_infnan2  m_ws.l(funder.o)
    0x08005dfe   0x08005dfe   0x00000008   Code   RO         5298    i.__mathlib_flt_invalid  m_ws.l(funder.o)
    0x08005e06   0x08005e06   0x0000000a   Code   RO         5299    i.__mathlib_flt_overflow  m_ws.l(funder.o)
    0x08005e10   0x08005e10   0x0000000a   Code   RO         5301    i.__mathlib_flt_underflow  m_ws.l(funder.o)
    0x08005e1a   0x08005e1a   0x0000000e   Code   RO         5389    i.__scatterload_copy  mc_w.l(handlers.o)
    0x08005e28   0x08005e28   0x00000002   Code   RO         5390    i.__scatterload_null  mc_w.l(handlers.o)
    0x08005e2a   0x08005e2a   0x0000000e   Code   RO         5391    i.__scatterload_zeroinit  mc_w.l(handlers.o)
    0x08005e38   0x08005e38   0x0000000c   Code   RO         5344    i.__set_errno       mc_w.l(errno.o)
    0x08005e44   0x08005e44   0x00000184   Code   RO         5206    i._fp_digits        mc_w.l(printfa.o)
    0x08005fc8   0x08005fc8   0x0000000e   Code   RO         5263    i._is_digit         mc_w.l(scanf_fp.o)
    0x08005fd6   0x08005fd6   0x00000002   PAD
    0x08005fd8   0x08005fd8   0x000006b4   Code   RO         5207    i._printf_core      mc_w.l(printfa.o)
    0x0800668c   0x0800668c   0x00000024   Code   RO         5208    i._printf_post_padding  mc_w.l(printfa.o)
    0x080066b0   0x080066b0   0x0000002e   Code   RO         5209    i._printf_pre_padding  mc_w.l(printfa.o)
    0x080066de   0x080066de   0x0000000a   Code   RO         5211    i._sputc            mc_w.l(printfa.o)
    0x080066e8   0x080066e8   0x00000040   Code   RO         3993    i.a_llcc68_check_busy  driver_llcc68.o
    0x08006728   0x08006728   0x00000024   Code   RO         3994    i.a_llcc68_spi_read  driver_llcc68.o
    0x0800674c   0x0800674c   0x00000074   Code   RO         3995    i.a_llcc68_spi_read_buffer  driver_llcc68.o
    0x080067c0   0x080067c0   0x0000007c   Code   RO         3996    i.a_llcc68_spi_read_register  driver_llcc68.o
    0x0800683c   0x0800683c   0x00000070   Code   RO         3997    i.a_llcc68_spi_write  driver_llcc68.o
    0x080068ac   0x080068ac   0x00000078   Code   RO         3998    i.a_llcc68_spi_write_buffer  driver_llcc68.o
    0x08006924   0x08006924   0x0000007c   Code   RO         3999    i.a_llcc68_spi_write_register  driver_llcc68.o
    0x080069a0   0x080069a0   0x00000036   Code   RO         3120    i.add_item_to_array  cjson.o
    0x080069d6   0x080069d6   0x0000007a   Code   RO         3121    i.add_item_to_object  cjson.o
    0x08006a50   0x08006a50   0x0000003c   Code   RO         3132    i.cJSON_AddNumberToObject  cjson.o
    0x08006a8c   0x08006a8c   0x00000034   Code   RO         3135    i.cJSON_AddStringToObject  cjson.o
    0x08006ac0   0x08006ac0   0x00000064   Code   RO         3146    i.cJSON_CreateNumber  cjson.o
    0x08006b24   0x08006b24   0x00000018   Code   RO         3147    i.cJSON_CreateObject  cjson.o
    0x08006b3c   0x08006b3c   0x00000034   Code   RO         3150    i.cJSON_CreateString  cjson.o
    0x08006b70   0x08006b70   0x00000060   Code   RO         3154    i.cJSON_Delete      cjson.o
    0x08006bd0   0x08006bd0   0x0000001a   Code   RO         3184    i.cJSON_New_Item    cjson.o
    0x08006bea   0x08006bea   0x00000002   PAD
    0x08006bec   0x08006bec   0x00000014   Code   RO         3192    i.cJSON_PrintUnformatted  cjson.o
    0x08006c00   0x08006c00   0x00000014   Code   RO         3200    i.cJSON_free        cjson.o
    0x08006c14   0x08006c14   0x00000038   Code   RO         3202    i.cJSON_strdup      cjson.o
    0x08006c4c   0x08006c4c   0x00000002   Code   RO         3204    i.cast_away_const   cjson.o
    0x08006c4e   0x08006c4e   0x00000002   PAD
    0x08006c50   0x08006c50   0x00000074   Code   RO         3205    i.compare_double    cjson.o
    0x08006cc4   0x08006cc4   0x000000b8   Code   RO         3207    i.ensure            cjson.o
    0x08006d7c   0x08006d7c   0x0000001c   Code   RO         3046    i.fputc             com_debug.o
    0x08006d98   0x08006d98   0x00000004   Code   RO         3209    i.get_decimal_point  cjson.o
    0x08006d9c   0x08006d9c   0x00000050   Code   RO         5233    i.internal_alloc    mc_w.l(mallocr.o)
    0x08006dec   0x08006dec   0x00000094   Code   RO         4001    i.llcc68_clear_device_errors  driver_llcc68.o
    0x08006e80   0x08006e80   0x00000094   Code   RO         4002    i.llcc68_clear_irq_status  driver_llcc68.o
    0x08006f14   0x08006f14   0x000000e8   Code   RO         4003    i.llcc68_continuous_receive  driver_llcc68.o
    0x08006ffc   0x08006ffc   0x0000011c   Code   RO         4004    i.llcc68_deinit     driver_llcc68.o
    0x08007118   0x08007118   0x0000006c   Code   RO         4006    i.llcc68_frequency_convert_to_register  driver_llcc68.o
    0x08007184   0x08007184   0x00000084   Code   RO         4020    i.llcc68_get_iq_polarity  driver_llcc68.o
    0x08007208   0x08007208   0x00000084   Code   RO         4034    i.llcc68_get_tx_clamp_config  driver_llcc68.o
    0x0800728c   0x0800728c   0x00000084   Code   RO         4035    i.llcc68_get_tx_modulation  driver_llcc68.o
    0x08007310   0x08007310   0x000003f8   Code   RO         4043    i.llcc68_init       driver_llcc68.o
    0x08007708   0x08007708   0x00000004   Code   RO         4681    i.llcc68_interface_busy_gpio_deinit  driver_llcc68_interface.o
    0x0800770c   0x0800770c   0x00000004   Code   RO         4682    i.llcc68_interface_busy_gpio_init  driver_llcc68_interface.o
    0x08007710   0x08007710   0x00000018   Code   RO         4683    i.llcc68_interface_busy_gpio_read  driver_llcc68_interface.o
    0x08007728   0x08007728   0x0000001a   Code   RO         4684    i.llcc68_interface_debug_print  driver_llcc68_interface.o
    0x08007742   0x08007742   0x0000000c   Code   RO         4685    i.llcc68_interface_delay_ms  driver_llcc68_interface.o
    0x0800774e   0x0800774e   0x00000002   PAD
    0x08007750   0x08007750   0x000001c8   Code   RO         4686    i.llcc68_interface_receive_callback  driver_llcc68_interface.o
    0x08007918   0x08007918   0x00000004   Code   RO         4687    i.llcc68_interface_reset_gpio_deinit  driver_llcc68_interface.o
    0x0800791c   0x0800791c   0x00000004   Code   RO         4688    i.llcc68_interface_reset_gpio_init  driver_llcc68_interface.o
    0x08007920   0x08007920   0x00000024   Code   RO         4689    i.llcc68_interface_reset_gpio_write  driver_llcc68_interface.o
    0x08007944   0x08007944   0x00000018   Code   RO         4690    i.llcc68_interface_spi_deinit  driver_llcc68_interface.o
    0x0800795c   0x0800795c   0x00000004   Code   RO         4691    i.llcc68_interface_spi_init  driver_llcc68_interface.o
    0x08007960   0x08007960   0x00000080   Code   RO         4692    i.llcc68_interface_spi_write_read  driver_llcc68_interface.o
    0x080079e0   0x080079e0   0x000002e4   Code   RO         4044    i.llcc68_irq_handler  driver_llcc68.o
    0x08007cc4   0x08007cc4   0x000003d4   Code   RO         4046    i.llcc68_lora_transmit  driver_llcc68.o
    0x08008098   0x08008098   0x000000b4   Code   RO         4049    i.llcc68_reset_stats  driver_llcc68.o
    0x0800814c   0x0800814c   0x00000098   Code   RO         4050    i.llcc68_set_buffer_base_address  driver_llcc68.o
    0x080081e4   0x080081e4   0x000000cc   Code   RO         4059    i.llcc68_set_dio_irq_params  driver_llcc68.o
    0x080082b0   0x080082b0   0x00000084   Code   RO         4071    i.llcc68_set_iq_polarity  driver_llcc68.o
    0x08008334   0x08008334   0x000000ac   Code   RO         4072    i.llcc68_set_lora_modulation_params  driver_llcc68.o
    0x080083e0   0x080083e0   0x000000b8   Code   RO         4073    i.llcc68_set_lora_packet_params  driver_llcc68.o
    0x08008498   0x08008498   0x00000090   Code   RO         4074    i.llcc68_set_lora_symb_num_timeout  driver_llcc68.o
    0x08008528   0x08008528   0x00000090   Code   RO         4075    i.llcc68_set_lora_sync_word  driver_llcc68.o
    0x080085b8   0x080085b8   0x00000084   Code   RO         4076    i.llcc68_set_ocp    driver_llcc68.o
    0x0800863c   0x0800863c   0x00000098   Code   RO         4077    i.llcc68_set_pa_config  driver_llcc68.o
    0x080086d4   0x080086d4   0x00000088   Code   RO         4078    i.llcc68_set_packet_type  driver_llcc68.o
    0x0800875c   0x0800875c   0x00000088   Code   RO         4081    i.llcc68_set_regulator_mode  driver_llcc68.o
    0x080087e4   0x080087e4   0x000000a0   Code   RO         4082    i.llcc68_set_rf_frequency  driver_llcc68.o
    0x08008884   0x08008884   0x00000084   Code   RO         4086    i.llcc68_set_rx_gain  driver_llcc68.o
    0x08008908   0x08008908   0x00000090   Code   RO         4087    i.llcc68_set_rx_tx_fallback_mode  driver_llcc68.o
    0x08008998   0x08008998   0x00000084   Code   RO         4089    i.llcc68_set_standby  driver_llcc68.o
    0x08008a1c   0x08008a1c   0x00000090   Code   RO         4090    i.llcc68_set_stop_timer_on_preamble  driver_llcc68.o
    0x08008aac   0x08008aac   0x00000084   Code   RO         4092    i.llcc68_set_tx_clamp_config  driver_llcc68.o
    0x08008b30   0x08008b30   0x00000084   Code   RO         4095    i.llcc68_set_tx_modulation  driver_llcc68.o
    0x08008bb4   0x08008bb4   0x00000090   Code   RO         4096    i.llcc68_set_tx_params  driver_llcc68.o
    0x08008c44   0x08008c44   0x00000046   Code   RO           15    i.main              main.o
    0x08008c8a   0x08008c8a   0x00000002   PAD
    0x08008c8c   0x08008c8c   0x00000620   Code   RO         4921    i.powf              m_ws.l(powf.o)
    0x080092ac   0x080092ac   0x000000bc   Code   RO         3218    i.print             cjson.o
    0x08009368   0x08009368   0x000000b2   Code   RO         3219    i.print_array       cjson.o
    0x0800941a   0x0800941a   0x00000002   PAD
    0x0800941c   0x0800941c   0x00000154   Code   RO         3220    i.print_number      cjson.o
    0x08009570   0x08009570   0x00000174   Code   RO         3221    i.print_object      cjson.o
    0x080096e4   0x080096e4   0x00000010   Code   RO         3222    i.print_string      cjson.o
    0x080096f4   0x080096f4   0x00000174   Code   RO         3223    i.print_string_ptr  cjson.o
    0x08009868   0x08009868   0x00000104   Code   RO         3224    i.print_value       cjson.o
    0x0800996c   0x0800996c   0x0000006c   Code   RO         5234    i.realloc           mc_w.l(mallocr.o)
    0x080099d8   0x080099d8   0x00000006   Code   RO         3229    i.suffix_object     cjson.o
    0x080099de   0x080099de   0x00000024   Code   RO         3230    i.update_offset     cjson.o
    0x08009a02   0x08009a02   0x00000012   Data   RO         1217    .constdata          stm32f1xx_hal_rcc.o
    0x08009a14   0x08009a14   0x00000012   Data   RO         1313    .constdata          stm32f1xx_hal_rcc_ex.o
    0x08009a26   0x08009a26   0x00000018   Data   RO         3010    .constdata          system_stm32f1xx.o
    0x08009a3e   0x08009a3e   0x00000002   PAD
    0x08009a40   0x08009a40   0x00000140   Data   RO         4922    .constdata          m_ws.l(powf.o)
    0x08009b80   0x08009b80   0x0000000c   Data   RO         4946    .constdata          mc_w.l(mktime.o)
    0x08009b8c   0x08009b8c   0x0000000c   Data   RO         5338    .constdata          mc_w.l(localtime_i.o)
    0x08009b98   0x08009b98   0x00000040   Data   RO         5385    .constdata          mc_w.l(ctype_c.o)
    0x08009bd8   0x08009bd8   0x00000020   Data   RO         5387    Region$$Table       anon$$obj.o


    Execution Region RW_IRAM1 (Exec base: 0x20000000, Load base: 0x08009bf8, Size: 0x00001ee0, Max: 0x00005000, ABSOLUTE, COMPRESSED[0x00000040])

    Exec Addr    Load Addr    Size         Type   Attr      Idx    E Section Name        Object

    0x20000000   COMPRESSED   0x00000009   Data   RW         1053    .data               stm32f1xx_hal.o
    0x20000009   COMPRESSED   0x00000003   PAD
    0x2000000c   COMPRESSED   0x00000004   Data   RW         3011    .data               system_stm32f1xx.o
    0x20000010   COMPRESSED   0x00000014   Data   RW         3233    .data               cjson.o
    0x20000024   COMPRESSED   0x00000004   Data   RW         3805    .data               int_at6558r.o
    0x20000028   COMPRESSED   0x00000004   Data   RW         3912    .data               int_qs100.o
    0x2000002c   COMPRESSED   0x000002b8   Data   RW         4789    .data               int_lora.o
    0x200002e4   COMPRESSED   0x00000004   Data   RW         5325    .data               mc_w.l(stdout.o)
    0x200002e8   COMPRESSED   0x00000004   Data   RW         5340    .data               mc_w.l(mvars.o)
    0x200002ec   COMPRESSED   0x00000004   Data   RW         5341    .data               mc_w.l(mvars.o)
    0x200002f0   COMPRESSED   0x00000004   Data   RW         5345    .data               mc_w.l(errno.o)
    0x200002f4        -       0x00000054   Zero   RW          239    .bss                i2c.o
    0x20000348        -       0x00000014   Zero   RW          281    .bss                rtc.o
    0x2000035c        -       0x00000058   Zero   RW          323    .bss                spi.o
    0x200003b4        -       0x000000d8   Zero   RW          367    .bss                usart.o
    0x2000048c        -       0x00000440   Zero   RW         3804    .bss                int_at6558r.o
    0x200008cc        -       0x00000380   Zero   RW         3911    .bss                int_qs100.o
    0x20000c4c   COMPRESSED   0x00000004   PAD
    0x20000c50        -       0x00000260   Zero   RW         4879    .bss                app_location.o
    0x20000eb0        -       0x0000002c   Zero   RW         5335    .bss                mc_w.l(localtime_w.o)
    0x20000edc   COMPRESSED   0x00000004   PAD
    0x20000ee0        -       0x00000800   Zero   RW            2    HEAP                startup_stm32f103xb.o
    0x200016e0        -       0x00000800   Zero   RW            1    STACK               startup_stm32f103xb.o


==============================================================================

Image component sizes


      Code (inc. data)   RO Data    RW Data    ZI Data      Debug   Object Name

       936        204          0          0        608       2957   app_location.o
       112          8          0          0          0        975   app_low_power.o
      2756        124          0         20          0      25059   cjson.o
        28          6          0          0          0        492   com_debug.o
       218         54          0          0          0       1958   com_tool.o
      7736       3024          0          0          0      40444   driver_llcc68.o
       726        326          0          0          0       8035   driver_llcc68_interface.o
       236         12          0          0          0        927   gpio.o
       176         24          0          0         84       1509   i2c.o
       316         82          0          4       1088       3229   int_at6558r.o
       242         16          0          0          0       2451   int_ds3553.o
      1672        832          0        696          0       3155   int_lora.o
      1172        312          0          4        896       7929   int_qs100.o
       212          0          0          0          0     419820   main.o
       108         22          0          0         20       1391   rtc.o
       248         34          0          0         88       2029   spi.o
        36          8        236          0       4096        780   startup_stm32f103xb.o
       228         54          0          9          0       7142   stm32f1xx_hal.o
       272         22          0          0          0      28598   stm32f1xx_hal_cortex.o
      1136         58          0          0          0       4121   stm32f1xx_hal_gpio.o
      3124         50          0          0          0      11302   stm32f1xx_hal_i2c.o
        84          8          0          0          0        846   stm32f1xx_hal_msp.o
        52         12          0          0          0        990   stm32f1xx_hal_pwr.o
      1748         98         18          0          0       5772   stm32f1xx_hal_rcc.o
       556         34         18          0          0       2297   stm32f1xx_hal_rcc_ex.o
      1424          8          0          0          0      10701   stm32f1xx_hal_rtc.o
      2064          6          0          0          0       7907   stm32f1xx_hal_spi.o
      1298          4          0          0          0       6414   stm32f1xx_hal_uart.o
        34          0          0          0          0       3698   stm32f1xx_it.o
         2          0         24          4          0       1047   system_stm32f1xx.o
       520         54          0          0        216       2768   usart.o

    ----------------------------------------------------------------------
     29494       5496        330        740       7100     616743   Object Totals
         0          0         32          0          0          0   (incl. Generated)
        22          0          2          3          4          0   (incl. Padding)

    ----------------------------------------------------------------------

      Code (inc. data)   RO Data    RW Data    ZI Data      Debug   Library Member Name

        38          0          0          0          0         68   fpclassifyf.o
        42          0          0          0          0        340   funder.o
      1568         80        320          0          0        224   powf.o
        56          8          0          0          0         84   __0sscanf.o
        86          0          0          0          0          0   __dczerorl2.o
        28          0          0          0          0         68   _chval.o
       816          6          0          0          0        112   _scanf.o
       332          0          0          0          0         96   _scanf_int.o
       224          0          0          0          0         96   _scanf_str.o
        64          0          0          0          0         84   _sgetc.o
        40          6         64          0          0         68   ctype_c.o
         0          0          0          0          0          0   entry.o
         0          0          0          0          0          0   entry10a.o
         0          0          0          0          0          0   entry11a.o
         4          0          0          0          0          0   entry12b.o
         8          4          0          0          0          0   entry2.o
         4          0          0          0          0          0   entry5.o
         0          0          0          0          0          0   entry7b.o
         0          0          0          0          0          0   entry8b.o
         8          4          0          0          0          0   entry9a.o
        12          6          0          4          0         68   errno.o
        30          0          0          0          0          0   handlers.o
        36          8          0          0          0         68   init.o
        10          0          0          0          0         68   isspace_c.o
         0          0          0          0          0          0   iusefp.o
        30          0          0          0          0         68   llshl.o
        36          0          0          0          0         68   llsshr.o
        32          0          0          0          0         68   llushr.o
       140          6         12          0          0         76   localtime_i.o
        12          6          0          0         44         68   localtime_w.o
       360         30          0          0          0        356   mallocr.o
        36          0          0          0          0         68   memcpya.o
        36          0          0          0          0        108   memseta.o
       168         18         12          0          0         80   mktime.o
         0          0          0          8          0          0   mvars.o
      2252         94          0          0          0        600   printfa.o
        40          8          0          0          0         84   scanf_char.o
       878         12          0          0          0        216   scanf_fp.o
         0          0          0          4          0          0   stdout.o
        18          0          0          0          0         68   strcpy.o
        14          0          0          0          0         68   strlen.o
        36          0          0          0          0         80   strstr.o
        44          0          0          0          0         80   uidiv.o
        98          0          0          0          0         92   uldiv.o
        48          0          0          0          0         68   cdcmple.o
        48          0          0          0          0         68   cdrcmple.o
        56          0          0          0          0         88   d2f.o
       334          0          0          0          0        148   dadd.o
       222          0          0          0          0        100   ddiv.o
       186          0          0          0          0        176   depilogue.o
        62          0          0          0          0         80   dfixi.o
        50          0          0          0          0         76   dfixui.o
        48          0          0          0          0         68   dfixul.o
        34          0          0          0          0         76   dflti.o
        26          0          0          0          0         76   dfltui.o
        24          0          0          0          0         76   dfltul.o
       228          0          0          0          0         96   dmul.o
       176          0          0          0          0        140   fadd.o
       124          0          0          0          0         88   fdiv.o
       110          0          0          0          0        168   fepilogue.o
        76          0          0          0          0         76   ffixir.o
        40          0          0          0          0         68   ffixui.o
        18          0          0          0          0         68   fflti.o
        10          0          0          0          0         68   ffltui.o
       100          0          0          0          0         76   fmul.o
         4          0          0          0          0         68   fpstat.o
        24          0          0          0          0         68   fscalb.o

    ----------------------------------------------------------------------
      9696        296        408         16         48       5776   Library Totals
        12          0          0          0          4          0   (incl. Padding)

    ----------------------------------------------------------------------

      Code (inc. data)   RO Data    RW Data    ZI Data      Debug   Library Name

      1648         80        320          0          0        632   m_ws.l
      5988        216         88         16         44       3060   mc_w.l
      2048          0          0          0          0       2084   mf_w.l

    ----------------------------------------------------------------------
      9696        296        408         16         48       5776   Library Totals

    ----------------------------------------------------------------------

==============================================================================


      Code (inc. data)   RO Data    RW Data    ZI Data      Debug   

     39190       5792        738        756       7148     609023   Grand Totals
     39190       5792        738         64       7148     609023   ELF Image Totals (compressed)
     39190       5792        738         64          0          0   ROM Totals

==============================================================================

    Total RO  Size (Code + RO Data)                39928 (  38.99kB)
    Total RW  Size (RW Data + ZI Data)              7904 (   7.72kB)
    Total ROM Size (Code + RO Data + RW Data)      39992 (  39.05kB)

==============================================================================

