<html>
<body>
<pre>
<h1>µVision Build Log</h1>
<h2>Tool Versions:</h2>
IDE-Version: ¦ÌVision V5.38.0.0
Copyright (C) 2022 ARM Ltd and ARM Germany GmbH. All rights reserved.
License Information: x x, x, LIC=X96CK-ZRV3T-636MB-2UDGE-0JQCI-JC656
 
Tool Versions:
Toolchain:       MDK-ARM Plus  Version: 5.38.0.0
Toolchain Path:  C:\Keil_v5\ARM\ARMCC\Bin
C Compiler:      Armcc.exe V5.06 update 7 (build 960)
Assembler:       Armasm.exe V5.06 update 7 (build 960)
Linker/Locator:  ArmLink.exe V5.06 update 7 (build 960)
Library Manager: ArmAr.exe V5.06 update 7 (build 960)
Hex Converter:   FromElf.exe V5.06 update 7 (build 960)
CPU DLL:         SARMCM3.DLL V5.38.0.0
Dialog DLL:      DCM.DLL V1.17.5.0
Target DLL:      STLink\ST-LINKIII-KEIL_SWO.dll V3.1.0.0
Dialog DLL:      TCM.DLL V1.56.4.0
 
<h2>Project:</h2>
d:\atguigu\P01_location_hal\MDK-ARM\P01_location_hal.uvprojx
Project File Date:  01/09/2026

<h2>Output:</h2>
*** Using Compiler 'V5.06 update 7 (build 960)', folder: 'C:\Keil_v5\ARM\ARMCC\Bin'
Rebuild target 'P01_location_hal'
assembling startup_stm32f103xb.s...
compiling stm32f1xx_hal_msp.c...
compiling stm32f1xx_it.c...
compiling gpio.c...
compiling i2c.c...
compiling usart.c...
compiling spi.c...
compiling tim.c...
compiling main.c...
compiling stm32f1xx_hal_gpio_ex.c...
compiling stm32f1xx_hal.c...
compiling stm32f1xx_hal_rcc_ex.c...
compiling stm32f1xx_hal_rcc.c...
compiling stm32f1xx_hal_i2c.c...
compiling stm32f1xx_hal_dma.c...
compiling stm32f1xx_hal_flash.c...
compiling stm32f1xx_hal_pwr.c...
compiling stm32f1xx_hal_exti.c...
compiling system_stm32f1xx.c...
compiling stm32f1xx_hal_cortex.c...
compiling stm32f1xx_hal_gpio.c...
compiling stm32f1xx_hal_flash_ex.c...
compiling stm32f1xx_hal_spi.c...
compiling Com_Filter.c...
compiling Com_debug.c...
compiling cJSON.c...
common\cJSON.c(2014): warning:  #2803-D: unrecognized GCC pragma
      #pragma GCC diagnostic push
common\cJSON.c(2017): warning:  #2803-D: unrecognized GCC pragma
  #pragma GCC diagnostic ignored "-Wcast-qual"
common\cJSON.c(2025): warning:  #2803-D: unrecognized GCC pragma
      #pragma GCC diagnostic pop
common\cJSON.c: 3 warnings, 0 errors
compiling stm32f1xx_hal_uart.c...
compiling stm32f1xx_hal_tim_ex.c...
compiling driver_llcc68.c...
compiling stm32f1xx_hal_tim.c...
compiling Int_buzzer.c...
compiling Int_qs100.c...
compiling driver_llcc68_interface.c...
compiling Int_mpu6050.c...
compiling Int_led.c...
compiling Int_AT6558R.c...
compiling Int_step.c...
compiling App_upload_data.c...
compiling App_warning.c...
compiling Int_llcc68.c...
linking...
Program Size: Code=43490 RO-data=950 RW-data=84 ZI-data=9100  
FromELF: creating hex file...
"P01_location_hal\P01_location_hal.axf" - 0 Error(s), 3 Warning(s).

<h2>Software Packages used:</h2>

Package Vendor: ARM
                http://www.keil.com/pack/ARM.CMSIS.5.9.0.pack
                ARM.CMSIS.5.9.0
                CMSIS (Common Microcontroller Software Interface Standard)
   * Component: CORE Version: 5.6.0

Package Vendor: Keil
                https://www.keil.com/pack/Keil.STM32F1xx_DFP.2.4.1.pack
                Keil.STM32F1xx_DFP.2.4.1
                STMicroelectronics STM32F1 Series Device Support, Drivers and Examples

<h2>Collection of Component include folders:</h2>
  ./RTE/_P01_location_hal
  C:/Users/merge/AppData/Local/Arm/Packs/ARM/CMSIS/5.9.0/CMSIS/Core/Include
  C:/Users/merge/AppData/Local/Arm/Packs/Keil/STM32F1xx_DFP/2.4.1/Device/Include

<h2>Collection of Component Files used:</h2>

   * Component: ARM::CMSIS:CORE:5.6.0
      Include file:  CMSIS/Core/Include/tz_context.h
Build Time Elapsed:  00:00:05
</pre>
</body>
</html>
